Archive member included to satisfy reference by file (symbol)

core/libreactor-c.a(tag.c.o)  CMakeFiles/ToolsLEDSolution.dir/lib/schedule.c.o (lf_time_add)
core/libreactor-c.a(clock.c.o)
                              core/libreactor-c.a(tag.c.o) (lf_clock_gettime)
core/libreactor-c.a(reactor_common.c.o)
                              CMakeFiles/ToolsLEDSolution.dir/ToolsLEDSolution.c.o (lf_allocate)
core/libreactor-c.a(lf_token.c.o)
                              CMakeFiles/ToolsLEDSolution.dir/lib/schedule.c.o (_lf_initialize_token_with_value)
core/libreactor-c.a(environment.c.o)
                              core/libreactor-c.a(reactor_common.c.o) (environment_free)
core/libreactor-c.a(reactor.c.o)
                              CMakeFiles/ToolsLEDSolution.dir/_toolsledsolution_main.c.o (lf_set_present)
core/libreactor-c.a(vector.c.o)
                              core/libreactor-c.a(reactor_common.c.o) (vector_at)
core/libreactor-c.a(pqueue_base.c.o)
                              core/libreactor-c.a(environment.c.o) (pqueue_init)
core/libreactor-c.a(pqueue_tag.c.o)
                              core/libreactor-c.a(environment.c.o) (pqueue_tag_compare)
core/libreactor-c.a(pqueue.c.o)
                              core/libreactor-c.a(environment.c.o) (in_reverse_order)
core/libreactor-c.a(util.c.o)
                              core/libreactor-c.a(pqueue_tag.c.o) (lf_print)
core/libreactor-c.a(hashset.c.o)
                              core/libreactor-c.a(lf_token.c.o) (hashset_num_items)
core/libreactor-c.a(hashset_itr.c.o)
                              core/libreactor-c.a(lf_token.c.o) (hashset_iterator)
core/liblf-low-level-platform-impl.a(lf_rp2040_support.c.o)
                              core/libreactor-c.a(reactor.c.o) (_lf_initialize_clock)
core/liblf-low-level-platform-impl.a(lf_atomic_irq.c.o)
                              core/libreactor-c.a(reactor_common.c.o) (lf_atomic_fetch_add)
/Applications/ArmGNUToolchain/15.2.rel1/arm-none-eabi/bin/../lib/gcc/arm-none-eabi/15.2.1/thumb/v6-m/nofp/libgcc.a(_dvmd_tls.o)
                              CMakeFiles/ToolsLEDSolution.dir/Users/kyankotschevar-smead/Desktop/Projects/Embedded-Systems/pico-sdk/src/rp2_common/pico_divider/divider_hardware.S.o (__aeabi_idiv0)
/Applications/ArmGNUToolchain/15.2.rel1/arm-none-eabi/bin/../lib/gcc/arm-none-eabi/15.2.1/../../../../arm-none-eabi/lib/thumb/v6-m/nofp/libg.a(libc_a-atexit.o)
                              core/libreactor-c.a(reactor.c.o) (atexit)
/Applications/ArmGNUToolchain/15.2.rel1/arm-none-eabi/bin/../lib/gcc/arm-none-eabi/15.2.1/../../../../arm-none-eabi/lib/thumb/v6-m/nofp/libg.a(libc_a-atoi.o)
                              core/libreactor-c.a(reactor_common.c.o) (atoi)
/Applications/ArmGNUToolchain/15.2.rel1/arm-none-eabi/bin/../lib/gcc/arm-none-eabi/15.2.1/../../../../arm-none-eabi/lib/thumb/v6-m/nofp/libg.a(libc_a-calloc.o)
                              CMakeFiles/ToolsLEDSolution.dir/Users/kyankotschevar-smead/Desktop/Projects/Embedded-Systems/pico-sdk/src/rp2_common/pico_malloc/malloc.c.o (calloc)
/Applications/ArmGNUToolchain/15.2.rel1/arm-none-eabi/bin/../lib/gcc/arm-none-eabi/15.2.1/../../../../arm-none-eabi/lib/thumb/v6-m/nofp/libg.a(libc_a-callocr.o)
                              /Applications/ArmGNUToolchain/15.2.rel1/arm-none-eabi/bin/../lib/gcc/arm-none-eabi/15.2.1/../../../../arm-none-eabi/lib/thumb/v6-m/nofp/libg.a(libc_a-calloc.o) (_calloc_r)
/Applications/ArmGNUToolchain/15.2.rel1/arm-none-eabi/bin/../lib/gcc/arm-none-eabi/15.2.1/../../../../arm-none-eabi/lib/thumb/v6-m/nofp/libg.a(libc_a-malloc.o)
                              CMakeFiles/ToolsLEDSolution.dir/Users/kyankotschevar-smead/Desktop/Projects/Embedded-Systems/pico-sdk/src/rp2_common/pico_malloc/malloc.c.o (malloc)
/Applications/ArmGNUToolchain/15.2.rel1/arm-none-eabi/bin/../lib/gcc/arm-none-eabi/15.2.1/../../../../arm-none-eabi/lib/thumb/v6-m/nofp/libg.a(libc_a-mallocr.o)
                              /Applications/ArmGNUToolchain/15.2.rel1/arm-none-eabi/bin/../lib/gcc/arm-none-eabi/15.2.1/../../../../arm-none-eabi/lib/thumb/v6-m/nofp/libg.a(libc_a-callocr.o) (_malloc_r)
/Applications/ArmGNUToolchain/15.2.rel1/arm-none-eabi/bin/../lib/gcc/arm-none-eabi/15.2.1/../../../../arm-none-eabi/lib/thumb/v6-m/nofp/libg.a(libc_a-vfprintf.o)
                              core/libreactor-c.a(util.c.o) (vfprintf)
/Applications/ArmGNUToolchain/15.2.rel1/arm-none-eabi/bin/../lib/gcc/arm-none-eabi/15.2.1/../../../../arm-none-eabi/lib/thumb/v6-m/nofp/libg.a(libc_a-mlock.o)
                              /Applications/ArmGNUToolchain/15.2.rel1/arm-none-eabi/bin/../lib/gcc/arm-none-eabi/15.2.1/../../../../arm-none-eabi/lib/thumb/v6-m/nofp/libg.a(libc_a-mallocr.o) (__malloc_lock)
/Applications/ArmGNUToolchain/15.2.rel1/arm-none-eabi/bin/../lib/gcc/arm-none-eabi/15.2.1/../../../../arm-none-eabi/lib/thumb/v6-m/nofp/libg.a(libc_a-realloc.o)
[...]
Memory Configuration

Name             Origin             Length             Attributes
FLASH            0x10000000         0x00200000         xr
RAM              0x20000000         0x00040000         xrw
SCRATCH_X        0x20040000         0x00001000         xrw
SCRATCH_Y        0x20041000         0x00001000         xrw
*default*        0x00000000         0xffffffff

Linker script and memory map

LOAD /Applications/ArmGNUToolchain/15.2.rel1/arm-none-eabi/bin/../lib/gcc/arm-none-eabi/15.2.1/thumb/v6-m/nofp/crti.o
LOAD /Applications/ArmGNUToolchain/15.2.rel1/arm-none-eabi/bin/../lib/gcc/arm-none-eabi/15.2.1/thumb/v6-m/nofp/crtbegin.o
LOAD /Applications/ArmGNUToolchain/15.2.rel1/arm-none-eabi/bin/../lib/gcc/arm-none-eabi/15.2.1/../../../../arm-none-eabi/lib/thumb/v6-m/nofp/crt0.o

.flash_begin    0x10000000        0x0
                0x10000000                        __flash_binary_start = .

.boot2          0x10000000      0x100
                0x10000000                        __boot2_start__ = .
 *(.boot2)
 .boot2         0x10000000      0x100 pico-sdk/src/rp2040/boot_stage2/CMakeFiles/bs2_default_library.dir/bs2_default_padded_checksummed.S.o
                0x10000100                        __boot2_end__ = .
                0x00000001                        ASSERT (((__boot2_end__ - __boot2_start__) == 0x100), ERROR: Pico second stage bootloader must be 256 bytes in size)

.text           0x10000100     0xffd0
                0x10000100                        __logical_binary_start = .
 *(.vectors)
 .vectors       0x10000100       0xd4 CMakeFiles/ToolsLEDSolution.dir/Users/kyankotschevar-smead/Desktop/Projects/Embedded-Systems/pico-sdk/src/rp2_common/pico_crt0/crt0.S.o
                0x10000100                __VECTOR_TABLE
                0x10000100                __vectors
                0x100001c0                isr_irq13
                0x100001c0                isr_irq27
                0x100001c0                isr_irq31
                0x100001c0                isr_irq5
                0x100001c0                isr_irq11
                0x100001c0                isr_irq23
                0x100001c0                isr_irq18
                0x100001c0                isr_irq9
                0x100001c0                __unhandled_user_irq
                0x100001c0                isr_irq25
                0x100001c0                isr_irq4
                0x100001c0                isr_irq16
                0x100001c0                isr_irq29
                0x100001c0                isr_irq26
                0x100001c0                isr_irq3
                0x100001c0                isr_irq12
                0x100001c0                isr_irq30
                0x100001c0                isr_irq28
                0x100001c0                isr_irq19
                0x100001c0                isr_irq0
                0x100001c0                isr_irq6
                0x100001c0                isr_irq22
                0x100001c0                isr_irq17
                0x100001c0                isr_irq14
                0x100001c0                __vectors_end
                0x100001c0                __default_isrs_start
                0x100001c0                isr_irq2
                0x100001c0                isr_irq10
                0x100001c0                isr_irq8
                0x100001c0                isr_irq24
                0x100001c0                isr_irq1
                0x100001c0                isr_irq7
                0x100001c0                isr_irq21
                0x100001c0                isr_irq20
                0x100001c0                isr_irq15
                0x100001c6                unhandled_user_irq_num_in_r0
                0x100001c8                isr_invalid
                0x100001ca                isr_nmi
                0x100001cc                isr_hardfault
                0x100001ce                isr_svcall
                0x100001d0                isr_pendsv
                0x100001d2                isr_systick
                0x100001d4                __default_isrs_end
 *(.binary_info_header)
 .binary_info_header
                0x100001d4       0x14 CMakeFiles/ToolsLEDSolution.dir/Users/kyankotschevar-smead/Desktop/Projects/Embedded-Systems/pico-sdk/src/rp2_common/pico_crt0/crt0.S.o
                0x100001e8                        __binary_info_header_end = .
 *(.embedded_block)
                0x100001e8                        __embedded_block_end = .
 *(.reset)
 .reset         0x100001e8       0x9c CMakeFiles/ToolsLEDSolution.dir/Users/kyankotschevar-smead/Desktop/Projects/Embedded-Systems/pico-sdk/src/rp2_common/pico_crt0/crt0.S.o
                0x100001e8                _entry_point
 *(.init)
 .init          0x10000284        0x4 /Applications/ArmGNUToolchain/15.2.rel1/arm-none-eabi/bin/../lib/gcc/arm-none-eabi/15.2.1/thumb/v6-m/nofp/crti.o
                0x10000284                _init
 *(EXCLUDE_FILE(*libm.a: *libc.a:*lib_a-mem*.o *libgcc.a:) .text*)
 .text.register_tm_clones
                0x10000288       0x28 /Applications/ArmGNUToolchain/15.2.rel1/arm-none-eabi/bin/../lib/gcc/arm-none-eabi/15.2.1/thumb/v6-m/nofp/crtbegin.o
 .text.frame_dummy
                0x100002b0       0x24 /Applications/ArmGNUToolchain/15.2.rel1/arm-none-eabi/bin/../lib/gcc/arm-none-eabi/15.2.1/thumb/v6-m/nofp/crtbegin.o
 .text.lf_schedule_trigger
                0x100002d4      0x300 CMakeFiles/ToolsLEDSolution.dir/lib/schedule.c.o
                0x100002d4                lf_schedule_trigger
 .text._toolsledsolution_mainreaction_function_0
                0x100005d4       0xbc CMakeFiles/ToolsLEDSolution.dir/_toolsledsolution_main.c.o
                0x100005d4                _toolsledsolution_mainreaction_function_0
 .text.new__toolsledsolution_main
                0x10000690       0x64 CMakeFiles/ToolsLEDSolution.dir/_toolsledsolution_main.c.o
                0x10000690                new__toolsledsolution_main
 .text._ledreaction_function_1
                0x100006f4       0x24 CMakeFiles/ToolsLEDSolution.dir/_led.c.o
                0x100006f4                _ledreaction_function_1
 .text._ledreaction_function_0
                0x10000718       0x14 CMakeFiles/ToolsLEDSolution.dir/_led.c.o
                0x10000718                _ledreaction_function_0
 .text.new__led
                0x1000072c       0xb4 CMakeFiles/ToolsLEDSolution.dir/_led.c.o
                0x1000072c                new__led
 .text.startup.main
                0x100007e0        0xc CMakeFiles/ToolsLEDSolution.dir/ToolsLEDSolution.c.o
                0x100007e0                main
 .text.lf_set_default_command_line_options
                0x100007ec        0x4 CMakeFiles/ToolsLEDSolution.dir/ToolsLEDSolution.c.o
                0x100007ec                lf_set_default_command_line_options
 .text.lf_create_environments
                0x100007f0       0x3c CMakeFiles/ToolsLEDSolution.dir/ToolsLEDSolution.c.o
                0x100007f0                lf_create_environments
 .text._lf_get_environments
                0x1000082c        0xc CMakeFiles/ToolsLEDSolution.dir/ToolsLEDSolution.c.o
                0x1000082c                _lf_get_environments
 .text._lf_initialize_trigger_objects
                0x10000838      0x148 CMakeFiles/ToolsLEDSolution.dir/ToolsLEDSolution.c.o
                0x10000838                _lf_initialize_trigger_objects
 .text.lf_terminate_execution
                0x10000980        0x4 CMakeFiles/ToolsLEDSolution.dir/ToolsLEDSolution.c.o
                0x10000980                lf_terminate_execution
 .text.gpio_set_function
                0x10000984       0x30 CMakeFiles/ToolsLEDSolution.dir/Users/kyankotschevar-smead/Desktop/Projects/Embedded-Systems/pico-sdk/src/rp2_common/hardware_gpio/gpio.c.o
                0x10000984                gpio_set_function
 .text.gpio_init
                0x100009b4       0x3c CMakeFiles/ToolsLEDSolution.dir/Users/kyankotschevar-smead/Desktop/Projects/Embedded-Systems/pico-sdk/src/rp2_common/hardware_gpio/gpio.c.o
                0x100009b4                gpio_init
 .text.rp2040_chip_version
                0x100009f0        0xc CMakeFiles/ToolsLEDSolution.dir/Users/kyankotschevar-smead/Desktop/Projects/Embedded-Systems/pico-sdk/src/rp2040/pico_platform/platform.c.o
                0x100009f0                rp2040_chip_version
 .text.panic    0x100009fc       0x30 CMakeFiles/ToolsLEDSolution.dir/Users/kyankotschevar-smead/Desktop/Projects/Embedded-Systems/pico-sdk/src/rp2_common/pico_platform_panic/panic.c.o
                0x100009fc                panic
 .text.hw_claim_or_assert
                0x10000a2c       0x50 CMakeFiles/ToolsLEDSolution.dir/Users/kyankotschevar-smead/Desktop/Projects/Embedded-Systems/pico-sdk/src/common/hardware_claim/claim.c.o
                0x10000a2c                hw_claim_or_assert
 .text.hw_claim_unused_from_range
                0x10000a7c       0x88 CMakeFiles/ToolsLEDSolution.dir/Users/kyankotschevar-smead/Desktop/Projects/Embedded-Systems/pico-sdk/src/common/hardware_claim/claim.c.o
                0x10000a7c                hw_claim_unused_from_range
 .text.next_striped_spin_lock_num
                0x10000b04       0x18 CMakeFiles/ToolsLEDSolution.dir/Users/kyankotschevar-smead/Desktop/Projects/Embedded-Systems/pico-sdk/src/rp2_common/hardware_sync/sync.c.o
                0x10000b04                next_striped_spin_lock_num
 .text.spin_lock_claim_unused
                0x10000b1c       0x20 CMakeFiles/ToolsLEDSolution.dir/Users/kyankotschevar-smead/Desktop/Projects/Embedded-Systems/pico-sdk/src/rp2_common/hardware_sync/sync.c.o
                0x10000b1c                spin_lock_claim_unused
 .text.spin_locks_reset
                0x10000b3c       0x1c CMakeFiles/ToolsLEDSolution.dir/Users/kyankotschevar-smead/Desktop/Projects/Embedded-Systems/pico-sdk/src/rp2_common/hardware_sync_spin_lock/sync_spin_lock.c.o
                0x10000b3c                spin_locks_reset
 .text.runtime_init_per_core_irq_priorities
                0x10000b58       0x48 CMakeFiles/ToolsLEDSolution.dir/Users/kyankotschevar-smead/Desktop/Projects/Embedded-Systems/pico-sdk/src/rp2_common/hardware_irq/irq.c.o
                0x10000b58                runtime_init_per_core_irq_priorities
 .text.irq_set_enabled
                0x10000ba0       0x24 CMakeFiles/ToolsLEDSolution.dir/Users/kyankotschevar-smead/Desktop/Projects/Embedded-Systems/pico-sdk/src/rp2_common/hardware_irq/irq.c.o
                0x10000ba0                irq_set_enabled
 .text.irq_is_enabled
                0x10000bc4       0x18 CMakeFiles/ToolsLEDSolution.dir/Users/kyankotschevar-smead/Desktop/Projects/Embedded-Systems/pico-sdk/src/rp2_common/hardware_irq/irq.c.o
                0x10000bc4                irq_is_enabled
 .text.irq_set_pending
                0x10000bdc       0x10 CMakeFiles/ToolsLEDSolution.dir/Users/kyankotschevar-smead/Desktop/Projects/Embedded-Systems/pico-sdk/src/rp2_common/hardware_irq/irq.c.o
                0x10000bdc                irq_set_pending
 .text.irq_has_shared_handler
                0x10000bec       0x20 CMakeFiles/ToolsLEDSolution.dir/Users/kyankotschevar-smead/Desktop/Projects/Embedded-Systems/pico-sdk/src/rp2_common/hardware_irq/irq.c.o
                0x10000bec                irq_has_shared_handler
 .text.irq_set_exclusive_handler
                0x10000c0c       0x54 CMakeFiles/ToolsLEDSolution.dir/Users/kyankotschevar-smead/Desktop/Projects/Embedded-Systems/pico-sdk/src/rp2_common/hardware_irq/irq.c.o
                0x10000c0c                irq_set_exclusive_handler
 .text.irq_add_shared_handler
                0x10000c60      0x1cc CMakeFiles/ToolsLEDSolution.dir/Users/kyankotschevar-smead/Desktop/Projects/Embedded-Systems/pico-sdk/src/rp2_common/hardware_irq/irq.c.o
                0x10000c60                irq_add_shared_handler
 .text.irq_remove_handler
                0x10000e2c      0x1c8 CMakeFiles/ToolsLEDSolution.dir/Users/kyankotschevar-smead/Desktop/Projects/Embedded-Systems/pico-sdk/src/rp2_common/hardware_irq/irq.c.o
                0x10000e2c                irq_remove_handler
 .text.irq_add_tail_to_free_list
                0x10000ff4       0xb4 CMakeFiles/ToolsLEDSolution.dir/Users/kyankotschevar-smead/Desktop/Projects/Embedded-Systems/pico-sdk/src/rp2_common/hardware_irq/irq.c.o
                0x10000ff4                irq_add_tail_to_free_list
 .text.user_irq_claim_unused
                0x100010a8       0x28 CMakeFiles/ToolsLEDSolution.dir/Users/kyankotschevar-smead/Desktop/Projects/Embedded-Systems/pico-sdk/src/rp2_common/hardware_irq/irq.c.o
                0x100010a8                user_irq_claim_unused
 .text.sem_init
                0x100010d0       0x20 CMakeFiles/ToolsLEDSolution.dir/Users/kyankotschevar-smead/Desktop/Projects/Embedded-Systems/pico-sdk/src/common/pico_sync/sem.c.o
                0x100010d0                sem_init
 .text.lock_init
                0x100010f0       0x10 CMakeFiles/ToolsLEDSolution.dir/Users/kyankotschevar-smead/Desktop/Projects/Embedded-Systems/pico-sdk/src/common/pico_sync/lock_core.c.o
                0x100010f0                lock_init
 .text.runtime_init_mutex
                0x10001100       0x50 CMakeFiles/ToolsLEDSolution.dir/Users/kyankotschevar-smead/Desktop/Projects/Embedded-Systems/pico-sdk/src/common/pico_sync/mutex.c.o
                0x10001100                runtime_init_mutex
 .text.mutex_init
                0x10001150       0x1c CMakeFiles/ToolsLEDSolution.dir/Users/kyankotschevar-smead/Desktop/Projects/Embedded-Systems/pico-sdk/src/common/pico_sync/mutex.c.o
                0x10001150                mutex_init
 .text.critical_section_init
                0x1000116c       0x1c CMakeFiles/ToolsLEDSolution.dir/Users/kyankotschevar-smead/Desktop/Projects/Embedded-Systems/pico-sdk/src/common/pico_sync/critical_section.c.o
                0x1000116c                critical_section_init
 .text.critical_section_init_with_lock_num
                0x10001188       0x14 CMakeFiles/ToolsLEDSolution.dir/Users/kyankotschevar-smead/Desktop/Projects/Embedded-Systems/pico-sdk/src/common/pico_sync/critical_section.c.o
                0x10001188                critical_section_init_with_lock_num
 .text.sleep_until_callback
                0x1000119c       0x30 CMakeFiles/ToolsLEDSolution.dir/Users/kyankotschevar-smead/Desktop/Projects/Embedded-Systems/pico-sdk/src/common/pico_time/time.c.o
 .text.alarm_pool_irq_handler
                0x100011cc      0x2f4 CMakeFiles/ToolsLEDSolution.dir/Users/kyankotschevar-smead/Desktop/Projects/Embedded-Systems/pico-sdk/src/common/pico_time/time.c.o
 .text.runtime_init_default_alarm_pool
                0x100014c0       0xd8 CMakeFiles/ToolsLEDSolution.dir/Users/kyankotschevar-smead/Desktop/Projects/Embedded-Systems/pico-sdk/src/common/pico_time/time.c.o
                0x100014c0                runtime_init_default_alarm_pool
 .text.alarm_pool_get_default
                0x10001598        0x8 CMakeFiles/ToolsLEDSolution.dir/Users/kyankotschevar-smead/Desktop/Projects/Embedded-Systems/pico-sdk/src/common/pico_time/time.c.o
                0x10001598                alarm_pool_get_default
 .text.alarm_pool_add_alarm_at
                0x100015a0       0xcc CMakeFiles/ToolsLEDSolution.dir/Users/kyankotschevar-smead/Desktop/Projects/Embedded-Systems/pico-sdk/src/common/pico_time/time.c.o
                0x100015a0                alarm_pool_add_alarm_at
 .text.alarm_pool_add_alarm_at_force_in_context
                0x1000166c       0xbc CMakeFiles/ToolsLEDSolution.dir/Users/kyankotschevar-smead/Desktop/Projects/Embedded-Systems/pico-sdk/src/common/pico_time/time.c.o
                0x1000166c                alarm_pool_add_alarm_at_force_in_context
 .text.alarm_pool_cancel_alarm
                0x10001728       0x74 CMakeFiles/ToolsLEDSolution.dir/Users/kyankotschevar-smead/Desktop/Projects/Embedded-Systems/pico-sdk/src/common/pico_time/time.c.o
                0x10001728                alarm_pool_cancel_alarm
 .text.alarm_pool_core_num
                0x1000179c        0x4 CMakeFiles/ToolsLEDSolution.dir/Users/kyankotschevar-smead/Desktop/Projects/Embedded-Systems/pico-sdk/src/common/pico_time/time.c.o
                0x1000179c                alarm_pool_core_num
 .text.best_effort_wfe_or_timeout
                0x100017a0      0x100 CMakeFiles/ToolsLEDSolution.dir/Users/kyankotschevar-smead/Desktop/Projects/Embedded-Systems/pico-sdk/src/common/pico_time/time.c.o
                0x100017a0                best_effort_wfe_or_timeout
 .text.timer_hardware_alarm_claim
                0x100018a0       0x14 CMakeFiles/ToolsLEDSolution.dir/Users/kyankotschevar-smead/Desktop/Projects/Embedded-Systems/pico-sdk/src/rp2_common/hardware_timer/timer.c.o
                0x100018a0                timer_hardware_alarm_claim
 .text.timer_time_us_64
                0x100018b4       0x10 CMakeFiles/ToolsLEDSolution.dir/Users/kyankotschevar-smead/Desktop/Projects/Embedded-Systems/pico-sdk/src/rp2_common/hardware_timer/timer.c.o
                0x100018b4                timer_time_us_64
 .text.time_us_64
                0x100018c4       0x14 CMakeFiles/ToolsLEDSolution.dir/Users/kyankotschevar-smead/Desktop/Projects/Embedded-Systems/pico-sdk/src/rp2_common/hardware_timer/timer.c.o
                0x100018c4                time_us_64
 .text.busy_wait_us
                0x100018d8       0x6c CMakeFiles/ToolsLEDSolution.dir/Users/kyankotschevar-smead/Desktop/Projects/Embedded-Systems/pico-sdk/src/rp2_common/hardware_timer/timer.c.o
                0x100018d8                busy_wait_us
 .text.uart_init
                0x10001944      0x11c CMakeFiles/ToolsLEDSolution.dir/Users/kyankotschevar-smead/Desktop/Projects/Embedded-Systems/pico-sdk/src/rp2_common/hardware_uart/uart.c.o
                0x10001944                uart_init
 .text.clock_configure_int_divider
                0x10001a60       0xec CMakeFiles/ToolsLEDSolution.dir/Users/kyankotschevar-smead/Desktop/Projects/Embedded-Systems/pico-sdk/src/rp2_common/hardware_clocks/clocks.c.o
                0x10001a60                clock_configure_int_divider
 .text.clock_configure_undivided
                0x10001b4c       0xe0 CMakeFiles/ToolsLEDSolution.dir/Users/kyankotschevar-smead/Desktop/Projects/Embedded-Systems/pico-sdk/src/rp2_common/hardware_clocks/clocks.c.o
                0x10001b4c                clock_configure_undivided
 .text.clock_get_hz
                0x10001c2c        0xc CMakeFiles/ToolsLEDSolution.dir/Users/kyankotschevar-smead/Desktop/Projects/Embedded-Systems/pico-sdk/src/rp2_common/hardware_clocks/clocks.c.o
                0x10001c2c                clock_get_hz
 .text.pll_init
                0x10001c38       0xb0 CMakeFiles/ToolsLEDSolution.dir/Users/kyankotschevar-smead/Desktop/Projects/Embedded-Systems/pico-sdk/src/rp2_common/hardware_pll/pll.c.o
                0x10001c38                pll_init
 .text.watchdog_reboot
                0x10001ce8       0x9c CMakeFiles/ToolsLEDSolution.dir/Users/kyankotschevar-smead/Desktop/Projects/Embedded-Systems/pico-sdk/src/rp2_common/hardware_watchdog/watchdog.c.o
                0x10001ce8                watchdog_reboot
 .text.tick_start
                0x10001d84       0x10 CMakeFiles/ToolsLEDSolution.dir/Users/kyankotschevar-smead/Desktop/Projects/Embedded-Systems/pico-sdk/src/rp2_common/hardware_ticks/ticks.c.o
                0x10001d84                tick_start
 .text.rom_func_lookup
                0x10001d94       0x10 CMakeFiles/ToolsLEDSolution.dir/Users/kyankotschevar-smead/Desktop/Projects/Embedded-Systems/pico-sdk/src/rp2_common/pico_bootrom/bootrom.c.o
                0x10001d94                rom_func_lookup
 .text.rom_data_lookup
                0x10001da4       0x10 CMakeFiles/ToolsLEDSolution.dir/Users/kyankotschevar-smead/Desktop/Projects/Embedded-Systems/pico-sdk/src/rp2_common/pico_bootrom/bootrom.c.o
                0x10001da4                rom_data_lookup
 .text.rom_funcs_lookup
                0x10001db4       0x44 CMakeFiles/ToolsLEDSolution.dir/Users/kyankotschevar-smead/Desktop/Projects/Embedded-Systems/pico-sdk/src/rp2_common/pico_bootrom/bootrom.c.o
                0x10001db4                rom_funcs_lookup
 .text.rom_reset_usb_boot_extra
                0x10001df8       0x24 CMakeFiles/ToolsLEDSolution.dir/Users/kyankotschevar-smead/Desktop/Projects/Embedded-Systems/pico-sdk/src/rp2_common/pico_bootrom/bootrom.c.o
                0x10001df8                rom_reset_usb_boot_extra
 .text.xosc_init
                0x10001e1c       0x28 CMakeFiles/ToolsLEDSolution.dir/Users/kyankotschevar-smead/Desktop/Projects/Embedded-Systems/pico-sdk/src/rp2_common/hardware_xosc/xosc.c.o
                0x10001e1c                xosc_init
 .text.first_per_core_initializer
                0x10001e44        0x4 CMakeFiles/ToolsLEDSolution.dir/Users/kyankotschevar-smead/Desktop/Projects/Embedded-Systems/pico-sdk/src/rp2_common/pico_runtime/runtime.c.o
 .text.hard_assertion_failure
                0x10001e48        0xc CMakeFiles/ToolsLEDSolution.dir/Users/kyankotschevar-smead/Desktop/Projects/Embedded-Systems/pico-sdk/src/rp2_common/pico_runtime/runtime.c.o
                0x10001e48                hard_assertion_failure
 .text.runtime_run_initializers
                0x10001e54       0x28 CMakeFiles/ToolsLEDSolution.dir/Users/kyankotschevar-smead/Desktop/Projects/Embedded-Systems/pico-sdk/src/rp2_common/pico_runtime/runtime.c.o
                0x10001e54                runtime_run_initializers
 .text.runtime_init_early_resets
                0x10001e7c       0x2c CMakeFiles/ToolsLEDSolution.dir/Users/kyankotschevar-smead/Desktop/Projects/Embedded-Systems/pico-sdk/src/rp2_common/pico_runtime_init/runtime_init.c.o
                0x10001e7c                runtime_init_early_resets
 .text.runtime_init_usb_power_down
                0x10001ea8       0x1c CMakeFiles/ToolsLEDSolution.dir/Users/kyankotschevar-smead/Desktop/Projects/Embedded-Systems/pico-sdk/src/rp2_common/pico_runtime_init/runtime_init.c.o
                0x10001ea8                runtime_init_usb_power_down
 .text.runtime_init_post_clock_resets
                0x10001ec4       0x20 CMakeFiles/ToolsLEDSolution.dir/Users/kyankotschevar-smead/Desktop/Projects/Embedded-Systems/pico-sdk/src/rp2_common/pico_runtime_init/runtime_init.c.o
                0x10001ec4                runtime_init_post_clock_resets
 .text.runtime_init_rp2040_gpio_ie_disable
                0x10001ee4       0x14 CMakeFiles/ToolsLEDSolution.dir/Users/kyankotschevar-smead/Desktop/Projects/Embedded-Systems/pico-sdk/src/rp2_common/pico_runtime_init/runtime_init.c.o
                0x10001ee4                runtime_init_rp2040_gpio_ie_disable
 .text.runtime_init_spin_locks_reset
                0x10001ef8        0x8 CMakeFiles/ToolsLEDSolution.dir/Users/kyankotschevar-smead/Desktop/Projects/Embedded-Systems/pico-sdk/src/rp2_common/pico_runtime_init/runtime_init.c.o
                0x10001ef8                runtime_init_spin_locks_reset
 .text.runtime_init_install_ram_vector_table
                0x10001f00       0xb8 CMakeFiles/ToolsLEDSolution.dir/Users/kyankotschevar-smead/Desktop/Projects/Embedded-Systems/pico-sdk/src/rp2_common/pico_runtime_init/runtime_init.c.o
                0x10001f00                runtime_init_install_ram_vector_table
 .text.runtime_init_clocks
                0x10001fb8       0xd8 CMakeFiles/ToolsLEDSolution.dir/Users/kyankotschevar-smead/Desktop/Projects/Embedded-Systems/pico-sdk/src/rp2_common/pico_runtime_init/runtime_init_clocks.c.o
                0x10001fb8                runtime_init_clocks
 .text          0x10002090       0x10 CMakeFiles/ToolsLEDSolution.dir/Users/kyankotschevar-smead/Desktop/Projects/Embedded-Systems/pico-sdk/src/rp2_common/pico_bit_ops/bit_ops_aeabi.S.o
 .text.__wrap___aeabi_idiv
                0x100020a0       0x50 CMakeFiles/ToolsLEDSolution.dir/Users/kyankotschevar-smead/Desktop/Projects/Embedded-Systems/pico-sdk/src/rp2_common/pico_divider/divider_hardware.S.o
                0x100020a0                __wrap___aeabi_idivmod
                0x100020a0                divmod_s32s32
                0x100020a0                div_s32s32
                0x100020a0                __wrap___aeabi_idiv
                0x100020a8                divmod_s32s32_unsafe
                0x100020d4                divmod_s32s32_savestate
 .text.__wrap___aeabi_uidiv
                0x100020f0       0x4c CMakeFiles/ToolsLEDSolution.dir/Users/kyankotschevar-smead/Desktop/Projects/Embedded-Systems/pico-sdk/src/rp2_common/pico_divider/divider_hardware.S.o
                0x100020f0                __wrap___aeabi_uidiv
                0x100020f0                __wrap___aeabi_uidivmod
                0x100020f0                div_u32u32
                0x100020f0                divmod_u32u32
                0x100020f8                divmod_u32u32_unsafe
                0x10002120                divmod_u32u32_savestate
 .text.__wrap___aeabi_ldiv
                0x1000213c      0x424 CMakeFiles/ToolsLEDSolution.dir/Users/kyankotschevar-smead/Desktop/Projects/Embedded-Systems/pico-sdk/src/rp2_common/pico_divider/divider_hardware.S.o
                0x1000213c                __wrap___aeabi_ldivmod
                0x1000213c                div_s64s64
                0x1000213c                divmod_s64s64
                0x1000216c                divmod_u64u64
                0x1000216c                div_u64u64
                0x1000216c                __wrap___aeabi_uldivmod
                0x1000217c                divmod_u64u64_savestate
                0x1000219c                divmod_s64s64_unsafe
                0x10002224                divmod_u64u64_unsafe
 .text.__wrap___aeabi_darithmetic
                0x10002560       0x80 CMakeFiles/ToolsLEDSolution.dir/Users/kyankotschevar-smead/Desktop/Projects/Embedded-Systems/pico-sdk/src/rp2_common/pico_double/double_aeabi_rp2040.S.o
                0x10002560                __wrap___aeabi_drsub
                0x10002566                __wrap___aeabi_dsub
                0x10002578                __wrap___aeabi_dadd
                0x1000258a                __wrap___aeabi_ddiv
                0x100025c6                __wrap___aeabi_dmul
 .text.__wrap___aeabi_cdcmple
                0x100025e0       0x6c CMakeFiles/ToolsLEDSolution.dir/Users/kyankotschevar-smead/Desktop/Projects/Embedded-Systems/pico-sdk/src/rp2_common/pico_double/double_aeabi_rp2040.S.o
                0x100025e0                __wrap___aeabi_cdrcmple
                0x100025f0                __wrap___aeabi_cdcmple
                0x100025f0                __wrap___aeabi_cdcmpeq
 .text.__wrap___aeabi_dcmpeq
                0x1000264c       0x10 CMakeFiles/ToolsLEDSolution.dir/Users/kyankotschevar-smead/Desktop/Projects/Embedded-Systems/pico-sdk/src/rp2_common/pico_double/double_aeabi_rp2040.S.o
                0x1000264c                __wrap___aeabi_dcmpeq
 .text.__wrap___aeabi_dcmplt
                0x1000265c        0xc CMakeFiles/ToolsLEDSolution.dir/Users/kyankotschevar-smead/Desktop/Projects/Embedded-Systems/pico-sdk/src/rp2_common/pico_double/double_aeabi_rp2040.S.o
                0x1000265c                __wrap___aeabi_dcmplt
 .text.__wrap___aeabi_dcmple
                0x10002668       0x10 CMakeFiles/ToolsLEDSolution.dir/Users/kyankotschevar-smead/Desktop/Projects/Embedded-Systems/pico-sdk/src/rp2_common/pico_double/double_aeabi_rp2040.S.o
                0x10002668                __wrap___aeabi_dcmple
 .text.__wrap___aeabi_dcmpge
                0x10002678       0x10 CMakeFiles/ToolsLEDSolution.dir/Users/kyankotschevar-smead/Desktop/Projects/Embedded-Systems/pico-sdk/src/rp2_common/pico_double/double_aeabi_rp2040.S.o
                0x10002678                __wrap___aeabi_dcmpge
 .text.__wrap___aeabi_dcmpgt
                0x10002688        0xa CMakeFiles/ToolsLEDSolution.dir/Users/kyankotschevar-smead/Desktop/Projects/Embedded-Systems/pico-sdk/src/rp2_common/pico_double/double_aeabi_rp2040.S.o
                0x10002688                __wrap___aeabi_dcmpgt
 .text.__wrap___aeabi_dcmpun
                0x10002692       0x18 CMakeFiles/ToolsLEDSolution.dir/Users/kyankotschevar-smead/Desktop/Projects/Embedded-Systems/pico-sdk/src/rp2_common/pico_double/double_aeabi_rp2040.S.o
                0x10002692                __wrap___aeabi_dcmpun
 *fill*         0x100026aa        0x2 
 .text.__wrap___aeabi_i2d
                0x100026ac       0x38 CMakeFiles/ToolsLEDSolution.dir/Users/kyankotschevar-smead/Desktop/Projects/Embedded-Systems/pico-sdk/src/rp2_common/pico_double/double_aeabi_rp2040.S.o
                0x100026ac                __wrap___aeabi_ui2d
                0x100026ac                uint2double
                0x100026b4                __wrap___aeabi_i2d
                0x100026b4                int2double
 .text.__wrap___aeabi_d2iz
                0x100026e4       0x48 CMakeFiles/ToolsLEDSolution.dir/Users/kyankotschevar-smead/Desktop/Projects/Embedded-Systems/pico-sdk/src/rp2_common/pico_double/double_aeabi_rp2040.S.o
                0x100026e4                __wrap___aeabi_d2iz
                0x100026e4                double2int_z
 .text.__wrap___aeabi_d2uiz
                0x1000272c       0x18 CMakeFiles/ToolsLEDSolution.dir/Users/kyankotschevar-smead/Desktop/Projects/Embedded-Systems/pico-sdk/src/rp2_common/pico_double/double_aeabi_rp2040.S.o
                0x1000272c                double2uint_z
                0x1000272c                double2uint
                0x1000272c                __wrap___aeabi_d2uiz
 .text.__aeabi_double_init
                0x10002744       0xa4 CMakeFiles/ToolsLEDSolution.dir/Users/kyankotschevar-smead/Desktop/Projects/Embedded-Systems/pico-sdk/src/rp2_common/pico_double/double_init_rom_rp2040.c.o
                0x10002744                __aeabi_double_init
 .text.double_table_shim_on_use_helper
                0x100027e8       0x2c CMakeFiles/ToolsLEDSolution.dir/Users/kyankotschevar-smead/Desktop/Projects/Embedded-Systems/pico-sdk/src/rp2_common/pico_double/double_v1_rom_shim_rp2040.S.o
                0x100027e8                double_table_shim_on_use_helper
 .text.__wrap___aeabi_dsub
                0x10002814       0x10 CMakeFiles/ToolsLEDSolution.dir/Users/kyankotschevar-smead/Desktop/Projects/Embedded-Systems/pico-sdk/src/rp2_common/pico_double/double_v1_rom_shim_rp2040.S.o
                0x10002814                drsub_shim
                0x1000281a                dsub_shim
 .text.dadd_shim
                0x10002824      0x15c CMakeFiles/ToolsLEDSolution.dir/Users/kyankotschevar-smead/Desktop/Projects/Embedded-Systems/pico-sdk/src/rp2_common/pico_double/double_v1_rom_shim_rp2040.S.o
                0x10002824                dadd_shim
 .text.dmul_shim
                0x10002980      0x15c CMakeFiles/ToolsLEDSolution.dir/Users/kyankotschevar-smead/Desktop/Projects/Embedded-Systems/pico-sdk/src/rp2_common/pico_double/double_v1_rom_shim_rp2040.S.o
                0x10002980                dmul_shim
 .text.ddiv_shim
                0x10002adc      0x1b0 CMakeFiles/ToolsLEDSolution.dir/Users/kyankotschevar-smead/Desktop/Projects/Embedded-Systems/pico-sdk/src/rp2_common/pico_double/double_v1_rom_shim_rp2040.S.o
                0x10002adc                ddiv_shim
 .text.double2uint_shim
                0x10002c8c        0xe CMakeFiles/ToolsLEDSolution.dir/Users/kyankotschevar-smead/Desktop/Projects/Embedded-Systems/pico-sdk/src/rp2_common/pico_double/double_v1_rom_shim_rp2040.S.o
                0x10002c8c                double2uint_shim
                0x10002c8e                double2ufix_shim
 *fill*         0x10002c9a        0x2 
 .text.double2uint64_shim
                0x10002c9c       0x70 CMakeFiles/ToolsLEDSolution.dir/Users/kyankotschevar-smead/Desktop/Projects/Embedded-Systems/pico-sdk/src/rp2_common/pico_double/double_v1_rom_shim_rp2040.S.o
                0x10002c9c                double2uint64_shim
                0x10002c9e                double2ufix64_shim
                0x10002cbe                d2fix_a
 .text.dunpacks
                0x10002d0c       0x3c CMakeFiles/ToolsLEDSolution.dir/Users/kyankotschevar-smead/Desktop/Projects/Embedded-Systems/pico-sdk/src/rp2_common/pico_double/double_v1_rom_shim_rp2040.S.o
                0x10002d0c                dunpacks
 .text.__aeabi_lmul
                0x10002d48       0x32 CMakeFiles/ToolsLEDSolution.dir/Users/kyankotschevar-smead/Desktop/Projects/Embedded-Systems/pico-sdk/src/rp2_common/pico_int64_ops/pico_int64_ops_aeabi.S.o
                0x10002d48                __wrap___aeabi_lmul
 *fill*         0x10002d7a        0x2 
 .text.__wrap___aeabi_farithmetic
                0x10002d7c       0x48 CMakeFiles/ToolsLEDSolution.dir/Users/kyankotschevar-smead/Desktop/Projects/Embedded-Systems/pico-sdk/src/rp2_common/pico_float/float_aeabi_rp2040.S.o
                0x10002d7c                __wrap___aeabi_frsub
                0x10002d82                __wrap___aeabi_fsub
                0x10002d88                __wrap___aeabi_fadd
                0x10002d8e                __wrap___aeabi_fdiv
                0x10002db6                __wrap___aeabi_fmul
 .text.__wrap___aeabi_cfcmple
                0x10002dc4       0x50 CMakeFiles/ToolsLEDSolution.dir/Users/kyankotschevar-smead/Desktop/Projects/Embedded-Systems/pico-sdk/src/rp2_common/pico_float/float_aeabi_rp2040.S.o
                0x10002dc4                __wrap___aeabi_cfrcmple
                0x10002dd0                __wrap___aeabi_cfcmpeq
                0x10002dd0                __wrap___aeabi_cfcmple
 .text.__wrap___aeabi_fcmpge
                0x10002e14       0x10 CMakeFiles/ToolsLEDSolution.dir/Users/kyankotschevar-smead/Desktop/Projects/Embedded-Systems/pico-sdk/src/rp2_common/pico_float/float_aeabi_rp2040.S.o
                0x10002e14                __wrap___aeabi_fcmpge
 .text.__wrap___aeabi_ui2f
                0x10002e24        0xa CMakeFiles/ToolsLEDSolution.dir/Users/kyankotschevar-smead/Desktop/Projects/Embedded-Systems/pico-sdk/src/rp2_common/pico_float/float_aeabi_rp2040.S.o
                0x10002e24                uint2float
                0x10002e24                __wrap___aeabi_ui2f
 *fill*         0x10002e2e        0x2 
 .text.__wrap___aeabi_i2f
                0x10002e30       0x44 CMakeFiles/ToolsLEDSolution.dir/Users/kyankotschevar-smead/Desktop/Projects/Embedded-Systems/pico-sdk/src/rp2_common/pico_float/float_aeabi_rp2040.S.o
                0x10002e30                int2float
                0x10002e30                __wrap___aeabi_i2f
 .text.__aeabi_float_init
                0x10002e74       0x68 CMakeFiles/ToolsLEDSolution.dir/Users/kyankotschevar-smead/Desktop/Projects/Embedded-Systems/pico-sdk/src/rp2_common/pico_float/float_init_rom_rp2040.c.o
                0x10002e74                __aeabi_float_init
 .text.float_table_shim_on_use_helper
                0x10002edc       0x2c CMakeFiles/ToolsLEDSolution.dir/Users/kyankotschevar-smead/Desktop/Projects/Embedded-Systems/pico-sdk/src/rp2_common/pico_float/float_v1_rom_shim_rp2040.S.o
                0x10002edc                float_table_shim_on_use_helper
 .text.__wrap_malloc
                0x10002f08       0x3c CMakeFiles/ToolsLEDSolution.dir/Users/kyankotschevar-smead/Desktop/Projects/Embedded-Systems/pico-sdk/src/rp2_common/pico_malloc/malloc.c.o
                0x10002f08                __wrap_malloc
 .text.__wrap_calloc
                0x10002f44       0x44 CMakeFiles/ToolsLEDSolution.dir/Users/kyankotschevar-smead/Desktop/Projects/Embedded-Systems/pico-sdk/src/rp2_common/pico_malloc/malloc.c.o
                0x10002f44                __wrap_calloc
 .text.__wrap_realloc
                0x10002f88       0x40 CMakeFiles/ToolsLEDSolution.dir/Users/kyankotschevar-smead/Desktop/Projects/Embedded-Systems/pico-sdk/src/rp2_common/pico_malloc/malloc.c.o
                0x10002f88                __wrap_realloc
 .text.__wrap_free
                0x10002fc8       0x20 CMakeFiles/ToolsLEDSolution.dir/Users/kyankotschevar-smead/Desktop/Projects/Embedded-Systems/pico-sdk/src/rp2_common/pico_malloc/malloc.c.o
                0x10002fc8                __wrap_free
 .text          0x10002fe8       0x10 CMakeFiles/ToolsLEDSolution.dir/Users/kyankotschevar-smead/Desktop/Projects/Embedded-Systems/pico-sdk/src/rp2_common/pico_mem_ops/mem_ops_aeabi.S.o
                0x10002fe8                __aeabi_mem_init
 .text.memset   0x10002ff8        0xc CMakeFiles/ToolsLEDSolution.dir/Users/kyankotschevar-smead/Desktop/Projects/Embedded-Systems/pico-sdk/src/rp2_common/pico_mem_ops/mem_ops_aeabi.S.o
                0x10002ff8                __wrap_memset
 .text.memcpy   0x10003004        0xc CMakeFiles/ToolsLEDSolution.dir/Users/kyankotschevar-smead/Desktop/Projects/Embedded-Systems/pico-sdk/src/rp2_common/pico_mem_ops/mem_ops_aeabi.S.o
                0x10003004                __wrap___aeabi_memcpy
                0x10003004                __wrap_memcpy
 .text._out_buffer
                0x10003010        0x8 CMakeFiles/ToolsLEDSolution.dir/Users/kyankotschevar-smead/Desktop/Projects/Embedded-Systems/pico-sdk/src/rp2_common/pico_printf/printf.c.o
 .text._out_null
                0x10003018        0x4 CMakeFiles/ToolsLEDSolution.dir/Users/kyankotschevar-smead/Desktop/Projects/Embedded-Systems/pico-sdk/src/rp2_common/pico_printf/printf.c.o
 .text._out_rev
                0x1000301c       0xa8 CMakeFiles/ToolsLEDSolution.dir/Users/kyankotschevar-smead/Desktop/Projects/Embedded-Systems/pico-sdk/src/rp2_common/pico_printf/printf.c.o
 .text._ntoa_format
                0x100030c4      0x1d8 CMakeFiles/ToolsLEDSolution.dir/Users/kyankotschevar-smead/Desktop/Projects/Embedded-Systems/pico-sdk/src/rp2_common/pico_printf/printf.c.o
 .text._out_char
                0x1000329c       0x10 CMakeFiles/ToolsLEDSolution.dir/Users/kyankotschevar-smead/Desktop/Projects/Embedded-Systems/pico-sdk/src/rp2_common/pico_printf/printf.c.o
 .text._out_fct
                0x100032ac       0x10 CMakeFiles/ToolsLEDSolution.dir/Users/kyankotschevar-smead/Desktop/Projects/Embedded-Systems/pico-sdk/src/rp2_common/pico_printf/printf.c.o
 .text._ftoa    0x100032bc      0x474 CMakeFiles/ToolsLEDSolution.dir/Users/kyankotschevar-smead/Desktop/Projects/Embedded-Systems/pico-sdk/src/rp2_common/pico_printf/printf.c.o
 .text._etoa    0x10003730      0x560 CMakeFiles/ToolsLEDSolution.dir/Users/kyankotschevar-smead/Desktop/Projects/Embedded-Systems/pico-sdk/src/rp2_common/pico_printf/printf.c.o
 .text._vsnprintf
                0x10003c90      0xab8 CMakeFiles/ToolsLEDSolution.dir/Users/kyankotschevar-smead/Desktop/Projects/Embedded-Systems/pico-sdk/src/rp2_common/pico_printf/printf.c.o
 .text.__wrap_snprintf
                0x10004748       0x28 CMakeFiles/ToolsLEDSolution.dir/Users/kyankotschevar-smead/Desktop/Projects/Embedded-Systems/pico-sdk/src/rp2_common/pico_printf/printf.c.o
                0x10004748                __wrap_snprintf
 .text.vfctprintf
                0x10004770       0x20 CMakeFiles/ToolsLEDSolution.dir/Users/kyankotschevar-smead/Desktop/Projects/Embedded-Systems/pico-sdk/src/rp2_common/pico_printf/printf.c.o
                0x10004770                vfctprintf
 .text.weak_raw_printf
                0x10004790       0x40 CMakeFiles/ToolsLEDSolution.dir/Users/kyankotschevar-smead/Desktop/Projects/Embedded-Systems/pico-sdk/src/rp2_common/pico_printf/printf.c.o
                0x10004790                weak_raw_printf
 .text.weak_raw_vprintf
                0x100047d0       0x30 CMakeFiles/ToolsLEDSolution.dir/Users/kyankotschevar-smead/Desktop/Projects/Embedded-Systems/pico-sdk/src/rp2_common/pico_printf/printf.c.o
                0x100047d0                weak_raw_vprintf
 .text._exit    0x10004800        0x4 CMakeFiles/ToolsLEDSolution.dir/Users/kyankotschevar-smead/Desktop/Projects/Embedded-Systems/pico-sdk/src/rp2_common/pico_clib_interface/newlib_interface.c.o
                0x10004800                _exit
 .text._sbrk    0x10004804       0x34 CMakeFiles/ToolsLEDSolution.dir/Users/kyankotschevar-smead/Desktop/Projects/Embedded-Systems/pico-sdk/src/rp2_common/pico_clib_interface/newlib_interface.c.o
                0x10004804                _sbrk
 .text._read    0x10004838       0x20 CMakeFiles/ToolsLEDSolution.dir/Users/kyankotschevar-smead/Desktop/Projects/Embedded-Systems/pico-sdk/src/rp2_common/pico_clib_interface/newlib_interface.c.o
                0x10004838                _read
 .text._write   0x10004858       0x20 CMakeFiles/ToolsLEDSolution.dir/Users/kyankotschevar-smead/Desktop/Projects/Embedded-Systems/pico-sdk/src/rp2_common/pico_clib_interface/newlib_interface.c.o
                0x10004858                _write
 .text._close   0x10004878        0x8 CMakeFiles/ToolsLEDSolution.dir/Users/kyankotschevar-smead/Desktop/Projects/Embedded-Systems/pico-sdk/src/rp2_common/pico_clib_interface/newlib_interface.c.o
                0x10004878                _close
 .text._lseek   0x10004880        0x8 CMakeFiles/ToolsLEDSolution.dir/Users/kyankotschevar-smead/Desktop/Projects/Embedded-Systems/pico-sdk/src/rp2_common/pico_clib_interface/newlib_interface.c.o
                0x10004880                _lseek
 .text._fstat   0x10004888        0x8 CMakeFiles/ToolsLEDSolution.dir/Users/kyankotschevar-smead/Desktop/Projects/Embedded-Systems/pico-sdk/src/rp2_common/pico_clib_interface/newlib_interface.c.o
                0x10004888                _fstat
 .text._isatty  0x10004890        0xc CMakeFiles/ToolsLEDSolution.dir/Users/kyankotschevar-smead/Desktop/Projects/Embedded-Systems/pico-sdk/src/rp2_common/pico_clib_interface/newlib_interface.c.o
                0x10004890                _isatty
 .text.exit     0x1000489c        0x8 CMakeFiles/ToolsLEDSolution.dir/Users/kyankotschevar-smead/Desktop/Projects/Embedded-Systems/pico-sdk/src/rp2_common/pico_clib_interface/newlib_interface.c.o
                0x1000489c                exit
 .text.__assert_func
                0x100048a4       0x38 CMakeFiles/ToolsLEDSolution.dir/Users/kyankotschevar-smead/Desktop/Projects/Embedded-Systems/pico-sdk/src/rp2_common/pico_clib_interface/newlib_interface.c.o
                0x100048a4                __assert_func
 .text.runtime_init
                0x100048dc       0x2c CMakeFiles/ToolsLEDSolution.dir/Users/kyankotschevar-smead/Desktop/Projects/Embedded-Systems/pico-sdk/src/rp2_common/pico_clib_interface/newlib_interface.c.o
                0x100048dc                runtime_init
 .text.stdio_out_chars_no_crlf
                0x10004908       0x10 CMakeFiles/ToolsLEDSolution.dir/Users/kyankotschevar-smead/Desktop/Projects/Embedded-Systems/pico-sdk/src/rp2_common/pico_stdio/stdio.c.o
 .text.stdio_out_chars_crlf
                0x10004918       0x90 CMakeFiles/ToolsLEDSolution.dir/Users/kyankotschevar-smead/Desktop/Projects/Embedded-Systems/pico-sdk/src/rp2_common/pico_stdio/stdio.c.o
 .text.stdio_buffered_printer
                0x100049a8       0x64 CMakeFiles/ToolsLEDSolution.dir/Users/kyankotschevar-smead/Desktop/Projects/Embedded-Systems/pico-sdk/src/rp2_common/pico_stdio/stdio.c.o
 .text.stdio_put_string
                0x10004a0c       0xf4 CMakeFiles/ToolsLEDSolution.dir/Users/kyankotschevar-smead/Desktop/Projects/Embedded-Systems/pico-sdk/src/rp2_common/pico_stdio/stdio.c.o
                0x10004a0c                stdio_put_string
 .text.stdio_get_until
                0x10004b00       0x7c CMakeFiles/ToolsLEDSolution.dir/Users/kyankotschevar-smead/Desktop/Projects/Embedded-Systems/pico-sdk/src/rp2_common/pico_stdio/stdio.c.o
                0x10004b00                stdio_get_until
 .text.stdio_set_driver_enabled
                0x10004b7c       0x30 CMakeFiles/ToolsLEDSolution.dir/Users/kyankotschevar-smead/Desktop/Projects/Embedded-Systems/pico-sdk/src/rp2_common/pico_stdio/stdio.c.o
                0x10004b7c                stdio_set_driver_enabled
 .text.stdio_init_all
                0x10004bac       0x10 CMakeFiles/ToolsLEDSolution.dir/Users/kyankotschevar-smead/Desktop/Projects/Embedded-Systems/pico-sdk/src/rp2_common/pico_stdio/stdio.c.o
                0x10004bac                stdio_init_all
 .text.__wrap_putchar
                0x10004bbc       0x94 CMakeFiles/ToolsLEDSolution.dir/Users/kyankotschevar-smead/Desktop/Projects/Embedded-Systems/pico-sdk/src/rp2_common/pico_stdio/stdio.c.o
                0x10004bbc                stdio_putchar
                0x10004bbc                __wrap_putchar
 .text.__wrap_puts
                0x10004c50       0x3c CMakeFiles/ToolsLEDSolution.dir/Users/kyankotschevar-smead/Desktop/Projects/Embedded-Systems/pico-sdk/src/rp2_common/pico_stdio/stdio.c.o
                0x10004c50                __wrap_puts
                0x10004c50                stdio_puts
 .text.__wrap_vprintf
                0x10004c8c       0xc8 CMakeFiles/ToolsLEDSolution.dir/Users/kyankotschevar-smead/Desktop/Projects/Embedded-Systems/pico-sdk/src/rp2_common/pico_stdio/stdio.c.o
                0x10004c8c                __wrap_vprintf
                0x10004c8c                stdio_vprintf
 .text.__wrap_printf
                0x10004d54       0x18 CMakeFiles/ToolsLEDSolution.dir/Users/kyankotschevar-smead/Desktop/Projects/Embedded-Systems/pico-sdk/src/rp2_common/pico_stdio/stdio.c.o
                0x10004d54                stdio_printf
                0x10004d54                __wrap_printf
 .text.stdio_uart_out_chars
                0x10004d6c       0x4c CMakeFiles/ToolsLEDSolution.dir/Users/kyankotschevar-smead/Desktop/Projects/Embedded-Systems/pico-sdk/src/rp2_common/pico_stdio_uart/stdio_uart.c.o
 .text.stdio_uart_in_chars
                0x10004db8       0x8c CMakeFiles/ToolsLEDSolution.dir/Users/kyankotschevar-smead/Desktop/Projects/Embedded-Systems/pico-sdk/src/rp2_common/pico_stdio_uart/stdio_uart.c.o
                0x10004db8                stdio_uart_in_chars
 .text.on_uart_rx
                0x10004e44       0x28 CMakeFiles/ToolsLEDSolution.dir/Users/kyankotschevar-smead/Desktop/Projects/Embedded-Systems/pico-sdk/src/rp2_common/pico_stdio_uart/stdio_uart.c.o
 .text.stdio_uart_out_flush
                0x10004e6c       0x14 CMakeFiles/ToolsLEDSolution.dir/Users/kyankotschevar-smead/Desktop/Projects/Embedded-Systems/pico-sdk/src/rp2_common/pico_stdio_uart/stdio_uart.c.o
 .text.stdio_uart_set_chars_available_callback
                0x10004e80       0x84 CMakeFiles/ToolsLEDSolution.dir/Users/kyankotschevar-smead/Desktop/Projects/Embedded-Systems/pico-sdk/src/rp2_common/pico_stdio_uart/stdio_uart.c.o
 .text.stdio_uart_init
                0x10004f04       0x50 CMakeFiles/ToolsLEDSolution.dir/Users/kyankotschevar-smead/Desktop/Projects/Embedded-Systems/pico-sdk/src/rp2_common/pico_stdio_uart/stdio_uart.c.o
                0x10004f04                stdio_uart_init
 .text.resetd_init
                0x10004f54        0x4 CMakeFiles/ToolsLEDSolution.dir/Users/kyankotschevar-smead/Desktop/Projects/Embedded-Systems/pico-sdk/src/rp2_common/pico_stdio_usb/reset_interface.c.o
 .text.resetd_reset
                0x10004f58        0xc CMakeFiles/ToolsLEDSolution.dir/Users/kyankotschevar-smead/Desktop/Projects/Embedded-Systems/pico-sdk/src/rp2_common/pico_stdio_usb/reset_interface.c.o
 .text.resetd_open
                0x10004f64       0x28 CMakeFiles/ToolsLEDSolution.dir/Users/kyankotschevar-smead/Desktop/Projects/Embedded-Systems/pico-sdk/src/rp2_common/pico_stdio_usb/reset_interface.c.o
 .text.resetd_xfer_cb
                0x10004f8c        0x4 CMakeFiles/ToolsLEDSolution.dir/Users/kyankotschevar-smead/Desktop/Projects/Embedded-Systems/pico-sdk/src/rp2_common/pico_stdio_usb/reset_interface.c.o
 .text.resetd_control_xfer_cb
                0x10004f90       0x54 CMakeFiles/ToolsLEDSolution.dir/Users/kyankotschevar-smead/Desktop/Projects/Embedded-Systems/pico-sdk/src/rp2_common/pico_stdio_usb/reset_interface.c.o
 .text.tud_descriptor_bos_cb
                0x10004fe4        0x8 CMakeFiles/ToolsLEDSolution.dir/Users/kyankotschevar-smead/Desktop/Projects/Embedded-Systems/pico-sdk/src/rp2_common/pico_stdio_usb/reset_interface.c.o
                0x10004fe4                tud_descriptor_bos_cb
 .text.tud_vendor_control_xfer_cb
                0x10004fec       0x38 CMakeFiles/ToolsLEDSolution.dir/Users/kyankotschevar-smead/Desktop/Projects/Embedded-Systems/pico-sdk/src/rp2_common/pico_stdio_usb/reset_interface.c.o
                0x10004fec                tud_vendor_control_xfer_cb
 .text.usbd_app_driver_get_cb
                0x10005024        0xc CMakeFiles/ToolsLEDSolution.dir/Users/kyankotschevar-smead/Desktop/Projects/Embedded-Systems/pico-sdk/src/rp2_common/pico_stdio_usb/reset_interface.c.o
                0x10005024                usbd_app_driver_get_cb
 .text.tud_cdc_line_coding_cb
                0x10005030       0x2c CMakeFiles/ToolsLEDSolution.dir/Users/kyankotschevar-smead/Desktop/Projects/Embedded-Systems/pico-sdk/src/rp2_common/pico_stdio_usb/reset_interface.c.o
                0x10005030                tud_cdc_line_coding_cb
 .text.stdio_usb_set_chars_available_callback
                0x1000505c       0x14 CMakeFiles/ToolsLEDSolution.dir/Users/kyankotschevar-smead/Desktop/Projects/Embedded-Systems/pico-sdk/src/rp2_common/pico_stdio_usb/stdio_usb.c.o
                0x1000505c                stdio_usb_set_chars_available_callback
 .text.usb_irq  0x10005070       0x10 CMakeFiles/ToolsLEDSolution.dir/Users/kyankotschevar-smead/Desktop/Projects/Embedded-Systems/pico-sdk/src/rp2_common/pico_stdio_usb/stdio_usb.c.o
 .text.timer_task
                0x10005080       0x64 CMakeFiles/ToolsLEDSolution.dir/Users/kyankotschevar-smead/Desktop/Projects/Embedded-Systems/pico-sdk/src/rp2_common/pico_stdio_usb/stdio_usb.c.o
 .text.stdio_usb_in_chars
                0x100050e4       0x8c CMakeFiles/ToolsLEDSolution.dir/Users/kyankotschevar-smead/Desktop/Projects/Embedded-Systems/pico-sdk/src/rp2_common/pico_stdio_usb/stdio_usb.c.o
                0x100050e4                stdio_usb_in_chars
 .text.stdio_usb_out_flush
                0x10005170       0x4c CMakeFiles/ToolsLEDSolution.dir/Users/kyankotschevar-smead/Desktop/Projects/Embedded-Systems/pico-sdk/src/rp2_common/pico_stdio_usb/stdio_usb.c.o
 .text.stdio_usb_out_chars
                0x100051bc       0xf8 CMakeFiles/ToolsLEDSolution.dir/Users/kyankotschevar-smead/Desktop/Projects/Embedded-Systems/pico-sdk/src/rp2_common/pico_stdio_usb/stdio_usb.c.o
 .text.low_priority_worker_irq
                0x100052b4       0xc4 CMakeFiles/ToolsLEDSolution.dir/Users/kyankotschevar-smead/Desktop/Projects/Embedded-Systems/pico-sdk/src/rp2_common/pico_stdio_usb/stdio_usb.c.o
 .text.stdio_usb_init
                0x10005378       0xe4 CMakeFiles/ToolsLEDSolution.dir/Users/kyankotschevar-smead/Desktop/Projects/Embedded-Systems/pico-sdk/src/rp2_common/pico_stdio_usb/stdio_usb.c.o
                0x10005378                stdio_usb_init
 .text.tud_descriptor_device_cb
                0x1000545c        0x8 CMakeFiles/ToolsLEDSolution.dir/Users/kyankotschevar-smead/Desktop/Projects/Embedded-Systems/pico-sdk/src/rp2_common/pico_stdio_usb/stdio_usb_descriptors.c.o
                0x1000545c                tud_descriptor_device_cb
 .text.tud_descriptor_configuration_cb
                0x10005464        0x8 CMakeFiles/ToolsLEDSolution.dir/Users/kyankotschevar-smead/Desktop/Projects/Embedded-Systems/pico-sdk/src/rp2_common/pico_stdio_usb/stdio_usb_descriptors.c.o
                0x10005464                tud_descriptor_configuration_cb
 .text.tud_descriptor_string_cb
                0x1000546c       0x70 CMakeFiles/ToolsLEDSolution.dir/Users/kyankotschevar-smead/Desktop/Projects/Embedded-Systems/pico-sdk/src/rp2_common/pico_stdio_usb/stdio_usb_descriptors.c.o
                0x1000546c                tud_descriptor_string_cb
 .text.startup._retrieve_unique_id_on_boot
                0x100054dc       0x10 CMakeFiles/ToolsLEDSolution.dir/Users/kyankotschevar-smead/Desktop/Projects/Embedded-Systems/pico-sdk/src/rp2_common/pico_unique_id/unique_id.c.o
 .text.pico_get_unique_board_id_string
                0x100054ec      0x1e0 CMakeFiles/ToolsLEDSolution.dir/Users/kyankotschevar-smead/Desktop/Projects/Embedded-Systems/pico-sdk/src/rp2_common/pico_unique_id/unique_id.c.o
                0x100054ec                pico_get_unique_board_id_string
 .text.flash_get_unique_id
                0x100056cc       0x3c CMakeFiles/ToolsLEDSolution.dir/Users/kyankotschevar-smead/Desktop/Projects/Embedded-Systems/pico-sdk/src/rp2_common/hardware_flash/flash.c.o
                0x100056cc                flash_get_unique_id
 .text.dcd_init
                0x10005708       0x90 CMakeFiles/ToolsLEDSolution.dir/Users/kyankotschevar-smead/Desktop/Projects/Embedded-Systems/pico-sdk/lib/tinyusb/src/portable/raspberrypi/rp2040/dcd_rp2040.c.o
                0x10005708                dcd_init
 .text.dcd_int_enable
                0x10005798        0xc CMakeFiles/ToolsLEDSolution.dir/Users/kyankotschevar-smead/Desktop/Projects/Embedded-Systems/pico-sdk/lib/tinyusb/src/portable/raspberrypi/rp2040/dcd_rp2040.c.o
                0x10005798                dcd_int_enable
 .text.dcd_set_address
                0x100057a4       0x14 CMakeFiles/ToolsLEDSolution.dir/Users/kyankotschevar-smead/Desktop/Projects/Embedded-Systems/pico-sdk/lib/tinyusb/src/portable/raspberrypi/rp2040/dcd_rp2040.c.o
                0x100057a4                dcd_set_address
 .text.dcd_sof_enable
                0x100057b8       0x1c CMakeFiles/ToolsLEDSolution.dir/Users/kyankotschevar-smead/Desktop/Projects/Embedded-Systems/pico-sdk/lib/tinyusb/src/portable/raspberrypi/rp2040/dcd_rp2040.c.o
                0x100057b8                dcd_sof_enable
 .text.dcd_edpt0_status_complete
                0x100057d4       0x1c CMakeFiles/ToolsLEDSolution.dir/Users/kyankotschevar-smead/Desktop/Projects/Embedded-Systems/pico-sdk/lib/tinyusb/src/portable/raspberrypi/rp2040/dcd_rp2040.c.o
                0x100057d4                dcd_edpt0_status_complete
 .text.dcd_edpt_open
                0x100057f0      0x114 CMakeFiles/ToolsLEDSolution.dir/Users/kyankotschevar-smead/Desktop/Projects/Embedded-Systems/pico-sdk/lib/tinyusb/src/portable/raspberrypi/rp2040/dcd_rp2040.c.o
                0x100057f0                dcd_edpt_open
 .text.dcd_edpt_close_all
                0x10005904        0x8 CMakeFiles/ToolsLEDSolution.dir/Users/kyankotschevar-smead/Desktop/Projects/Embedded-Systems/pico-sdk/lib/tinyusb/src/portable/raspberrypi/rp2040/dcd_rp2040.c.o
                0x10005904                dcd_edpt_close_all
 .text.dcd_edpt_xfer
                0x1000590c       0x24 CMakeFiles/ToolsLEDSolution.dir/Users/kyankotschevar-smead/Desktop/Projects/Embedded-Systems/pico-sdk/lib/tinyusb/src/portable/raspberrypi/rp2040/dcd_rp2040.c.o
                0x1000590c                dcd_edpt_xfer
 .text.dcd_edpt_stall
                0x10005930       0x3c CMakeFiles/ToolsLEDSolution.dir/Users/kyankotschevar-smead/Desktop/Projects/Embedded-Systems/pico-sdk/lib/tinyusb/src/portable/raspberrypi/rp2040/dcd_rp2040.c.o
                0x10005930                dcd_edpt_stall
 .text.dcd_edpt_clear_stall
                0x1000596c       0x30 CMakeFiles/ToolsLEDSolution.dir/Users/kyankotschevar-smead/Desktop/Projects/Embedded-Systems/pico-sdk/lib/tinyusb/src/portable/raspberrypi/rp2040/dcd_rp2040.c.o
                0x1000596c                dcd_edpt_clear_stall
 .text.rp2040_usb_init
                0x1000599c       0x40 CMakeFiles/ToolsLEDSolution.dir/Users/kyankotschevar-smead/Desktop/Projects/Embedded-Systems/pico-sdk/lib/tinyusb/src/portable/raspberrypi/rp2040/rp2040_usb.c.o
                0x1000599c                rp2040_usb_init
 .text.hw_endpoint_xfer_start
                0x100059dc       0x40 CMakeFiles/ToolsLEDSolution.dir/Users/kyankotschevar-smead/Desktop/Projects/Embedded-Systems/pico-sdk/lib/tinyusb/src/portable/raspberrypi/rp2040/rp2040_usb.c.o
                0x100059dc                hw_endpoint_xfer_start
 .text.tud_event_hook_cb
                0x10005a1c        0x4 CMakeFiles/ToolsLEDSolution.dir/Users/kyankotschevar-smead/Desktop/Projects/Embedded-Systems/pico-sdk/lib/tinyusb/src/device/usbd.c.o
                0x10005a1c                tud_event_hook_cb
 .text.tud_sof_cb
                0x10005a20        0x4 CMakeFiles/ToolsLEDSolution.dir/Users/kyankotschevar-smead/Desktop/Projects/Embedded-Systems/pico-sdk/lib/tinyusb/src/device/usbd.c.o
                0x10005a20                tud_sof_cb
 .text.tud_descriptor_device_qualifier_cb
                0x10005a24        0x4 CMakeFiles/ToolsLEDSolution.dir/Users/kyankotschevar-smead/Desktop/Projects/Embedded-Systems/pico-sdk/lib/tinyusb/src/device/usbd.c.o
                0x10005a24                tud_descriptor_device_qualifier_cb
 .text.tud_descriptor_other_speed_configuration_cb
                0x10005a28        0x4 CMakeFiles/ToolsLEDSolution.dir/Users/kyankotschevar-smead/Desktop/Projects/Embedded-Systems/pico-sdk/lib/tinyusb/src/device/usbd.c.o
                0x10005a28                tud_descriptor_other_speed_configuration_cb
 .text.tud_mount_cb
                0x10005a2c        0x4 CMakeFiles/ToolsLEDSolution.dir/Users/kyankotschevar-smead/Desktop/Projects/Embedded-Systems/pico-sdk/lib/tinyusb/src/device/usbd.c.o
                0x10005a2c                tud_mount_cb
 .text.tud_umount_cb
                0x10005a30        0x4 CMakeFiles/ToolsLEDSolution.dir/Users/kyankotschevar-smead/Desktop/Projects/Embedded-Systems/pico-sdk/lib/tinyusb/src/device/usbd.c.o
                0x10005a30                tud_umount_cb
 .text.tud_suspend_cb
                0x10005a34        0x4 CMakeFiles/ToolsLEDSolution.dir/Users/kyankotschevar-smead/Desktop/Projects/Embedded-Systems/pico-sdk/lib/tinyusb/src/device/usbd.c.o
                0x10005a34                tud_suspend_cb
 .text.tud_resume_cb
                0x10005a38        0x4 CMakeFiles/ToolsLEDSolution.dir/Users/kyankotschevar-smead/Desktop/Projects/Embedded-Systems/pico-sdk/lib/tinyusb/src/device/usbd.c.o
                0x10005a38                tud_resume_cb
 .text.tud_mounted
                0x10005a3c       0x10 CMakeFiles/ToolsLEDSolution.dir/Users/kyankotschevar-smead/Desktop/Projects/Embedded-Systems/pico-sdk/lib/tinyusb/src/device/usbd.c.o
                0x10005a3c                tud_mounted
 .text.tud_suspended
                0x10005a4c       0x10 CMakeFiles/ToolsLEDSolution.dir/Users/kyankotschevar-smead/Desktop/Projects/Embedded-Systems/pico-sdk/lib/tinyusb/src/device/usbd.c.o
                0x10005a4c                tud_suspended
 .text.tud_rhport_init
                0x10005a5c       0xf0 CMakeFiles/ToolsLEDSolution.dir/Users/kyankotschevar-smead/Desktop/Projects/Embedded-Systems/pico-sdk/lib/tinyusb/src/device/usbd.c.o
                0x10005a5c                tud_rhport_init
 .text.tud_task_ext
                0x10005b4c      0x7fc CMakeFiles/ToolsLEDSolution.dir/Users/kyankotschevar-smead/Desktop/Projects/Embedded-Systems/pico-sdk/lib/tinyusb/src/device/usbd.c.o
                0x10005b4c                tud_task_ext
 .text.usbd_open_edpt_pair
                0x10006348       0x98 CMakeFiles/ToolsLEDSolution.dir/Users/kyankotschevar-smead/Desktop/Projects/Embedded-Systems/pico-sdk/lib/tinyusb/src/device/usbd.c.o
                0x10006348                usbd_open_edpt_pair
 .text.usbd_edpt_open
                0x100063e0       0x34 CMakeFiles/ToolsLEDSolution.dir/Users/kyankotschevar-smead/Desktop/Projects/Embedded-Systems/pico-sdk/lib/tinyusb/src/device/usbd.c.o
                0x100063e0                usbd_edpt_open
 .text.usbd_edpt_claim
                0x10006414       0x28 CMakeFiles/ToolsLEDSolution.dir/Users/kyankotschevar-smead/Desktop/Projects/Embedded-Systems/pico-sdk/lib/tinyusb/src/device/usbd.c.o
                0x10006414                usbd_edpt_claim
 .text.usbd_edpt_release
                0x1000643c       0x28 CMakeFiles/ToolsLEDSolution.dir/Users/kyankotschevar-smead/Desktop/Projects/Embedded-Systems/pico-sdk/lib/tinyusb/src/device/usbd.c.o
                0x1000643c                usbd_edpt_release
 .text.usbd_edpt_xfer
                0x10006464       0x50 CMakeFiles/ToolsLEDSolution.dir/Users/kyankotschevar-smead/Desktop/Projects/Embedded-Systems/pico-sdk/lib/tinyusb/src/device/usbd.c.o
                0x10006464                usbd_edpt_xfer
 .text.tud_control_status
                0x100064b4       0x2c CMakeFiles/ToolsLEDSolution.dir/Users/kyankotschevar-smead/Desktop/Projects/Embedded-Systems/pico-sdk/lib/tinyusb/src/device/usbd_control.c.o
                0x100064b4                tud_control_status
 .text.tud_control_xfer
                0x100064e0       0xa0 CMakeFiles/ToolsLEDSolution.dir/Users/kyankotschevar-smead/Desktop/Projects/Embedded-Systems/pico-sdk/lib/tinyusb/src/device/usbd_control.c.o
                0x100064e0                tud_control_xfer
 .text.usbd_control_reset
                0x10006580       0x14 CMakeFiles/ToolsLEDSolution.dir/Users/kyankotschevar-smead/Desktop/Projects/Embedded-Systems/pico-sdk/lib/tinyusb/src/device/usbd_control.c.o
                0x10006580                usbd_control_reset
 .text.usbd_control_set_complete_callback
                0x10006594        0xc CMakeFiles/ToolsLEDSolution.dir/Users/kyankotschevar-smead/Desktop/Projects/Embedded-Systems/pico-sdk/lib/tinyusb/src/device/usbd_control.c.o
                0x10006594                usbd_control_set_complete_callback
 .text.usbd_control_set_request
                0x100065a0       0x1c CMakeFiles/ToolsLEDSolution.dir/Users/kyankotschevar-smead/Desktop/Projects/Embedded-Systems/pico-sdk/lib/tinyusb/src/device/usbd_control.c.o
                0x100065a0                usbd_control_set_request
 .text.usbd_control_xfer_cb
                0x100065bc       0xe8 CMakeFiles/ToolsLEDSolution.dir/Users/kyankotschevar-smead/Desktop/Projects/Embedded-Systems/pico-sdk/lib/tinyusb/src/device/usbd_control.c.o
                0x100065bc                usbd_control_xfer_cb
 .text._prep_out_transaction.isra.0
                0x100066a4       0x6c CMakeFiles/ToolsLEDSolution.dir/Users/kyankotschevar-smead/Desktop/Projects/Embedded-Systems/pico-sdk/lib/tinyusb/src/class/cdc/cdc_device.c.o
 .text.tud_cdc_n_connected
                0x10006710       0x2c CMakeFiles/ToolsLEDSolution.dir/Users/kyankotschevar-smead/Desktop/Projects/Embedded-Systems/pico-sdk/lib/tinyusb/src/class/cdc/cdc_device.c.o
                0x10006710                tud_cdc_n_connected
 .text.tud_cdc_n_available
                0x1000673c       0x14 CMakeFiles/ToolsLEDSolution.dir/Users/kyankotschevar-smead/Desktop/Projects/Embedded-Systems/pico-sdk/lib/tinyusb/src/class/cdc/cdc_device.c.o
                0x1000673c                tud_cdc_n_available
 .text.tud_cdc_n_read
                0x10006750       0x88 CMakeFiles/ToolsLEDSolution.dir/Users/kyankotschevar-smead/Desktop/Projects/Embedded-Systems/pico-sdk/lib/tinyusb/src/class/cdc/cdc_device.c.o
                0x10006750                tud_cdc_n_read
 .text.tud_cdc_n_write_flush
                0x100067d8       0x78 CMakeFiles/ToolsLEDSolution.dir/Users/kyankotschevar-smead/Desktop/Projects/Embedded-Systems/pico-sdk/lib/tinyusb/src/class/cdc/cdc_device.c.o
                0x100067d8                tud_cdc_n_write_flush
 .text.tud_cdc_n_write
                0x10006850       0x40 CMakeFiles/ToolsLEDSolution.dir/Users/kyankotschevar-smead/Desktop/Projects/Embedded-Systems/pico-sdk/lib/tinyusb/src/class/cdc/cdc_device.c.o
                0x10006850                tud_cdc_n_write
 .text.tud_cdc_n_write_available
                0x10006890       0x14 CMakeFiles/ToolsLEDSolution.dir/Users/kyankotschevar-smead/Desktop/Projects/Embedded-Systems/pico-sdk/lib/tinyusb/src/class/cdc/cdc_device.c.o
                0x10006890                tud_cdc_n_write_available
 .text.cdcd_init
                0x100068a4       0x70 CMakeFiles/ToolsLEDSolution.dir/Users/kyankotschevar-smead/Desktop/Projects/Embedded-Systems/pico-sdk/lib/tinyusb/src/class/cdc/cdc_device.c.o
                0x100068a4                cdcd_init
 .text.cdcd_deinit
                0x10006914       0x30 CMakeFiles/ToolsLEDSolution.dir/Users/kyankotschevar-smead/Desktop/Projects/Embedded-Systems/pico-sdk/lib/tinyusb/src/class/cdc/cdc_device.c.o
                0x10006914                cdcd_deinit
 .text.cdcd_reset
                0x10006944       0x48 CMakeFiles/ToolsLEDSolution.dir/Users/kyankotschevar-smead/Desktop/Projects/Embedded-Systems/pico-sdk/lib/tinyusb/src/class/cdc/cdc_device.c.o
                0x10006944                cdcd_reset
 .text.cdcd_open
                0x1000698c       0xa8 CMakeFiles/ToolsLEDSolution.dir/Users/kyankotschevar-smead/Desktop/Projects/Embedded-Systems/pico-sdk/lib/tinyusb/src/class/cdc/cdc_device.c.o
                0x1000698c                cdcd_open
 .text.cdcd_control_xfer_cb
                0x10006a34       0xf0 CMakeFiles/ToolsLEDSolution.dir/Users/kyankotschevar-smead/Desktop/Projects/Embedded-Systems/pico-sdk/lib/tinyusb/src/class/cdc/cdc_device.c.o
                0x10006a34                cdcd_control_xfer_cb
 .text.cdcd_xfer_cb
                0x10006b24       0xf8 CMakeFiles/ToolsLEDSolution.dir/Users/kyankotschevar-smead/Desktop/Projects/Embedded-Systems/pico-sdk/lib/tinyusb/src/class/cdc/cdc_device.c.o
                0x10006b24                cdcd_xfer_cb
 .text.vendord_init
                0x10006c1c       0x5c CMakeFiles/ToolsLEDSolution.dir/Users/kyankotschevar-smead/Desktop/Projects/Embedded-Systems/pico-sdk/lib/tinyusb/src/class/vendor/vendor_device.c.o
                0x10006c1c                vendord_init
 .text.vendord_deinit
                0x10006c78       0x1c CMakeFiles/ToolsLEDSolution.dir/Users/kyankotschevar-smead/Desktop/Projects/Embedded-Systems/pico-sdk/lib/tinyusb/src/class/vendor/vendor_device.c.o
                0x10006c78                vendord_deinit
 .text.vendord_reset
                0x10006c94       0x28 CMakeFiles/ToolsLEDSolution.dir/Users/kyankotschevar-smead/Desktop/Projects/Embedded-Systems/pico-sdk/lib/tinyusb/src/class/vendor/vendor_device.c.o
                0x10006c94                vendord_reset
 .text.vendord_open
                0x10006cbc      0x104 CMakeFiles/ToolsLEDSolution.dir/Users/kyankotschevar-smead/Desktop/Projects/Embedded-Systems/pico-sdk/lib/tinyusb/src/class/vendor/vendor_device.c.o
                0x10006cbc                vendord_open
 .text.vendord_xfer_cb
                0x10006dc0       0xa0 CMakeFiles/ToolsLEDSolution.dir/Users/kyankotschevar-smead/Desktop/Projects/Embedded-Systems/pico-sdk/lib/tinyusb/src/class/vendor/vendor_device.c.o
                0x10006dc0                vendord_xfer_cb
 .text.tusb_rhport_init
                0x10006e60       0x4c CMakeFiles/ToolsLEDSolution.dir/Users/kyankotschevar-smead/Desktop/Projects/Embedded-Systems/pico-sdk/lib/tinyusb/src/tusb.c.o
                0x10006e60                tusb_rhport_init
 .text.tu_edpt_claim
                0x10006eac       0x50 CMakeFiles/ToolsLEDSolution.dir/Users/kyankotschevar-smead/Desktop/Projects/Embedded-Systems/pico-sdk/lib/tinyusb/src/tusb.c.o
                0x10006eac                tu_edpt_claim
 .text.tu_edpt_release
                0x10006efc       0x38 CMakeFiles/ToolsLEDSolution.dir/Users/kyankotschevar-smead/Desktop/Projects/Embedded-Systems/pico-sdk/lib/tinyusb/src/tusb.c.o
                0x10006efc                tu_edpt_release
 .text.tu_edpt_validate
                0x10006f34       0x74 CMakeFiles/ToolsLEDSolution.dir/Users/kyankotschevar-smead/Desktop/Projects/Embedded-Systems/pico-sdk/lib/tinyusb/src/tusb.c.o
                0x10006f34                tu_edpt_validate
 .text.tu_edpt_bind_driver
                0x10006fa8       0x34 CMakeFiles/ToolsLEDSolution.dir/Users/kyankotschevar-smead/Desktop/Projects/Embedded-Systems/pico-sdk/lib/tinyusb/src/tusb.c.o
                0x10006fa8                tu_edpt_bind_driver
 .text.tu_edpt_stream_init
                0x10006fdc       0x68 CMakeFiles/ToolsLEDSolution.dir/Users/kyankotschevar-smead/Desktop/Projects/Embedded-Systems/pico-sdk/lib/tinyusb/src/tusb.c.o
                0x10006fdc                tu_edpt_stream_init
 .text.tu_edpt_stream_deinit
                0x10007044        0x4 CMakeFiles/ToolsLEDSolution.dir/Users/kyankotschevar-smead/Desktop/Projects/Embedded-Systems/pico-sdk/lib/tinyusb/src/tusb.c.o
                0x10007044                tu_edpt_stream_deinit
 .text.tu_edpt_stream_write_zlp_if_needed
                0x10007048       0x64 CMakeFiles/ToolsLEDSolution.dir/Users/kyankotschevar-smead/Desktop/Projects/Embedded-Systems/pico-sdk/lib/tinyusb/src/tusb.c.o
                0x10007048                tu_edpt_stream_write_zlp_if_needed
 .text.tu_edpt_stream_write_xfer
                0x100070ac       0x6c CMakeFiles/ToolsLEDSolution.dir/Users/kyankotschevar-smead/Desktop/Projects/Embedded-Systems/pico-sdk/lib/tinyusb/src/tusb.c.o
                0x100070ac                tu_edpt_stream_write_xfer
 .text.tu_edpt_stream_read_xfer
                0x10007118       0xd8 CMakeFiles/ToolsLEDSolution.dir/Users/kyankotschevar-smead/Desktop/Projects/Embedded-Systems/pico-sdk/lib/tinyusb/src/tusb.c.o
                0x10007118                tu_edpt_stream_read_xfer
 .text.tu_fifo_config
                0x100071f0       0x6c CMakeFiles/ToolsLEDSolution.dir/Users/kyankotschevar-smead/Desktop/Projects/Embedded-Systems/pico-sdk/lib/tinyusb/src/common/tusb_fifo.c.o
                0x100071f0                tu_fifo_config
 .text.tu_fifo_count
                0x1000725c       0x2c CMakeFiles/ToolsLEDSolution.dir/Users/kyankotschevar-smead/Desktop/Projects/Embedded-Systems/pico-sdk/lib/tinyusb/src/common/tusb_fifo.c.o
                0x1000725c                tu_fifo_count
 .text.tu_fifo_empty
                0x10007288       0x10 CMakeFiles/ToolsLEDSolution.dir/Users/kyankotschevar-smead/Desktop/Projects/Embedded-Systems/pico-sdk/lib/tinyusb/src/common/tusb_fifo.c.o
                0x10007288                tu_fifo_empty
 .text.tu_fifo_remaining
                0x10007298       0x2c CMakeFiles/ToolsLEDSolution.dir/Users/kyankotschevar-smead/Desktop/Projects/Embedded-Systems/pico-sdk/lib/tinyusb/src/common/tusb_fifo.c.o
                0x10007298                tu_fifo_remaining
 .text.tu_fifo_read
                0x100072c4       0x9c CMakeFiles/ToolsLEDSolution.dir/Users/kyankotschevar-smead/Desktop/Projects/Embedded-Systems/pico-sdk/lib/tinyusb/src/common/tusb_fifo.c.o
                0x100072c4                tu_fifo_read
 .text.tu_fifo_read_n
                0x10007360       0xec CMakeFiles/ToolsLEDSolution.dir/Users/kyankotschevar-smead/Desktop/Projects/Embedded-Systems/pico-sdk/lib/tinyusb/src/common/tusb_fifo.c.o
                0x10007360                tu_fifo_read_n
 .text.tu_fifo_write
                0x1000744c       0xa4 CMakeFiles/ToolsLEDSolution.dir/Users/kyankotschevar-smead/Desktop/Projects/Embedded-Systems/pico-sdk/lib/tinyusb/src/common/tusb_fifo.c.o
                0x1000744c                tu_fifo_write
 .text.tu_fifo_write_n
                0x100074f0      0x168 CMakeFiles/ToolsLEDSolution.dir/Users/kyankotschevar-smead/Desktop/Projects/Embedded-Systems/pico-sdk/lib/tinyusb/src/common/tusb_fifo.c.o
                0x100074f0                tu_fifo_write_n
 .text.tu_fifo_clear
                0x10007658       0x40 CMakeFiles/ToolsLEDSolution.dir/Users/kyankotschevar-smead/Desktop/Projects/Embedded-Systems/pico-sdk/lib/tinyusb/src/common/tusb_fifo.c.o
                0x10007658                tu_fifo_clear
 .text.tu_fifo_set_overwritable
                0x10007698       0x48 CMakeFiles/ToolsLEDSolution.dir/Users/kyankotschevar-smead/Desktop/Projects/Embedded-Systems/pico-sdk/lib/tinyusb/src/common/tusb_fifo.c.o
                0x10007698                tu_fifo_set_overwritable
 .text.lf_time_add
                0x100076e0       0x8c core/libreactor-c.a(tag.c.o)
                0x100076e0                lf_time_add
 .text.lf_tag_compare
                0x1000776c       0x38 core/libreactor-c.a(tag.c.o)
                0x1000776c                lf_tag_compare
 .text.lf_delay_tag
                0x100077a4       0x9c core/libreactor-c.a(tag.c.o)
                0x100077a4                lf_delay_tag
 .text.lf_time_logical
                0x10007840        0x8 core/libreactor-c.a(tag.c.o)
                0x10007840                lf_time_logical
 .text.lf_time_logical_elapsed
                0x10007848       0x14 core/libreactor-c.a(tag.c.o)
                0x10007848                lf_time_logical_elapsed
 .text.lf_time_physical
                0x1000785c       0x14 core/libreactor-c.a(tag.c.o)
                0x1000785c                lf_time_physical
 .text.lf_time_physical_elapsed
                0x10007870       0x20 core/libreactor-c.a(tag.c.o)
                0x10007870                lf_time_physical_elapsed
 .text.lf_comma_separated_time
                0x10007890      0x244 core/libreactor-c.a(tag.c.o)
                0x10007890                lf_comma_separated_time
 .text.lf_clock_gettime
                0x10007ad4       0x78 core/libreactor-c.a(clock.c.o)
                0x10007ad4                lf_clock_gettime
 .text.lf_clock_interruptable_sleep_until_locked
                0x10007b4c        0x8 core/libreactor-c.a(clock.c.o)
                0x10007b4c                lf_clock_interruptable_sleep_until_locked
 .text.lf_allocate
                0x10007b54       0x3c core/libreactor-c.a(reactor_common.c.o)
                0x10007b54                lf_allocate
 .text.lf_new_reactor
                0x10007b90       0x40 core/libreactor-c.a(reactor_common.c.o)
                0x10007b90                lf_new_reactor
 .text.lf_set_stop_tag
                0x10007bd0       0x3c core/libreactor-c.a(reactor_common.c.o)
                0x10007bd0                lf_set_stop_tag
 .text._lf_start_time_step
                0x10007c0c       0x70 core/libreactor-c.a(reactor_common.c.o)
                0x10007c0c                _lf_start_time_step
 .text.lf_is_tag_after_stop_tag
                0x10007c7c       0x30 core/libreactor-c.a(reactor_common.c.o)
                0x10007c7c                lf_is_tag_after_stop_tag
 .text._lf_pop_events
                0x10007cac      0x10c core/libreactor-c.a(reactor_common.c.o)
                0x10007cac                _lf_pop_events
 .text.lf_get_new_event
                0x10007db8       0x28 core/libreactor-c.a(reactor_common.c.o)
                0x10007db8                lf_get_new_event
 .text._lf_initialize_timer
                0x10007de0       0xc0 core/libreactor-c.a(reactor_common.c.o)
                0x10007de0                _lf_initialize_timer
 .text._lf_initialize_timers
                0x10007ea0       0x80 core/libreactor-c.a(reactor_common.c.o)
                0x10007ea0                _lf_initialize_timers
 .text._lf_trigger_startup_reactions
                0x10007f20       0x40 core/libreactor-c.a(reactor_common.c.o)
                0x10007f20                _lf_trigger_startup_reactions
 .text._lf_trigger_shutdown_reactions
                0x10007f60       0x40 core/libreactor-c.a(reactor_common.c.o)
                0x10007f60                _lf_trigger_shutdown_reactions
 .text.lf_recycle_event
                0x10007fa0       0x1c core/libreactor-c.a(reactor_common.c.o)
                0x10007fa0                lf_recycle_event
 .text.lf_replace_token
                0x10007fbc       0x14 core/libreactor-c.a(reactor_common.c.o)
                0x10007fbc                lf_replace_token
 .text._lf_advance_tag
                0x10007fd0       0x6c core/libreactor-c.a(reactor_common.c.o)
                0x10007fd0                _lf_advance_tag
 .text._lf_invoke_reaction
                0x1000803c       0x14 core/libreactor-c.a(reactor_common.c.o)
                0x1000803c                _lf_invoke_reaction
 .text.schedule_output_reactions
                0x10008050      0x144 core/libreactor-c.a(reactor_common.c.o)
                0x10008050                schedule_output_reactions
 .text.usage    0x10008194       0xb0 core/libreactor-c.a(reactor_common.c.o)
                0x10008194                usage
 .text.process_args
                0x10008244      0x400 core/libreactor-c.a(reactor_common.c.o)
                0x10008244                process_args
 .text.initialize_global
                0x10008644        0x8 core/libreactor-c.a(reactor_common.c.o)
                0x10008644                initialize_global
 .text.termination
                0x1000864c      0x28c core/libreactor-c.a(reactor_common.c.o)
                0x1000864c                termination
 .text.lf_combine_deadline_and_level
                0x100088d8       0x28 core/libreactor-c.a(reactor_common.c.o)
                0x100088d8                lf_combine_deadline_and_level
 .text._lf_free_token.part.0
                0x10008900       0x84 core/libreactor-c.a(lf_token.c.o)
 .text._lf_new_token
                0x10008984       0x80 core/libreactor-c.a(lf_token.c.o)
                0x10008984                _lf_new_token
 .text._lf_initialize_token_with_value
                0x10008a04       0x58 core/libreactor-c.a(lf_token.c.o)
                0x10008a04                _lf_initialize_token_with_value
 .text._lf_free_all_tokens
                0x10008a5c       0xf8 core/libreactor-c.a(lf_token.c.o)
                0x10008a5c                _lf_free_all_tokens
 .text._lf_replace_template_token
                0x10008b54       0x44 core/libreactor-c.a(lf_token.c.o)
                0x10008b54                _lf_replace_template_token
 .text._lf_done_using
                0x10008b98       0x2c core/libreactor-c.a(lf_token.c.o)
                0x10008b98                _lf_done_using
 .text._lf_free_token_copies
                0x10008bc4       0x40 core/libreactor-c.a(lf_token.c.o)
                0x10008bc4                _lf_free_token_copies
 .text.event_matches
                0x10008c04        0xc core/libreactor-c.a(environment.c.o)
 .text.print_event
                0x10008c10        0x4 core/libreactor-c.a(environment.c.o)
 .text.environment_free
                0x10008c14       0x64 core/libreactor-c.a(environment.c.o)
                0x10008c14                environment_free
 .text.environment_init_tags
                0x10008c78       0x40 core/libreactor-c.a(environment.c.o)
                0x10008c78                environment_init_tags
 .text.environment_init
                0x10008cb8      0x148 core/libreactor-c.a(environment.c.o)
                0x10008cb8                environment_init
 .text.lf_set_present
                0x10008e00       0x58 core/libreactor-c.a(reactor.c.o)
                0x10008e00                lf_set_present
 .text._lf_trigger_reaction
                0x10008e58       0x28 core/libreactor-c.a(reactor.c.o)
                0x10008e58                _lf_trigger_reaction
 .text._lf_do_step
                0x10008e80       0xac core/libreactor-c.a(reactor.c.o)
                0x10008e80                _lf_do_step
 .text.next     0x10008f2c      0x110 core/libreactor-c.a(reactor.c.o)
                0x10008f2c                next
 .text.lf_reactor_c_main
                0x1000903c       0xe4 core/libreactor-c.a(reactor.c.o)
                0x1000903c                lf_reactor_c_main
 .text.lf_critical_section_enter
                0x10009120        0x8 core/libreactor-c.a(reactor.c.o)
                0x10009120                lf_critical_section_enter
 .text.lf_critical_section_exit
                0x10009128        0x8 core/libreactor-c.a(reactor.c.o)
                0x10009128                lf_critical_section_exit
 .text.vector_at
                0x10009130       0x60 core/libreactor-c.a(vector.c.o)
                0x10009130                vector_at
 .text.vector_size
                0x10009190        0x8 core/libreactor-c.a(vector.c.o)
                0x10009190                vector_size
 .text.percolate_down
                0x10009198       0xcc core/libreactor-c.a(pqueue_base.c.o)
 .text.bubble_up.isra.0
                0x10009264       0x90 core/libreactor-c.a(pqueue_base.c.o)
 .text.find_equal_same_priority
                0x100092f4       0xc8 core/libreactor-c.a(pqueue_base.c.o)
                0x100092f4                find_equal_same_priority
 .text.pqueue_init
                0x100093bc       0x54 core/libreactor-c.a(pqueue_base.c.o)
                0x100093bc                pqueue_init
 .text.pqueue_free
                0x10009410       0x14 core/libreactor-c.a(pqueue_base.c.o)
                0x10009410                pqueue_free
 .text.pqueue_size
                0x10009424        0xc core/libreactor-c.a(pqueue_base.c.o)
                0x10009424                pqueue_size
 .text.pqueue_find_equal_same_priority
                0x10009430        0xc core/libreactor-c.a(pqueue_base.c.o)
                0x10009430                pqueue_find_equal_same_priority
 .text.pqueue_insert
                0x1000943c       0x40 core/libreactor-c.a(pqueue_base.c.o)
                0x1000943c                pqueue_insert
 .text.pqueue_remove
                0x1000947c       0x6c core/libreactor-c.a(pqueue_base.c.o)
                0x1000947c                pqueue_remove
 .text.pqueue_pop
                0x100094e8       0x2c core/libreactor-c.a(pqueue_base.c.o)
                0x100094e8                pqueue_pop
 .text.pqueue_peek
                0x10009514       0x14 core/libreactor-c.a(pqueue_base.c.o)
                0x10009514                pqueue_peek
 .text.pqueue_tag_get_priority
                0x10009528        0x4 core/libreactor-c.a(pqueue_tag.c.o)
 .text.pqueue_tag_get_position
                0x1000952c        0x4 core/libreactor-c.a(pqueue_tag.c.o)
 .text.pqueue_tag_set_position
                0x10009530        0x4 core/libreactor-c.a(pqueue_tag.c.o)
 .text.pqueue_tag_compare
                0x10009534       0x1c core/libreactor-c.a(pqueue_tag.c.o)
                0x10009534                pqueue_tag_compare
 .text.pqueue_tag_init_customize
                0x10009550       0x28 core/libreactor-c.a(pqueue_tag.c.o)
                0x10009550                pqueue_tag_init_customize
 .text.pqueue_tag_free
                0x10009578       0x38 core/libreactor-c.a(pqueue_tag.c.o)
                0x10009578                pqueue_tag_free
 .text.pqueue_tag_size
                0x100095b0        0x8 core/libreactor-c.a(pqueue_tag.c.o)
                0x100095b0                pqueue_tag_size
 .text.pqueue_tag_insert
                0x100095b8        0x8 core/libreactor-c.a(pqueue_tag.c.o)
                0x100095b8                pqueue_tag_insert
 .text.pqueue_tag_find_equal_same_tag
                0x100095c0        0x8 core/libreactor-c.a(pqueue_tag.c.o)
                0x100095c0                pqueue_tag_find_equal_same_tag
 .text.pqueue_tag_peek
                0x100095c8        0x8 core/libreactor-c.a(pqueue_tag.c.o)
                0x100095c8                pqueue_tag_peek
 .text.pqueue_tag_pop
                0x100095d0        0x8 core/libreactor-c.a(pqueue_tag.c.o)
                0x100095d0                pqueue_tag_pop
 .text.pqueue_tag_remove
                0x100095d8        0x8 core/libreactor-c.a(pqueue_tag.c.o)
                0x100095d8                pqueue_tag_remove
 .text.in_reverse_order
                0x100095e0       0x30 core/libreactor-c.a(pqueue.c.o)
                0x100095e0                in_reverse_order
 .text.in_no_particular_order
                0x10009610        0x4 core/libreactor-c.a(pqueue.c.o)
                0x10009610                in_no_particular_order
 .text.reaction_matches
                0x10009614        0x8 core/libreactor-c.a(pqueue.c.o)
                0x10009614                reaction_matches
 .text.get_reaction_index
                0x1000961c        0x8 core/libreactor-c.a(pqueue.c.o)
                0x1000961c                get_reaction_index
 .text.get_reaction_position
                0x10009624        0x4 core/libreactor-c.a(pqueue.c.o)
                0x10009624                get_reaction_position
 .text.set_reaction_position
                0x10009628        0x4 core/libreactor-c.a(pqueue.c.o)
                0x10009628                set_reaction_position
 .text.print_reaction
                0x1000962c        0x4 core/libreactor-c.a(pqueue.c.o)
                0x1000962c                print_reaction
 .text._lf_message_print
                0x10009630      0x110 core/libreactor-c.a(util.c.o)
                0x10009630                _lf_message_print
 .text.lf_print_error
                0x10009740       0xec core/libreactor-c.a(util.c.o)
                0x10009740                lf_print_error
 .text.lf_print_warning
                0x1000982c       0xec core/libreactor-c.a(util.c.o)
                0x1000982c                lf_print_warning
 .text.lf_print_error_and_exit
                0x10009918       0x2c core/libreactor-c.a(util.c.o)
                0x10009918                lf_print_error_and_exit
 .text.hashset_num_items
                0x10009944        0x4 core/libreactor-c.a(hashset.c.o)
                0x10009944                hashset_num_items
 .text.hashset_destroy
                0x10009948       0x18 core/libreactor-c.a(hashset.c.o)
                0x10009948                hashset_destroy
 .text.hashset_create
                0x10009960       0x40 core/libreactor-c.a(hashset.c.o)
                0x10009960                hashset_create
 .text.hashset_add
                0x100099a0      0x194 core/libreactor-c.a(hashset.c.o)
                0x100099a0                hashset_add
 .text.hashset_remove
                0x10009b34       0x50 core/libreactor-c.a(hashset.c.o)
                0x10009b34                hashset_remove
 .text.hashset_iterator
                0x10009b84       0x1c core/libreactor-c.a(hashset_itr.c.o)
                0x10009b84                hashset_iterator
 .text.hashset_iterator_next
                0x10009ba0       0x38 core/libreactor-c.a(hashset_itr.c.o)
                0x10009ba0                hashset_iterator_next
 .text.hashset_iterator_value
                0x10009bd8        0xc core/libreactor-c.a(hashset_itr.c.o)
                0x10009bd8                hashset_iterator_value
 .text._lf_initialize_clock
                0x10009be4       0x20 core/liblf-low-level-platform-impl.a(lf_rp2040_support.c.o)
                0x10009be4                _lf_initialize_clock
 .text._lf_clock_gettime
                0x10009c04       0x20 core/liblf-low-level-platform-impl.a(lf_rp2040_support.c.o)
                0x10009c04                _lf_clock_gettime
 .text._lf_interruptable_sleep_until_locked
                0x10009c24       0x48 core/liblf-low-level-platform-impl.a(lf_rp2040_support.c.o)
                0x10009c24                _lf_interruptable_sleep_until_locked
 .text.lf_disable_interrupts_nested
                0x10009c6c       0x3c core/liblf-low-level-platform-impl.a(lf_rp2040_support.c.o)
                0x10009c6c                lf_disable_interrupts_nested
 .text.lf_enable_interrupts_nested
                0x10009ca8       0x38 core/liblf-low-level-platform-impl.a(lf_rp2040_support.c.o)
                0x10009ca8                lf_enable_interrupts_nested
 .text.lf_atomic_fetch_add
                0x10009ce0       0x18 core/liblf-low-level-platform-impl.a(lf_atomic_irq.c.o)
                0x10009ce0                lf_atomic_fetch_add
 .text.lf_atomic_fetch_add64
                0x10009cf8       0x28 core/liblf-low-level-platform-impl.a(lf_atomic_irq.c.o)
                0x10009cf8                lf_atomic_fetch_add64
 .text.lf_atomic_bool_compare_and_swap64
                0x10009d20       0x2c core/liblf-low-level-platform-impl.a(lf_atomic_irq.c.o)
                0x10009d20                lf_atomic_bool_compare_and_swap64
 .text.atexit   0x10009d4c       0x10 /Applications/ArmGNUToolchain/15.2.rel1/arm-none-eabi/bin/../lib/gcc/arm-none-eabi/15.2.1/../../../../arm-none-eabi/lib/thumb/v6-m/nofp/libg.a(libc_a-atexit.o)
                0x10009d4c                atexit
 .text.atoi     0x10009d5c        0xc /Applications/ArmGNUToolchain/15.2.rel1/arm-none-eabi/bin/../lib/gcc/arm-none-eabi/15.2.1/../../../../arm-none-eabi/lib/thumb/v6-m/nofp/libg.a(libc_a-atoi.o)
                0x10009d5c                atoi
 .text.calloc   0x10009d68       0x14 /Applications/ArmGNUToolchain/15.2.rel1/arm-none-eabi/bin/../lib/gcc/arm-none-eabi/15.2.1/../../../../arm-none-eabi/lib/thumb/v6-m/nofp/libg.a(libc_a-calloc.o)
                0x10009d68                calloc
 .text._calloc_r
                0x10009d7c       0xb8 /Applications/ArmGNUToolchain/15.2.rel1/arm-none-eabi/bin/../lib/gcc/arm-none-eabi/15.2.1/../../../../arm-none-eabi/lib/thumb/v6-m/nofp/libg.a(libc_a-callocr.o)
                0x10009d7c                _calloc_r
 .text.malloc   0x10009e34       0x14 /Applications/ArmGNUToolchain/15.2.rel1/arm-none-eabi/bin/../lib/gcc/arm-none-eabi/15.2.1/../../../../arm-none-eabi/lib/thumb/v6-m/nofp/libg.a(libc_a-malloc.o)
                0x10009e34                malloc
 .text.free     0x10009e48       0x14 /Applications/ArmGNUToolchain/15.2.rel1/arm-none-eabi/bin/../lib/gcc/arm-none-eabi/15.2.1/../../../../arm-none-eabi/lib/thumb/v6-m/nofp/libg.a(libc_a-malloc.o)
                0x10009e48                free
 .text._malloc_r
                0x10009e5c      0x564 /Applications/ArmGNUToolchain/15.2.rel1/arm-none-eabi/bin/../lib/gcc/arm-none-eabi/15.2.1/../../../../arm-none-eabi/lib/thumb/v6-m/nofp/libg.a(libc_a-mallocr.o)
                0x10009e5c                _malloc_r
 .text._vfprintf_r
                0x1000a3c0     0x2490 /Applications/ArmGNUToolchain/15.2.rel1/arm-none-eabi/bin/../lib/gcc/arm-none-eabi/15.2.1/../../../../arm-none-eabi/lib/thumb/v6-m/nofp/libg.a(libc_a-vfprintf.o)
                0x1000a3c0                _vfprintf_r
 .text.vfprintf
                0x1000c850       0x18 /Applications/ArmGNUToolchain/15.2.rel1/arm-none-eabi/bin/../lib/gcc/arm-none-eabi/15.2.1/../../../../arm-none-eabi/lib/thumb/v6-m/nofp/libg.a(libc_a-vfprintf.o)
                0x1000c850                vfprintf
 .text.__sbprintf
                0x1000c868       0x8c /Applications/ArmGNUToolchain/15.2.rel1/arm-none-eabi/bin/../lib/gcc/arm-none-eabi/15.2.1/../../../../arm-none-eabi/lib/thumb/v6-m/nofp/libg.a(libc_a-vfprintf.o)
 .text.__malloc_lock
                0x1000c8f4       0x10 /Applications/ArmGNUToolchain/15.2.rel1/arm-none-eabi/bin/../lib/gcc/arm-none-eabi/15.2.1/../../../../arm-none-eabi/lib/thumb/v6-m/nofp/libg.a(libc_a-mlock.o)
                0x1000c8f4                __malloc_lock
 .text.__malloc_unlock
                0x1000c904       0x10 /Applications/ArmGNUToolchain/15.2.rel1/arm-none-eabi/bin/../lib/gcc/arm-none-eabi/15.2.1/../../../../arm-none-eabi/lib/thumb/v6-m/nofp/libg.a(libc_a-mlock.o)
                0x1000c904                __malloc_unlock
 .text.realloc  0x1000c914       0x14 /Applications/ArmGNUToolchain/15.2.rel1/arm-none-eabi/bin/../lib/gcc/arm-none-eabi/15.2.1/../../../../arm-none-eabi/lib/thumb/v6-m/nofp/libg.a(libc_a-realloc.o)
                0x1000c914                realloc
 .text._realloc_r
                0x1000c928      0x328 /Applications/ArmGNUToolchain/15.2.rel1/arm-none-eabi/bin/../lib/gcc/arm-none-eabi/15.2.1/../../../../arm-none-eabi/lib/thumb/v6-m/nofp/libg.a(libc_a-reallocr.o)
                0x1000c928                _realloc_r
 .text._strtol_l.isra.0
                0x1000cc50      0x154 /Applications/ArmGNUToolchain/15.2.rel1/arm-none-eabi/bin/../lib/gcc/arm-none-eabi/15.2.1/../../../../arm-none-eabi/lib/thumb/v6-m/nofp/libg.a(libc_a-strtol.o)
 .text.strtol   0x1000cda4       0x18 /Applications/ArmGNUToolchain/15.2.rel1/arm-none-eabi/bin/../lib/gcc/arm-none-eabi/15.2.1/../../../../arm-none-eabi/lib/thumb/v6-m/nofp/libg.a(libc_a-strtol.o)
                0x1000cda4                strtol
 .text.__sprint_r
                0x1000cdbc       0x20 /Applications/ArmGNUToolchain/15.2.rel1/arm-none-eabi/bin/../lib/gcc/arm-none-eabi/15.2.1/../../../../arm-none-eabi/lib/thumb/v6-m/nofp/libg.a(libc_a-sprint_r.o)
                0x1000cdbc                __sprint_r
 .text.__sflush_r
                0x1000cddc      0x148 /Applications/ArmGNUToolchain/15.2.rel1/arm-none-eabi/bin/../lib/gcc/arm-none-eabi/15.2.1/../../../../arm-none-eabi/lib/thumb/v6-m/nofp/libg.a(libc_a-fflush.o)
                0x1000cddc                __sflush_r
 .text._fflush_r
                0x1000cf24       0x68 /Applications/ArmGNUToolchain/15.2.rel1/arm-none-eabi/bin/../lib/gcc/arm-none-eabi/15.2.1/../../../../arm-none-eabi/lib/thumb/v6-m/nofp/libg.a(libc_a-fflush.o)
                0x1000cf24                _fflush_r
 .text.fflush   0x1000cf8c       0x7c /Applications/ArmGNUToolchain/15.2.rel1/arm-none-eabi/bin/../lib/gcc/arm-none-eabi/15.2.1/../../../../arm-none-eabi/lib/thumb/v6-m/nofp/libg.a(libc_a-fflush.o)
                0x1000cf8c                fflush
 .text.stdio_exit_handler
                0x1000d008       0x1c /Applications/ArmGNUToolchain/15.2.rel1/arm-none-eabi/bin/../lib/gcc/arm-none-eabi/15.2.1/../../../../arm-none-eabi/lib/thumb/v6-m/nofp/libg.a(libc_a-findfp.o)
 .text.cleanup_stdio
                0x1000d024       0x3c /Applications/ArmGNUToolchain/15.2.rel1/arm-none-eabi/bin/../lib/gcc/arm-none-eabi/15.2.1/../../../../arm-none-eabi/lib/thumb/v6-m/nofp/libg.a(libc_a-findfp.o)
 .text.global_stdio_init.part.0
                0x1000d060      0x110 /Applications/ArmGNUToolchain/15.2.rel1/arm-none-eabi/bin/../lib/gcc/arm-none-eabi/15.2.1/../../../../arm-none-eabi/lib/thumb/v6-m/nofp/libg.a(libc_a-findfp.o)
 .text.__sinit  0x1000d170       0x38 /Applications/ArmGNUToolchain/15.2.rel1/arm-none-eabi/bin/../lib/gcc/arm-none-eabi/15.2.1/../../../../arm-none-eabi/lib/thumb/v6-m/nofp/libg.a(libc_a-findfp.o)
                0x1000d170                __sinit
 .text.__sfp_lock_acquire
                0x1000d1a8       0x10 /Applications/ArmGNUToolchain/15.2.rel1/arm-none-eabi/bin/../lib/gcc/arm-none-eabi/15.2.1/../../../../arm-none-eabi/lib/thumb/v6-m/nofp/libg.a(libc_a-findfp.o)
                0x1000d1a8                __sfp_lock_acquire
 .text.__sfp_lock_release
                0x1000d1b8       0x10 /Applications/ArmGNUToolchain/15.2.rel1/arm-none-eabi/bin/../lib/gcc/arm-none-eabi/15.2.1/../../../../arm-none-eabi/lib/thumb/v6-m/nofp/libg.a(libc_a-findfp.o)
                0x1000d1b8                __sfp_lock_release
 .text.__swsetup_r
                0x1000d1c8       0xd4 /Applications/ArmGNUToolchain/15.2.rel1/arm-none-eabi/bin/../lib/gcc/arm-none-eabi/15.2.1/../../../../arm-none-eabi/lib/thumb/v6-m/nofp/libg.a(libc_a-wsetup.o)
                0x1000d1c8                __swsetup_r
 .text.memmove  0x1000d29c      0x104 /Applications/ArmGNUToolchain/15.2.rel1/arm-none-eabi/bin/../lib/gcc/arm-none-eabi/15.2.1/../../../../arm-none-eabi/lib/thumb/v6-m/nofp/libg.a(libc_a-memmove.o)
                0x1000d29c                memmove