Archive member included to satisfy reference by file (symbol)

core/libreactor-c.a(tag.c.o)  CMakeFiles/ToolsLEDSolution.dir/lib/schedule.c.o (lf_time_add)
core/libreactor-c.a(clock.c.o)
                              core/libreactor-c.a(tag.c.o) (lf_clock_gettime)
core/libreactor-c.a(reactor_common.c.o)
                              CMakeFiles/ToolsLEDSolution.dir/ToolsLEDSolution.c.o (lf_allocate)
core/libreactor-c.a(lf_token.c.o)
                              CMakeFiles/ToolsLEDSolution.dir/lib/schedule.c.o (_lf_initialize_token_with_value)
core/libreactor-c.a(environment.c.o)
                              core/libreactor-c.a(reactor_common.c.o) (environment_free)
core/libreactor-c.a(reactor.c.o)
                              CMakeFiles/ToolsLEDSolution.dir/_toolsledsolution_main.c.o (lf_set_present)
core/libreactor-c.a(vector.c.o)
                              core/libreactor-c.a(reactor_common.c.o) (vector_at)
core/libreactor-c.a(pqueue_base.c.o)
                              core/libreactor-c.a(environment.c.o) (pqueue_init)
core/libreactor-c.a(pqueue_tag.c.o)
                              core/libreactor-c.a(environment.c.o) (pqueue_tag_compare)
core/libreactor-c.a(pqueue.c.o)
                              core/libreactor-c.a(environment.c.o) (in_reverse_order)
core/libreactor-c.a(util.c.o)
                              core/libreactor-c.a(pqueue_tag.c.o) (lf_print)
core/libreactor-c.a(hashset.c.o)
                              core/libreactor-c.a(lf_token.c.o) (hashset_num_items)
core/libreactor-c.a(hashset_itr.c.o)
                              core/libreactor-c.a(lf_token.c.o) (hashset_iterator)
core/liblf-low-level-platform-impl.a(lf_rp2040_support.c.o)
                              core/libreactor-c.a(reactor.c.o) (_lf_initialize_clock)
core/liblf-low-level-platform-impl.a(lf_atomic_irq.c.o)
                              core/libreactor-c.a(reactor_common.c.o) (lf_atomic_fetch_add)
/Applications/ArmGNUToolchain/15.2.rel1/arm-none-eabi/bin/../lib/gcc/arm-none-eabi/15.2.1/thumb/v6-m/nofp/libgcc.a(_dvmd_tls.o)
                              CMakeFiles/ToolsLEDSolution.dir/Users/kyankotschevar-smead/Desktop/Projects/Embedded-Systems/pico-sdk/src/rp2_common/pico_divider/divider_hardware.S.o (__aeabi_idiv0)
/Applications/ArmGNUToolchain/15.2.rel1/arm-none-eabi/bin/../lib/gcc/arm-none-eabi/15.2.1/../../../../arm-none-eabi/lib/thumb/v6-m/nofp/libg.a(libc_a-atexit.o)
                              core/libreactor-c.a(reactor.c.o) (atexit)
/Applications/ArmGNUToolchain/15.2.rel1/arm-none-eabi/bin/../lib/gcc/arm-none-eabi/15.2.1/../../../../arm-none-eabi/lib/thumb/v6-m/nofp/libg.a(libc_a-atoi.o)
                              core/libreactor-c.a(reactor_common.c.o) (atoi)
/Applications/ArmGNUToolchain/15.2.rel1/arm-none-eabi/bin/../lib/gcc/arm-none-eabi/15.2.1/../../../../arm-none-eabi/lib/thumb/v6-m/nofp/libg.a(libc_a-calloc.o)
                              CMakeFiles/ToolsLEDSolution.dir/Users/kyankotschevar-smead/Desktop/Projects/Embedded-Systems/pico-sdk/src/rp2_common/pico_malloc/malloc.c.o (calloc)
/Applications/ArmGNUToolchain/15.2.rel1/arm-none-eabi/bin/../lib/gcc/arm-none-eabi/15.2.1/../../../../arm-none-eabi/lib/thumb/v6-m/nofp/libg.a(libc_a-callocr.o)
                              /Applications/ArmGNUToolchain/15.2.rel1/arm-none-eabi/bin/../lib/gcc/arm-none-eabi/15.2.1/../../../../arm-none-eabi/lib/thumb/v6-m/nofp/libg.a(libc_a-calloc.o) (_calloc_r)
/Applications/ArmGNUToolchain/15.2.rel1/arm-none-eabi/bin/../lib/gcc/arm-none-eabi/15.2.1/../../../../arm-none-eabi/lib/thumb/v6-m/nofp/libg.a(libc_a-malloc.o)
                              CMakeFiles/ToolsLEDSolution.dir/Users/kyankotschevar-smead/Desktop/Projects/Embedded-Systems/pico-sdk/src/rp2_common/pico_malloc/malloc.c.o (malloc)
/Applications/ArmGNUToolchain/15.2.rel1/arm-none-eabi/bin/../lib/gcc/arm-none-eabi/15.2.1/../../../../arm-none-eabi/lib/thumb/v6-m/nofp/libg.a(libc_a-mallocr.o)
                              /Applications/ArmGNUToolchain/15.2.rel1/arm-none-eabi/bin/../lib/gcc/arm-none-eabi/15.2.1/../../../../arm-none-eabi/lib/thumb/v6-m/nofp/libg.a(libc_a-callocr.o) (_malloc_r)
/Applications/ArmGNUToolchain/15.2.rel1/arm-none-eabi/bin/../lib/gcc/arm-none-eabi/15.2.1/../../../../arm-none-eabi/lib/thumb/v6-m/nofp/libg.a(libc_a-vfprintf.o)
                              core/libreactor-c.a(util.c.o) (vfprintf)
/Applications/ArmGNUToolchain/15.2.rel1/arm-none-eabi/bin/../lib/gcc/arm-none-eabi/15.2.1/../../../../arm-none-eabi/lib/thumb/v6-m/nofp/libg.a(libc_a-mlock.o)
                              /Applications/ArmGNUToolchain/15.2.rel1/arm-none-eabi/bin/../lib/gcc/arm-none-eabi/15.2.1/../../../../arm-none-eabi/lib/thumb/v6-m/nofp/libg.a(libc_a-mallocr.o) (__malloc_lock)
/Applications/ArmGNUToolchain/15.2.rel1/arm-none-eabi/bin/../lib/gcc/arm-none-eabi/15.2.1/../../../../arm-none-eabi/lib/thumb/v6-m/nofp/libg.a(libc_a-realloc.o)
[...]
Memory Configuration

Name             Origin             Length             Attributes
FLASH            0x10000000         0x00200000         xr
RAM              0x20000000         0x00040000         xrw
SCRATCH_X        0x20040000         0x00001000         xrw
SCRATCH_Y        0x20041000         0x00001000         xrw
*default*        0x00000000         0xffffffff

Linker script and memory map

LOAD /Applications/ArmGNUToolchain/15.2.rel1/arm-none-eabi/bin/../lib/gcc/arm-none-eabi/15.2.1/thumb/v6-m/nofp/crti.o
LOAD /Applications/ArmGNUToolchain/15.2.rel1/arm-none-eabi/bin/../lib/gcc/arm-none-eabi/15.2.1/thumb/v6-m/nofp/crtbegin.o
LOAD /Applications/ArmGNUToolchain/15.2.rel1/arm-none-eabi/bin/../lib/gcc/arm-none-eabi/15.2.1/../../../../arm-none-eabi/lib/thumb/v6-m/nofp/crt0.o

.flash_begin    0x10000000        0x0
                0x10000000                        __flash_binary_start = .

.boot2          0x10000000      0x100
                0x10000000                        __boot2_start__ = .
 *(.boot2)
 .boot2         0x10000000      0x100 pico-sdk/src/rp2040/boot_stage2/CMakeFiles/bs2_default_library.dir/bs2_default_padded_checksummed.S.o
                0x10000100                        __boot2_end__ = .
                0x00000001                        ASSERT (((__boot2_end__ - __boot2_start__) == 0x100), ERROR: Pico second stage bootloader must be 256 bytes in size)

.text           0x10000100     0xff28
                0x10000100                        __logical_binary_start = .
 *(.vectors)
 .vectors       0x10000100       0xd4 CMakeFiles/ToolsLEDSolution.dir/Users/kyankotschevar-smead/Desktop/Projects/Embedded-Systems/pico-sdk/src/rp2_common/pico_crt0/crt0.S.o
                0x10000100                __VECTOR_TABLE
                0x10000100                __vectors
                0x100001c0                isr_irq13
                0x100001c0                isr_irq27
                0x100001c0                isr_irq31
                0x100001c0                isr_irq5
                0x100001c0                isr_irq11
                0x100001c0                isr_irq23
                0x100001c0                isr_irq18
                0x100001c0                isr_irq9
                0x100001c0                __unhandled_user_irq
                0x100001c0                isr_irq25
                0x100001c0                isr_irq4
                0x100001c0                isr_irq16
                0x100001c0                isr_irq29
                0x100001c0                isr_irq26
                0x100001c0                isr_irq3
                0x100001c0                isr_irq12
                0x100001c0                isr_irq30
                0x100001c0                isr_irq28
                0x100001c0                isr_irq19
                0x100001c0                isr_irq0
                0x100001c0                isr_irq6
                0x100001c0                isr_irq22
                0x100001c0                isr_irq17
                0x100001c0                isr_irq14
                0x100001c0                __vectors_end
                0x100001c0                __default_isrs_start
                0x100001c0                isr_irq2
                0x100001c0                isr_irq10
                0x100001c0                isr_irq8
                0x100001c0                isr_irq24
                0x100001c0                isr_irq1
                0x100001c0                isr_irq7
                0x100001c0                isr_irq21
                0x100001c0                isr_irq20
                0x100001c0                isr_irq15
                0x100001c6                unhandled_user_irq_num_in_r0
                0x100001c8                isr_invalid
                0x100001ca                isr_nmi
                0x100001cc                isr_hardfault
                0x100001ce                isr_svcall
                0x100001d0                isr_pendsv
                0x100001d2                isr_systick
                0x100001d4                __default_isrs_end
 *(.binary_info_header)
 .binary_info_header
                0x100001d4       0x14 CMakeFiles/ToolsLEDSolution.dir/Users/kyankotschevar-smead/Desktop/Projects/Embedded-Systems/pico-sdk/src/rp2_common/pico_crt0/crt0.S.o
                0x100001e8                        __binary_info_header_end = .
 *(.embedded_block)
                0x100001e8                        __embedded_block_end = .
 *(.reset)
 .reset         0x100001e8       0x9c CMakeFiles/ToolsLEDSolution.dir/Users/kyankotschevar-smead/Desktop/Projects/Embedded-Systems/pico-sdk/src/rp2_common/pico_crt0/crt0.S.o
                0x100001e8                _entry_point
 *(.init)
 .init          0x10000284        0x4 /Applications/ArmGNUToolchain/15.2.rel1/arm-none-eabi/bin/../lib/gcc/arm-none-eabi/15.2.1/thumb/v6-m/nofp/crti.o
                0x10000284                _init
 *(EXCLUDE_FILE(*libm.a: *libc.a:*lib_a-mem*.o *libgcc.a:) .text*)
 .text.register_tm_clones
                0x10000288       0x28 /Applications/ArmGNUToolchain/15.2.rel1/arm-none-eabi/bin/../lib/gcc/arm-none-eabi/15.2.1/thumb/v6-m/nofp/crtbegin.o
 .text.frame_dummy
                0x100002b0       0x24 /Applications/ArmGNUToolchain/15.2.rel1/arm-none-eabi/bin/../lib/gcc/arm-none-eabi/15.2.1/thumb/v6-m/nofp/crtbegin.o
 .text.lf_schedule_trigger
                0x100002d4      0x300 CMakeFiles/ToolsLEDSolution.dir/lib/schedule.c.o
                0x100002d4                lf_schedule_trigger
 .text._toolsledsolution_mainreaction_function_0
                0x100005d4       0x3c CMakeFiles/ToolsLEDSolution.dir/_toolsledsolution_main.c.o
                0x100005d4                _toolsledsolution_mainreaction_function_0
 .text.new__toolsledsolution_main
                0x10000610       0x60 CMakeFiles/ToolsLEDSolution.dir/_toolsledsolution_main.c.o
                0x10000610                new__toolsledsolution_main
 .text._ledreaction_function_1
                0x10000670       0x24 CMakeFiles/ToolsLEDSolution.dir/_led.c.o
                0x10000670                _ledreaction_function_1
 .text._ledreaction_function_0
                0x10000694       0x14 CMakeFiles/ToolsLEDSolution.dir/_led.c.o
                0x10000694                _ledreaction_function_0
 .text.new__led
                0x100006a8       0xb4 CMakeFiles/ToolsLEDSolution.dir/_led.c.o
                0x100006a8                new__led
 .text.startup.main
                0x1000075c        0xc CMakeFiles/ToolsLEDSolution.dir/ToolsLEDSolution.c.o
                0x1000075c                main
 .text.lf_set_default_command_line_options
                0x10000768        0x4 CMakeFiles/ToolsLEDSolution.dir/ToolsLEDSolution.c.o
                0x10000768                lf_set_default_command_line_options
 .text.lf_create_environments
                0x1000076c       0x3c CMakeFiles/ToolsLEDSolution.dir/ToolsLEDSolution.c.o
                0x1000076c                lf_create_environments
 .text._lf_get_environments
                0x100007a8        0xc CMakeFiles/ToolsLEDSolution.dir/ToolsLEDSolution.c.o
                0x100007a8                _lf_get_environments
 .text._lf_initialize_trigger_objects
                0x100007b4      0x124 CMakeFiles/ToolsLEDSolution.dir/ToolsLEDSolution.c.o
                0x100007b4                _lf_initialize_trigger_objects
 .text.lf_terminate_execution
                0x100008d8        0x4 CMakeFiles/ToolsLEDSolution.dir/ToolsLEDSolution.c.o
                0x100008d8                lf_terminate_execution
 .text.gpio_set_function
                0x100008dc       0x30 CMakeFiles/ToolsLEDSolution.dir/Users/kyankotschevar-smead/Desktop/Projects/Embedded-Systems/pico-sdk/src/rp2_common/hardware_gpio/gpio.c.o
                0x100008dc                gpio_set_function
 .text.gpio_init
                0x1000090c       0x3c CMakeFiles/ToolsLEDSolution.dir/Users/kyankotschevar-smead/Desktop/Projects/Embedded-Systems/pico-sdk/src/rp2_common/hardware_gpio/gpio.c.o
                0x1000090c                gpio_init
 .text.rp2040_chip_version
                0x10000948        0xc CMakeFiles/ToolsLEDSolution.dir/Users/kyankotschevar-smead/Desktop/Projects/Embedded-Systems/pico-sdk/src/rp2040/pico_platform/platform.c.o
                0x10000948                rp2040_chip_version
 .text.panic    0x10000954       0x30 CMakeFiles/ToolsLEDSolution.dir/Users/kyankotschevar-smead/Desktop/Projects/Embedded-Systems/pico-sdk/src/rp2_common/pico_platform_panic/panic.c.o
                0x10000954                panic
 .text.hw_claim_or_assert
                0x10000984       0x50 CMakeFiles/ToolsLEDSolution.dir/Users/kyankotschevar-smead/Desktop/Projects/Embedded-Systems/pico-sdk/src/common/hardware_claim/claim.c.o
                0x10000984                hw_claim_or_assert
 .text.hw_claim_unused_from_range
                0x100009d4       0x88 CMakeFiles/ToolsLEDSolution.dir/Users/kyankotschevar-smead/Desktop/Projects/Embedded-Systems/pico-sdk/src/common/hardware_claim/claim.c.o
                0x100009d4                hw_claim_unused_from_range
 .text.next_striped_spin_lock_num
                0x10000a5c       0x18 CMakeFiles/ToolsLEDSolution.dir/Users/kyankotschevar-smead/Desktop/Projects/Embedded-Systems/pico-sdk/src/rp2_common/hardware_sync/sync.c.o
                0x10000a5c                next_striped_spin_lock_num
 .text.spin_lock_claim_unused
                0x10000a74       0x20 CMakeFiles/ToolsLEDSolution.dir/Users/kyankotschevar-smead/Desktop/Projects/Embedded-Systems/pico-sdk/src/rp2_common/hardware_sync/sync.c.o
                0x10000a74                spin_lock_claim_unused
 .text.spin_locks_reset
                0x10000a94       0x1c CMakeFiles/ToolsLEDSolution.dir/Users/kyankotschevar-smead/Desktop/Projects/Embedded-Systems/pico-sdk/src/rp2_common/hardware_sync_spin_lock/sync_spin_lock.c.o
                0x10000a94                spin_locks_reset
 .text.runtime_init_per_core_irq_priorities
                0x10000ab0       0x48 CMakeFiles/ToolsLEDSolution.dir/Users/kyankotschevar-smead/Desktop/Projects/Embedded-Systems/pico-sdk/src/rp2_common/hardware_irq/irq.c.o
                0x10000ab0                runtime_init_per_core_irq_priorities
 .text.irq_set_enabled
                0x10000af8       0x24 CMakeFiles/ToolsLEDSolution.dir/Users/kyankotschevar-smead/Desktop/Projects/Embedded-Systems/pico-sdk/src/rp2_common/hardware_irq/irq.c.o
                0x10000af8                irq_set_enabled
 .text.irq_is_enabled
                0x10000b1c       0x18 CMakeFiles/ToolsLEDSolution.dir/Users/kyankotschevar-smead/Desktop/Projects/Embedded-Systems/pico-sdk/src/rp2_common/hardware_irq/irq.c.o
                0x10000b1c                irq_is_enabled
 .text.irq_set_pending
                0x10000b34       0x10 CMakeFiles/ToolsLEDSolution.dir/Users/kyankotschevar-smead/Desktop/Projects/Embedded-Systems/pico-sdk/src/rp2_common/hardware_irq/irq.c.o
                0x10000b34                irq_set_pending
 .text.irq_has_shared_handler
                0x10000b44       0x20 CMakeFiles/ToolsLEDSolution.dir/Users/kyankotschevar-smead/Desktop/Projects/Embedded-Systems/pico-sdk/src/rp2_common/hardware_irq/irq.c.o
                0x10000b44                irq_has_shared_handler
 .text.irq_set_exclusive_handler
                0x10000b64       0x54 CMakeFiles/ToolsLEDSolution.dir/Users/kyankotschevar-smead/Desktop/Projects/Embedded-Systems/pico-sdk/src/rp2_common/hardware_irq/irq.c.o
                0x10000b64                irq_set_exclusive_handler
 .text.irq_add_shared_handler
                0x10000bb8      0x1cc CMakeFiles/ToolsLEDSolution.dir/Users/kyankotschevar-smead/Desktop/Projects/Embedded-Systems/pico-sdk/src/rp2_common/hardware_irq/irq.c.o
                0x10000bb8                irq_add_shared_handler
 .text.irq_remove_handler
                0x10000d84      0x1c8 CMakeFiles/ToolsLEDSolution.dir/Users/kyankotschevar-smead/Desktop/Projects/Embedded-Systems/pico-sdk/src/rp2_common/hardware_irq/irq.c.o
                0x10000d84                irq_remove_handler
 .text.irq_add_tail_to_free_list
                0x10000f4c       0xb4 CMakeFiles/ToolsLEDSolution.dir/Users/kyankotschevar-smead/Desktop/Projects/Embedded-Systems/pico-sdk/src/rp2_common/hardware_irq/irq.c.o
                0x10000f4c                irq_add_tail_to_free_list
 .text.user_irq_claim_unused
                0x10001000       0x28 CMakeFiles/ToolsLEDSolution.dir/Users/kyankotschevar-smead/Desktop/Projects/Embedded-Systems/pico-sdk/src/rp2_common/hardware_irq/irq.c.o
                0x10001000                user_irq_claim_unused
 .text.sem_init
                0x10001028       0x20 CMakeFiles/ToolsLEDSolution.dir/Users/kyankotschevar-smead/Desktop/Projects/Embedded-Systems/pico-sdk/src/common/pico_sync/sem.c.o
                0x10001028                sem_init
 .text.lock_init
                0x10001048       0x10 CMakeFiles/ToolsLEDSolution.dir/Users/kyankotschevar-smead/Desktop/Projects/Embedded-Systems/pico-sdk/src/common/pico_sync/lock_core.c.o
                0x10001048                lock_init
 .text.runtime_init_mutex
                0x10001058       0x50 CMakeFiles/ToolsLEDSolution.dir/Users/kyankotschevar-smead/Desktop/Projects/Embedded-Systems/pico-sdk/src/common/pico_sync/mutex.c.o
                0x10001058                runtime_init_mutex
 .text.mutex_init
                0x100010a8       0x1c CMakeFiles/ToolsLEDSolution.dir/Users/kyankotschevar-smead/Desktop/Projects/Embedded-Systems/pico-sdk/src/common/pico_sync/mutex.c.o
                0x100010a8                mutex_init
 .text.critical_section_init
                0x100010c4       0x1c CMakeFiles/ToolsLEDSolution.dir/Users/kyankotschevar-smead/Desktop/Projects/Embedded-Systems/pico-sdk/src/common/pico_sync/critical_section.c.o
                0x100010c4                critical_section_init
 .text.critical_section_init_with_lock_num
                0x100010e0       0x14 CMakeFiles/ToolsLEDSolution.dir/Users/kyankotschevar-smead/Desktop/Projects/Embedded-Systems/pico-sdk/src/common/pico_sync/critical_section.c.o
                0x100010e0                critical_section_init_with_lock_num
 .text.sleep_until_callback
                0x100010f4       0x30 CMakeFiles/ToolsLEDSolution.dir/Users/kyankotschevar-smead/Desktop/Projects/Embedded-Systems/pico-sdk/src/common/pico_time/time.c.o
 .text.alarm_pool_irq_handler
                0x10001124      0x2f4 CMakeFiles/ToolsLEDSolution.dir/Users/kyankotschevar-smead/Desktop/Projects/Embedded-Systems/pico-sdk/src/common/pico_time/time.c.o
 .text.runtime_init_default_alarm_pool
                0x10001418       0xd8 CMakeFiles/ToolsLEDSolution.dir/Users/kyankotschevar-smead/Desktop/Projects/Embedded-Systems/pico-sdk/src/common/pico_time/time.c.o
                0x10001418                runtime_init_default_alarm_pool
 .text.alarm_pool_get_default
                0x100014f0        0x8 CMakeFiles/ToolsLEDSolution.dir/Users/kyankotschevar-smead/Desktop/Projects/Embedded-Systems/pico-sdk/src/common/pico_time/time.c.o
                0x100014f0                alarm_pool_get_default
 .text.alarm_pool_add_alarm_at
                0x100014f8       0xcc CMakeFiles/ToolsLEDSolution.dir/Users/kyankotschevar-smead/Desktop/Projects/Embedded-Systems/pico-sdk/src/common/pico_time/time.c.o
                0x100014f8                alarm_pool_add_alarm_at
 .text.alarm_pool_add_alarm_at_force_in_context
                0x100015c4       0xbc CMakeFiles/ToolsLEDSolution.dir/Users/kyankotschevar-smead/Desktop/Projects/Embedded-Systems/pico-sdk/src/common/pico_time/time.c.o
                0x100015c4                alarm_pool_add_alarm_at_force_in_context
 .text.alarm_pool_cancel_alarm
                0x10001680       0x74 CMakeFiles/ToolsLEDSolution.dir/Users/kyankotschevar-smead/Desktop/Projects/Embedded-Systems/pico-sdk/src/common/pico_time/time.c.o
                0x10001680                alarm_pool_cancel_alarm
 .text.alarm_pool_core_num
                0x100016f4        0x4 CMakeFiles/ToolsLEDSolution.dir/Users/kyankotschevar-smead/Desktop/Projects/Embedded-Systems/pico-sdk/src/common/pico_time/time.c.o
                0x100016f4                alarm_pool_core_num
 .text.best_effort_wfe_or_timeout
                0x100016f8      0x100 CMakeFiles/ToolsLEDSolution.dir/Users/kyankotschevar-smead/Desktop/Projects/Embedded-Systems/pico-sdk/src/common/pico_time/time.c.o
                0x100016f8                best_effort_wfe_or_timeout
 .text.timer_hardware_alarm_claim
                0x100017f8       0x14 CMakeFiles/ToolsLEDSolution.dir/Users/kyankotschevar-smead/Desktop/Projects/Embedded-Systems/pico-sdk/src/rp2_common/hardware_timer/timer.c.o
                0x100017f8                timer_hardware_alarm_claim
 .text.timer_time_us_64
                0x1000180c       0x10 CMakeFiles/ToolsLEDSolution.dir/Users/kyankotschevar-smead/Desktop/Projects/Embedded-Systems/pico-sdk/src/rp2_common/hardware_timer/timer.c.o
                0x1000180c                timer_time_us_64
 .text.time_us_64
                0x1000181c       0x14 CMakeFiles/ToolsLEDSolution.dir/Users/kyankotschevar-smead/Desktop/Projects/Embedded-Systems/pico-sdk/src/rp2_common/hardware_timer/timer.c.o
                0x1000181c                time_us_64
 .text.busy_wait_us
                0x10001830       0x6c CMakeFiles/ToolsLEDSolution.dir/Users/kyankotschevar-smead/Desktop/Projects/Embedded-Systems/pico-sdk/src/rp2_common/hardware_timer/timer.c.o
                0x10001830                busy_wait_us
 .text.uart_init
                0x1000189c      0x11c CMakeFiles/ToolsLEDSolution.dir/Users/kyankotschevar-smead/Desktop/Projects/Embedded-Systems/pico-sdk/src/rp2_common/hardware_uart/uart.c.o
                0x1000189c                uart_init
 .text.clock_configure_int_divider
                0x100019b8       0xec CMakeFiles/ToolsLEDSolution.dir/Users/kyankotschevar-smead/Desktop/Projects/Embedded-Systems/pico-sdk/src/rp2_common/hardware_clocks/clocks.c.o
                0x100019b8                clock_configure_int_divider
 .text.clock_configure_undivided
                0x10001aa4       0xe0 CMakeFiles/ToolsLEDSolution.dir/Users/kyankotschevar-smead/Desktop/Projects/Embedded-Systems/pico-sdk/src/rp2_common/hardware_clocks/clocks.c.o
                0x10001aa4                clock_configure_undivided
 .text.clock_get_hz
                0x10001b84        0xc CMakeFiles/ToolsLEDSolution.dir/Users/kyankotschevar-smead/Desktop/Projects/Embedded-Systems/pico-sdk/src/rp2_common/hardware_clocks/clocks.c.o
                0x10001b84                clock_get_hz
 .text.pll_init
                0x10001b90       0xb0 CMakeFiles/ToolsLEDSolution.dir/Users/kyankotschevar-smead/Desktop/Projects/Embedded-Systems/pico-sdk/src/rp2_common/hardware_pll/pll.c.o
                0x10001b90                pll_init
 .text.watchdog_reboot
                0x10001c40       0x9c CMakeFiles/ToolsLEDSolution.dir/Users/kyankotschevar-smead/Desktop/Projects/Embedded-Systems/pico-sdk/src/rp2_common/hardware_watchdog/watchdog.c.o
                0x10001c40                watchdog_reboot
 .text.tick_start
                0x10001cdc       0x10 CMakeFiles/ToolsLEDSolution.dir/Users/kyankotschevar-smead/Desktop/Projects/Embedded-Systems/pico-sdk/src/rp2_common/hardware_ticks/ticks.c.o
                0x10001cdc                tick_start
 .text.rom_func_lookup
                0x10001cec       0x10 CMakeFiles/ToolsLEDSolution.dir/Users/kyankotschevar-smead/Desktop/Projects/Embedded-Systems/pico-sdk/src/rp2_common/pico_bootrom/bootrom.c.o
                0x10001cec                rom_func_lookup
 .text.rom_data_lookup
                0x10001cfc       0x10 CMakeFiles/ToolsLEDSolution.dir/Users/kyankotschevar-smead/Desktop/Projects/Embedded-Systems/pico-sdk/src/rp2_common/pico_bootrom/bootrom.c.o
                0x10001cfc                rom_data_lookup
 .text.rom_funcs_lookup
                0x10001d0c       0x44 CMakeFiles/ToolsLEDSolution.dir/Users/kyankotschevar-smead/Desktop/Projects/Embedded-Systems/pico-sdk/src/rp2_common/pico_bootrom/bootrom.c.o
                0x10001d0c                rom_funcs_lookup
 .text.rom_reset_usb_boot_extra
                0x10001d50       0x24 CMakeFiles/ToolsLEDSolution.dir/Users/kyankotschevar-smead/Desktop/Projects/Embedded-Systems/pico-sdk/src/rp2_common/pico_bootrom/bootrom.c.o
                0x10001d50                rom_reset_usb_boot_extra
 .text.xosc_init
                0x10001d74       0x28 CMakeFiles/ToolsLEDSolution.dir/Users/kyankotschevar-smead/Desktop/Projects/Embedded-Systems/pico-sdk/src/rp2_common/hardware_xosc/xosc.c.o
                0x10001d74                xosc_init
 .text.first_per_core_initializer
                0x10001d9c        0x4 CMakeFiles/ToolsLEDSolution.dir/Users/kyankotschevar-smead/Desktop/Projects/Embedded-Systems/pico-sdk/src/rp2_common/pico_runtime/runtime.c.o
 .text.hard_assertion_failure
                0x10001da0        0xc CMakeFiles/ToolsLEDSolution.dir/Users/kyankotschevar-smead/Desktop/Projects/Embedded-Systems/pico-sdk/src/rp2_common/pico_runtime/runtime.c.o
                0x10001da0                hard_assertion_failure
 .text.runtime_run_initializers
                0x10001dac       0x28 CMakeFiles/ToolsLEDSolution.dir/Users/kyankotschevar-smead/Desktop/Projects/Embedded-Systems/pico-sdk/src/rp2_common/pico_runtime/runtime.c.o
                0x10001dac                runtime_run_initializers
 .text.runtime_init_early_resets
                0x10001dd4       0x2c CMakeFiles/ToolsLEDSolution.dir/Users/kyankotschevar-smead/Desktop/Projects/Embedded-Systems/pico-sdk/src/rp2_common/pico_runtime_init/runtime_init.c.o
                0x10001dd4                runtime_init_early_resets
 .text.runtime_init_usb_power_down
                0x10001e00       0x1c CMakeFiles/ToolsLEDSolution.dir/Users/kyankotschevar-smead/Desktop/Projects/Embedded-Systems/pico-sdk/src/rp2_common/pico_runtime_init/runtime_init.c.o
                0x10001e00                runtime_init_usb_power_down
 .text.runtime_init_post_clock_resets
                0x10001e1c       0x20 CMakeFiles/ToolsLEDSolution.dir/Users/kyankotschevar-smead/Desktop/Projects/Embedded-Systems/pico-sdk/src/rp2_common/pico_runtime_init/runtime_init.c.o
                0x10001e1c                runtime_init_post_clock_resets
 .text.runtime_init_rp2040_gpio_ie_disable
                0x10001e3c       0x14 CMakeFiles/ToolsLEDSolution.dir/Users/kyankotschevar-smead/Desktop/Projects/Embedded-Systems/pico-sdk/src/rp2_common/pico_runtime_init/runtime_init.c.o
                0x10001e3c                runtime_init_rp2040_gpio_ie_disable
 .text.runtime_init_spin_locks_reset
                0x10001e50        0x8 CMakeFiles/ToolsLEDSolution.dir/Users/kyankotschevar-smead/Desktop/Projects/Embedded-Systems/pico-sdk/src/rp2_common/pico_runtime_init/runtime_init.c.o
                0x10001e50                runtime_init_spin_locks_reset
 .text.runtime_init_install_ram_vector_table
                0x10001e58       0xb8 CMakeFiles/ToolsLEDSolution.dir/Users/kyankotschevar-smead/Desktop/Projects/Embedded-Systems/pico-sdk/src/rp2_common/pico_runtime_init/runtime_init.c.o
                0x10001e58                runtime_init_install_ram_vector_table
 .text.runtime_init_clocks
                0x10001f10       0xd8 CMakeFiles/ToolsLEDSolution.dir/Users/kyankotschevar-smead/Desktop/Projects/Embedded-Systems/pico-sdk/src/rp2_common/pico_runtime_init/runtime_init_clocks.c.o
                0x10001f10                runtime_init_clocks
 .text          0x10001fe8       0x10 CMakeFiles/ToolsLEDSolution.dir/Users/kyankotschevar-smead/Desktop/Projects/Embedded-Systems/pico-sdk/src/rp2_common/pico_bit_ops/bit_ops_aeabi.S.o
 .text.__wrap___aeabi_idiv
                0x10001ff8       0x50 CMakeFiles/ToolsLEDSolution.dir/Users/kyankotschevar-smead/Desktop/Projects/Embedded-Systems/pico-sdk/src/rp2_common/pico_divider/divider_hardware.S.o
                0x10001ff8                __wrap___aeabi_idivmod
                0x10001ff8                divmod_s32s32
                0x10001ff8                div_s32s32
                0x10001ff8                __wrap___aeabi_idiv
                0x10002000                divmod_s32s32_unsafe
                0x1000202c                divmod_s32s32_savestate
 .text.__wrap___aeabi_uidiv
                0x10002048       0x4c CMakeFiles/ToolsLEDSolution.dir/Users/kyankotschevar-smead/Desktop/Projects/Embedded-Systems/pico-sdk/src/rp2_common/pico_divider/divider_hardware.S.o
                0x10002048                __wrap___aeabi_uidiv
                0x10002048                __wrap___aeabi_uidivmod
                0x10002048                div_u32u32
                0x10002048                divmod_u32u32
                0x10002050                divmod_u32u32_unsafe
                0x10002078                divmod_u32u32_savestate
 .text.__wrap___aeabi_ldiv
                0x10002094      0x424 CMakeFiles/ToolsLEDSolution.dir/Users/kyankotschevar-smead/Desktop/Projects/Embedded-Systems/pico-sdk/src/rp2_common/pico_divider/divider_hardware.S.o
                0x10002094                __wrap___aeabi_ldivmod
                0x10002094                div_s64s64
                0x10002094                divmod_s64s64
                0x100020c4                divmod_u64u64
                0x100020c4                div_u64u64
                0x100020c4                __wrap___aeabi_uldivmod
                0x100020d4                divmod_u64u64_savestate
                0x100020f4                divmod_s64s64_unsafe
                0x1000217c                divmod_u64u64_unsafe
 .text.__wrap___aeabi_darithmetic
                0x100024b8       0x80 CMakeFiles/ToolsLEDSolution.dir/Users/kyankotschevar-smead/Desktop/Projects/Embedded-Systems/pico-sdk/src/rp2_common/pico_double/double_aeabi_rp2040.S.o
                0x100024b8                __wrap___aeabi_drsub
                0x100024be                __wrap___aeabi_dsub
                0x100024d0                __wrap___aeabi_dadd
                0x100024e2                __wrap___aeabi_ddiv
                0x1000251e                __wrap___aeabi_dmul
 .text.__wrap___aeabi_cdcmple
                0x10002538       0x6c CMakeFiles/ToolsLEDSolution.dir/Users/kyankotschevar-smead/Desktop/Projects/Embedded-Systems/pico-sdk/src/rp2_common/pico_double/double_aeabi_rp2040.S.o
                0x10002538                __wrap___aeabi_cdrcmple
                0x10002548                __wrap___aeabi_cdcmple
                0x10002548                __wrap___aeabi_cdcmpeq
 .text.__wrap___aeabi_dcmpeq
                0x100025a4       0x10 CMakeFiles/ToolsLEDSolution.dir/Users/kyankotschevar-smead/Desktop/Projects/Embedded-Systems/pico-sdk/src/rp2_common/pico_double/double_aeabi_rp2040.S.o
                0x100025a4                __wrap___aeabi_dcmpeq
 .text.__wrap___aeabi_dcmplt
                0x100025b4        0xc CMakeFiles/ToolsLEDSolution.dir/Users/kyankotschevar-smead/Desktop/Projects/Embedded-Systems/pico-sdk/src/rp2_common/pico_double/double_aeabi_rp2040.S.o
                0x100025b4                __wrap___aeabi_dcmplt
 .text.__wrap___aeabi_dcmple
                0x100025c0       0x10 CMakeFiles/ToolsLEDSolution.dir/Users/kyankotschevar-smead/Desktop/Projects/Embedded-Systems/pico-sdk/src/rp2_common/pico_double/double_aeabi_rp2040.S.o
                0x100025c0                __wrap___aeabi_dcmple
 .text.__wrap___aeabi_dcmpge
                0x100025d0       0x10 CMakeFiles/ToolsLEDSolution.dir/Users/kyankotschevar-smead/Desktop/Projects/Embedded-Systems/pico-sdk/src/rp2_common/pico_double/double_aeabi_rp2040.S.o
                0x100025d0                __wrap___aeabi_dcmpge
 .text.__wrap___aeabi_dcmpgt
                0x100025e0        0xa CMakeFiles/ToolsLEDSolution.dir/Users/kyankotschevar-smead/Desktop/Projects/Embedded-Systems/pico-sdk/src/rp2_common/pico_double/double_aeabi_rp2040.S.o
                0x100025e0                __wrap___aeabi_dcmpgt
 .text.__wrap___aeabi_dcmpun
                0x100025ea       0x18 CMakeFiles/ToolsLEDSolution.dir/Users/kyankotschevar-smead/Desktop/Projects/Embedded-Systems/pico-sdk/src/rp2_common/pico_double/double_aeabi_rp2040.S.o
                0x100025ea                __wrap___aeabi_dcmpun
 *fill*         0x10002602        0x2 
 .text.__wrap___aeabi_i2d
                0x10002604       0x38 CMakeFiles/ToolsLEDSolution.dir/Users/kyankotschevar-smead/Desktop/Projects/Embedded-Systems/pico-sdk/src/rp2_common/pico_double/double_aeabi_rp2040.S.o
                0x10002604                __wrap___aeabi_ui2d
                0x10002604                uint2double
                0x1000260c                __wrap___aeabi_i2d
                0x1000260c                int2double
 .text.__wrap___aeabi_d2iz
                0x1000263c       0x48 CMakeFiles/ToolsLEDSolution.dir/Users/kyankotschevar-smead/Desktop/Projects/Embedded-Systems/pico-sdk/src/rp2_common/pico_double/double_aeabi_rp2040.S.o
                0x1000263c                __wrap___aeabi_d2iz
                0x1000263c                double2int_z
 .text.__wrap___aeabi_d2uiz
                0x10002684       0x18 CMakeFiles/ToolsLEDSolution.dir/Users/kyankotschevar-smead/Desktop/Projects/Embedded-Systems/pico-sdk/src/rp2_common/pico_double/double_aeabi_rp2040.S.o
                0x10002684                double2uint_z
                0x10002684                double2uint
                0x10002684                __wrap___aeabi_d2uiz
 .text.__aeabi_double_init
                0x1000269c       0xa4 CMakeFiles/ToolsLEDSolution.dir/Users/kyankotschevar-smead/Desktop/Projects/Embedded-Systems/pico-sdk/src/rp2_common/pico_double/double_init_rom_rp2040.c.o
                0x1000269c                __aeabi_double_init
 .text.double_table_shim_on_use_helper
                0x10002740       0x2c CMakeFiles/ToolsLEDSolution.dir/Users/kyankotschevar-smead/Desktop/Projects/Embedded-Systems/pico-sdk/src/rp2_common/pico_double/double_v1_rom_shim_rp2040.S.o
                0x10002740                double_table_shim_on_use_helper
 .text.__wrap___aeabi_dsub
                0x1000276c       0x10 CMakeFiles/ToolsLEDSolution.dir/Users/kyankotschevar-smead/Desktop/Projects/Embedded-Systems/pico-sdk/src/rp2_common/pico_double/double_v1_rom_shim_rp2040.S.o
                0x1000276c                drsub_shim
                0x10002772                dsub_shim
 .text.dadd_shim
                0x1000277c      0x15c CMakeFiles/ToolsLEDSolution.dir/Users/kyankotschevar-smead/Desktop/Projects/Embedded-Systems/pico-sdk/src/rp2_common/pico_double/double_v1_rom_shim_rp2040.S.o
                0x1000277c                dadd_shim
 .text.dmul_shim
                0x100028d8      0x15c CMakeFiles/ToolsLEDSolution.dir/Users/kyankotschevar-smead/Desktop/Projects/Embedded-Systems/pico-sdk/src/rp2_common/pico_double/double_v1_rom_shim_rp2040.S.o
                0x100028d8                dmul_shim
 .text.ddiv_shim
                0x10002a34      0x1b0 CMakeFiles/ToolsLEDSolution.dir/Users/kyankotschevar-smead/Desktop/Projects/Embedded-Systems/pico-sdk/src/rp2_common/pico_double/double_v1_rom_shim_rp2040.S.o
                0x10002a34                ddiv_shim
 .text.double2uint_shim
                0x10002be4        0xe CMakeFiles/ToolsLEDSolution.dir/Users/kyankotschevar-smead/Desktop/Projects/Embedded-Systems/pico-sdk/src/rp2_common/pico_double/double_v1_rom_shim_rp2040.S.o
                0x10002be4                double2uint_shim
                0x10002be6                double2ufix_shim
 *fill*         0x10002bf2        0x2 
 .text.double2uint64_shim
                0x10002bf4       0x70 CMakeFiles/ToolsLEDSolution.dir/Users/kyankotschevar-smead/Desktop/Projects/Embedded-Systems/pico-sdk/src/rp2_common/pico_double/double_v1_rom_shim_rp2040.S.o
                0x10002bf4                double2uint64_shim
                0x10002bf6                double2ufix64_shim
                0x10002c16                d2fix_a
 .text.dunpacks
                0x10002c64       0x3c CMakeFiles/ToolsLEDSolution.dir/Users/kyankotschevar-smead/Desktop/Projects/Embedded-Systems/pico-sdk/src/rp2_common/pico_double/double_v1_rom_shim_rp2040.S.o
                0x10002c64                dunpacks
 .text.__aeabi_lmul
                0x10002ca0       0x32 CMakeFiles/ToolsLEDSolution.dir/Users/kyankotschevar-smead/Desktop/Projects/Embedded-Systems/pico-sdk/src/rp2_common/pico_int64_ops/pico_int64_ops_aeabi.S.o
                0x10002ca0                __wrap___aeabi_lmul
 *fill*         0x10002cd2        0x2 
 .text.__wrap___aeabi_farithmetic
                0x10002cd4       0x48 CMakeFiles/ToolsLEDSolution.dir/Users/kyankotschevar-smead/Desktop/Projects/Embedded-Systems/pico-sdk/src/rp2_common/pico_float/float_aeabi_rp2040.S.o
                0x10002cd4                __wrap___aeabi_frsub
                0x10002cda                __wrap___aeabi_fsub
                0x10002ce0                __wrap___aeabi_fadd
                0x10002ce6                __wrap___aeabi_fdiv
                0x10002d0e                __wrap___aeabi_fmul
 .text.__wrap___aeabi_cfcmple
                0x10002d1c       0x50 CMakeFiles/ToolsLEDSolution.dir/Users/kyankotschevar-smead/Desktop/Projects/Embedded-Systems/pico-sdk/src/rp2_common/pico_float/float_aeabi_rp2040.S.o
                0x10002d1c                __wrap___aeabi_cfrcmple
                0x10002d28                __wrap___aeabi_cfcmpeq
                0x10002d28                __wrap___aeabi_cfcmple
 .text.__wrap___aeabi_fcmpge
                0x10002d6c       0x10 CMakeFiles/ToolsLEDSolution.dir/Users/kyankotschevar-smead/Desktop/Projects/Embedded-Systems/pico-sdk/src/rp2_common/pico_float/float_aeabi_rp2040.S.o
                0x10002d6c                __wrap___aeabi_fcmpge
 .text.__wrap___aeabi_ui2f
                0x10002d7c        0xa CMakeFiles/ToolsLEDSolution.dir/Users/kyankotschevar-smead/Desktop/Projects/Embedded-Systems/pico-sdk/src/rp2_common/pico_float/float_aeabi_rp2040.S.o
                0x10002d7c                uint2float
                0x10002d7c                __wrap___aeabi_ui2f
 *fill*         0x10002d86        0x2 
 .text.__wrap___aeabi_i2f
                0x10002d88       0x44 CMakeFiles/ToolsLEDSolution.dir/Users/kyankotschevar-smead/Desktop/Projects/Embedded-Systems/pico-sdk/src/rp2_common/pico_float/float_aeabi_rp2040.S.o
                0x10002d88                int2float
                0x10002d88                __wrap___aeabi_i2f
 .text.__aeabi_float_init
                0x10002dcc       0x68 CMakeFiles/ToolsLEDSolution.dir/Users/kyankotschevar-smead/Desktop/Projects/Embedded-Systems/pico-sdk/src/rp2_common/pico_float/float_init_rom_rp2040.c.o
                0x10002dcc                __aeabi_float_init
 .text.float_table_shim_on_use_helper
                0x10002e34       0x2c CMakeFiles/ToolsLEDSolution.dir/Users/kyankotschevar-smead/Desktop/Projects/Embedded-Systems/pico-sdk/src/rp2_common/pico_float/float_v1_rom_shim_rp2040.S.o
                0x10002e34                float_table_shim_on_use_helper
 .text.__wrap_malloc
                0x10002e60       0x3c CMakeFiles/ToolsLEDSolution.dir/Users/kyankotschevar-smead/Desktop/Projects/Embedded-Systems/pico-sdk/src/rp2_common/pico_malloc/malloc.c.o
                0x10002e60                __wrap_malloc
 .text.__wrap_calloc
                0x10002e9c       0x44 CMakeFiles/ToolsLEDSolution.dir/Users/kyankotschevar-smead/Desktop/Projects/Embedded-Systems/pico-sdk/src/rp2_common/pico_malloc/malloc.c.o
                0x10002e9c                __wrap_calloc
 .text.__wrap_realloc
                0x10002ee0       0x40 CMakeFiles/ToolsLEDSolution.dir/Users/kyankotschevar-smead/Desktop/Projects/Embedded-Systems/pico-sdk/src/rp2_common/pico_malloc/malloc.c.o
                0x10002ee0                __wrap_realloc
 .text.__wrap_free
                0x10002f20       0x20 CMakeFiles/ToolsLEDSolution.dir/Users/kyankotschevar-smead/Desktop/Projects/Embedded-Systems/pico-sdk/src/rp2_common/pico_malloc/malloc.c.o
                0x10002f20                __wrap_free
 .text          0x10002f40       0x10 CMakeFiles/ToolsLEDSolution.dir/Users/kyankotschevar-smead/Desktop/Projects/Embedded-Systems/pico-sdk/src/rp2_common/pico_mem_ops/mem_ops_aeabi.S.o
                0x10002f40                __aeabi_mem_init
 .text.memset   0x10002f50        0xc CMakeFiles/ToolsLEDSolution.dir/Users/kyankotschevar-smead/Desktop/Projects/Embedded-Systems/pico-sdk/src/rp2_common/pico_mem_ops/mem_ops_aeabi.S.o
                0x10002f50                __wrap_memset
 .text.memcpy   0x10002f5c        0xc CMakeFiles/ToolsLEDSolution.dir/Users/kyankotschevar-smead/Desktop/Projects/Embedded-Systems/pico-sdk/src/rp2_common/pico_mem_ops/mem_ops_aeabi.S.o
                0x10002f5c                __wrap___aeabi_memcpy
                0x10002f5c                __wrap_memcpy
 .text._out_buffer
                0x10002f68        0x8 CMakeFiles/ToolsLEDSolution.dir/Users/kyankotschevar-smead/Desktop/Projects/Embedded-Systems/pico-sdk/src/rp2_common/pico_printf/printf.c.o
 .text._out_null
                0x10002f70        0x4 CMakeFiles/ToolsLEDSolution.dir/Users/kyankotschevar-smead/Desktop/Projects/Embedded-Systems/pico-sdk/src/rp2_common/pico_printf/printf.c.o
 .text._out_rev
                0x10002f74       0xa8 CMakeFiles/ToolsLEDSolution.dir/Users/kyankotschevar-smead/Desktop/Projects/Embedded-Systems/pico-sdk/src/rp2_common/pico_printf/printf.c.o
 .text._ntoa_format
                0x1000301c      0x1d8 CMakeFiles/ToolsLEDSolution.dir/Users/kyankotschevar-smead/Desktop/Projects/Embedded-Systems/pico-sdk/src/rp2_common/pico_printf/printf.c.o
 .text._out_char
                0x100031f4       0x10 CMakeFiles/ToolsLEDSolution.dir/Users/kyankotschevar-smead/Desktop/Projects/Embedded-Systems/pico-sdk/src/rp2_common/pico_printf/printf.c.o
 .text._out_fct
                0x10003204       0x10 CMakeFiles/ToolsLEDSolution.dir/Users/kyankotschevar-smead/Desktop/Projects/Embedded-Systems/pico-sdk/src/rp2_common/pico_printf/printf.c.o
 .text._ftoa    0x10003214      0x474 CMakeFiles/ToolsLEDSolution.dir/Users/kyankotschevar-smead/Desktop/Projects/Embedded-Systems/pico-sdk/src/rp2_common/pico_printf/printf.c.o
 .text._etoa    0x10003688      0x560 CMakeFiles/ToolsLEDSolution.dir/Users/kyankotschevar-smead/Desktop/Projects/Embedded-Systems/pico-sdk/src/rp2_common/pico_printf/printf.c.o
 .text._vsnprintf
                0x10003be8      0xab8 CMakeFiles/ToolsLEDSolution.dir/Users/kyankotschevar-smead/Desktop/Projects/Embedded-Systems/pico-sdk/src/rp2_common/pico_printf/printf.c.o
 .text.__wrap_snprintf
                0x100046a0       0x28 CMakeFiles/ToolsLEDSolution.dir/Users/kyankotschevar-smead/Desktop/Projects/Embedded-Systems/pico-sdk/src/rp2_common/pico_printf/printf.c.o
                0x100046a0                __wrap_snprintf
 .text.vfctprintf
                0x100046c8       0x20 CMakeFiles/ToolsLEDSolution.dir/Users/kyankotschevar-smead/Desktop/Projects/Embedded-Systems/pico-sdk/src/rp2_common/pico_printf/printf.c.o
                0x100046c8                vfctprintf
 .text.weak_raw_printf
                0x100046e8       0x40 CMakeFiles/ToolsLEDSolution.dir/Users/kyankotschevar-smead/Desktop/Projects/Embedded-Systems/pico-sdk/src/rp2_common/pico_printf/printf.c.o
                0x100046e8                weak_raw_printf
 .text.weak_raw_vprintf
                0x10004728       0x30 CMakeFiles/ToolsLEDSolution.dir/Users/kyankotschevar-smead/Desktop/Projects/Embedded-Systems/pico-sdk/src/rp2_common/pico_printf/printf.c.o
                0x10004728                weak_raw_vprintf
 .text._exit    0x10004758        0x4 CMakeFiles/ToolsLEDSolution.dir/Users/kyankotschevar-smead/Desktop/Projects/Embedded-Systems/pico-sdk/src/rp2_common/pico_clib_interface/newlib_interface.c.o
                0x10004758                _exit
 .text._sbrk    0x1000475c       0x34 CMakeFiles/ToolsLEDSolution.dir/Users/kyankotschevar-smead/Desktop/Projects/Embedded-Systems/pico-sdk/src/rp2_common/pico_clib_interface/newlib_interface.c.o
                0x1000475c                _sbrk
 .text._read    0x10004790       0x20 CMakeFiles/ToolsLEDSolution.dir/Users/kyankotschevar-smead/Desktop/Projects/Embedded-Systems/pico-sdk/src/rp2_common/pico_clib_interface/newlib_interface.c.o
                0x10004790                _read
 .text._write   0x100047b0       0x20 CMakeFiles/ToolsLEDSolution.dir/Users/kyankotschevar-smead/Desktop/Projects/Embedded-Systems/pico-sdk/src/rp2_common/pico_clib_interface/newlib_interface.c.o
                0x100047b0                _write
 .text._close   0x100047d0        0x8 CMakeFiles/ToolsLEDSolution.dir/Users/kyankotschevar-smead/Desktop/Projects/Embedded-Systems/pico-sdk/src/rp2_common/pico_clib_interface/newlib_interface.c.o
                0x100047d0                _close
 .text._lseek   0x100047d8        0x8 CMakeFiles/ToolsLEDSolution.dir/Users/kyankotschevar-smead/Desktop/Projects/Embedded-Systems/pico-sdk/src/rp2_common/pico_clib_interface/newlib_interface.c.o
                0x100047d8                _lseek
 .text._fstat   0x100047e0        0x8 CMakeFiles/ToolsLEDSolution.dir/Users/kyankotschevar-smead/Desktop/Projects/Embedded-Systems/pico-sdk/src/rp2_common/pico_clib_interface/newlib_interface.c.o
                0x100047e0                _fstat
 .text._isatty  0x100047e8        0xc CMakeFiles/ToolsLEDSolution.dir/Users/kyankotschevar-smead/Desktop/Projects/Embedded-Systems/pico-sdk/src/rp2_common/pico_clib_interface/newlib_interface.c.o
                0x100047e8                _isatty
 .text.exit     0x100047f4        0x8 CMakeFiles/ToolsLEDSolution.dir/Users/kyankotschevar-smead/Desktop/Projects/Embedded-Systems/pico-sdk/src/rp2_common/pico_clib_interface/newlib_interface.c.o
                0x100047f4                exit
 .text.__assert_func
                0x100047fc       0x38 CMakeFiles/ToolsLEDSolution.dir/Users/kyankotschevar-smead/Desktop/Projects/Embedded-Systems/pico-sdk/src/rp2_common/pico_clib_interface/newlib_interface.c.o
                0x100047fc                __assert_func
 .text.runtime_init
                0x10004834       0x2c CMakeFiles/ToolsLEDSolution.dir/Users/kyankotschevar-smead/Desktop/Projects/Embedded-Systems/pico-sdk/src/rp2_common/pico_clib_interface/newlib_interface.c.o
                0x10004834                runtime_init
 .text.stdio_out_chars_no_crlf
                0x10004860       0x10 CMakeFiles/ToolsLEDSolution.dir/Users/kyankotschevar-smead/Desktop/Projects/Embedded-Systems/pico-sdk/src/rp2_common/pico_stdio/stdio.c.o
 .text.stdio_out_chars_crlf
                0x10004870       0x90 CMakeFiles/ToolsLEDSolution.dir/Users/kyankotschevar-smead/Desktop/Projects/Embedded-Systems/pico-sdk/src/rp2_common/pico_stdio/stdio.c.o
 .text.stdio_buffered_printer
                0x10004900       0x64 CMakeFiles/ToolsLEDSolution.dir/Users/kyankotschevar-smead/Desktop/Projects/Embedded-Systems/pico-sdk/src/rp2_common/pico_stdio/stdio.c.o
 .text.stdio_put_string
                0x10004964       0xf4 CMakeFiles/ToolsLEDSolution.dir/Users/kyankotschevar-smead/Desktop/Projects/Embedded-Systems/pico-sdk/src/rp2_common/pico_stdio/stdio.c.o
                0x10004964                stdio_put_string
 .text.stdio_get_until
                0x10004a58       0x7c CMakeFiles/ToolsLEDSolution.dir/Users/kyankotschevar-smead/Desktop/Projects/Embedded-Systems/pico-sdk/src/rp2_common/pico_stdio/stdio.c.o
                0x10004a58                stdio_get_until
 .text.stdio_set_driver_enabled
                0x10004ad4       0x30 CMakeFiles/ToolsLEDSolution.dir/Users/kyankotschevar-smead/Desktop/Projects/Embedded-Systems/pico-sdk/src/rp2_common/pico_stdio/stdio.c.o
                0x10004ad4                stdio_set_driver_enabled
 .text.stdio_init_all
                0x10004b04       0x10 CMakeFiles/ToolsLEDSolution.dir/Users/kyankotschevar-smead/Desktop/Projects/Embedded-Systems/pico-sdk/src/rp2_common/pico_stdio/stdio.c.o
                0x10004b04                stdio_init_all
 .text.__wrap_putchar
                0x10004b14       0x94 CMakeFiles/ToolsLEDSolution.dir/Users/kyankotschevar-smead/Desktop/Projects/Embedded-Systems/pico-sdk/src/rp2_common/pico_stdio/stdio.c.o
                0x10004b14                stdio_putchar
                0x10004b14                __wrap_putchar
 .text.__wrap_puts
                0x10004ba8       0x3c CMakeFiles/ToolsLEDSolution.dir/Users/kyankotschevar-smead/Desktop/Projects/Embedded-Systems/pico-sdk/src/rp2_common/pico_stdio/stdio.c.o
                0x10004ba8                __wrap_puts
                0x10004ba8                stdio_puts
 .text.__wrap_vprintf
                0x10004be4       0xc8 CMakeFiles/ToolsLEDSolution.dir/Users/kyankotschevar-smead/Desktop/Projects/Embedded-Systems/pico-sdk/src/rp2_common/pico_stdio/stdio.c.o
                0x10004be4                __wrap_vprintf
                0x10004be4                stdio_vprintf
 .text.__wrap_printf
                0x10004cac       0x18 CMakeFiles/ToolsLEDSolution.dir/Users/kyankotschevar-smead/Desktop/Projects/Embedded-Systems/pico-sdk/src/rp2_common/pico_stdio/stdio.c.o
                0x10004cac                stdio_printf
                0x10004cac                __wrap_printf
 .text.stdio_uart_out_chars
                0x10004cc4       0x4c CMakeFiles/ToolsLEDSolution.dir/Users/kyankotschevar-smead/Desktop/Projects/Embedded-Systems/pico-sdk/src/rp2_common/pico_stdio_uart/stdio_uart.c.o
 .text.stdio_uart_in_chars
                0x10004d10       0x8c CMakeFiles/ToolsLEDSolution.dir/Users/kyankotschevar-smead/Desktop/Projects/Embedded-Systems/pico-sdk/src/rp2_common/pico_stdio_uart/stdio_uart.c.o
                0x10004d10                stdio_uart_in_chars
 .text.on_uart_rx
                0x10004d9c       0x28 CMakeFiles/ToolsLEDSolution.dir/Users/kyankotschevar-smead/Desktop/Projects/Embedded-Systems/pico-sdk/src/rp2_common/pico_stdio_uart/stdio_uart.c.o
 .text.stdio_uart_out_flush
                0x10004dc4       0x14 CMakeFiles/ToolsLEDSolution.dir/Users/kyankotschevar-smead/Desktop/Projects/Embedded-Systems/pico-sdk/src/rp2_common/pico_stdio_uart/stdio_uart.c.o
 .text.stdio_uart_set_chars_available_callback
                0x10004dd8       0x84 CMakeFiles/ToolsLEDSolution.dir/Users/kyankotschevar-smead/Desktop/Projects/Embedded-Systems/pico-sdk/src/rp2_common/pico_stdio_uart/stdio_uart.c.o
 .text.stdio_uart_init
                0x10004e5c       0x50 CMakeFiles/ToolsLEDSolution.dir/Users/kyankotschevar-smead/Desktop/Projects/Embedded-Systems/pico-sdk/src/rp2_common/pico_stdio_uart/stdio_uart.c.o
                0x10004e5c                stdio_uart_init
 .text.resetd_init
                0x10004eac        0x4 CMakeFiles/ToolsLEDSolution.dir/Users/kyankotschevar-smead/Desktop/Projects/Embedded-Systems/pico-sdk/src/rp2_common/pico_stdio_usb/reset_interface.c.o
 .text.resetd_reset
                0x10004eb0        0xc CMakeFiles/ToolsLEDSolution.dir/Users/kyankotschevar-smead/Desktop/Projects/Embedded-Systems/pico-sdk/src/rp2_common/pico_stdio_usb/reset_interface.c.o
 .text.resetd_open
                0x10004ebc       0x28 CMakeFiles/ToolsLEDSolution.dir/Users/kyankotschevar-smead/Desktop/Projects/Embedded-Systems/pico-sdk/src/rp2_common/pico_stdio_usb/reset_interface.c.o
 .text.resetd_xfer_cb
                0x10004ee4        0x4 CMakeFiles/ToolsLEDSolution.dir/Users/kyankotschevar-smead/Desktop/Projects/Embedded-Systems/pico-sdk/src/rp2_common/pico_stdio_usb/reset_interface.c.o
 .text.resetd_control_xfer_cb
                0x10004ee8       0x54 CMakeFiles/ToolsLEDSolution.dir/Users/kyankotschevar-smead/Desktop/Projects/Embedded-Systems/pico-sdk/src/rp2_common/pico_stdio_usb/reset_interface.c.o
 .text.tud_descriptor_bos_cb
                0x10004f3c        0x8 CMakeFiles/ToolsLEDSolution.dir/Users/kyankotschevar-smead/Desktop/Projects/Embedded-Systems/pico-sdk/src/rp2_common/pico_stdio_usb/reset_interface.c.o
                0x10004f3c                tud_descriptor_bos_cb
 .text.tud_vendor_control_xfer_cb
                0x10004f44       0x38 CMakeFiles/ToolsLEDSolution.dir/Users/kyankotschevar-smead/Desktop/Projects/Embedded-Systems/pico-sdk/src/rp2_common/pico_stdio_usb/reset_interface.c.o
                0x10004f44                tud_vendor_control_xfer_cb
 .text.usbd_app_driver_get_cb
                0x10004f7c        0xc CMakeFiles/ToolsLEDSolution.dir/Users/kyankotschevar-smead/Desktop/Projects/Embedded-Systems/pico-sdk/src/rp2_common/pico_stdio_usb/reset_interface.c.o
                0x10004f7c                usbd_app_driver_get_cb
 .text.tud_cdc_line_coding_cb
                0x10004f88       0x2c CMakeFiles/ToolsLEDSolution.dir/Users/kyankotschevar-smead/Desktop/Projects/Embedded-Systems/pico-sdk/src/rp2_common/pico_stdio_usb/reset_interface.c.o
                0x10004f88                tud_cdc_line_coding_cb
 .text.stdio_usb_set_chars_available_callback
                0x10004fb4       0x14 CMakeFiles/ToolsLEDSolution.dir/Users/kyankotschevar-smead/Desktop/Projects/Embedded-Systems/pico-sdk/src/rp2_common/pico_stdio_usb/stdio_usb.c.o
                0x10004fb4                stdio_usb_set_chars_available_callback
 .text.usb_irq  0x10004fc8       0x10 CMakeFiles/ToolsLEDSolution.dir/Users/kyankotschevar-smead/Desktop/Projects/Embedded-Systems/pico-sdk/src/rp2_common/pico_stdio_usb/stdio_usb.c.o
 .text.timer_task
                0x10004fd8       0x64 CMakeFiles/ToolsLEDSolution.dir/Users/kyankotschevar-smead/Desktop/Projects/Embedded-Systems/pico-sdk/src/rp2_common/pico_stdio_usb/stdio_usb.c.o
 .text.stdio_usb_in_chars
                0x1000503c       0x8c CMakeFiles/ToolsLEDSolution.dir/Users/kyankotschevar-smead/Desktop/Projects/Embedded-Systems/pico-sdk/src/rp2_common/pico_stdio_usb/stdio_usb.c.o
                0x1000503c                stdio_usb_in_chars
 .text.stdio_usb_out_flush
                0x100050c8       0x4c CMakeFiles/ToolsLEDSolution.dir/Users/kyankotschevar-smead/Desktop/Projects/Embedded-Systems/pico-sdk/src/rp2_common/pico_stdio_usb/stdio_usb.c.o
 .text.stdio_usb_out_chars
                0x10005114       0xf8 CMakeFiles/ToolsLEDSolution.dir/Users/kyankotschevar-smead/Desktop/Projects/Embedded-Systems/pico-sdk/src/rp2_common/pico_stdio_usb/stdio_usb.c.o
 .text.low_priority_worker_irq
                0x1000520c       0xc4 CMakeFiles/ToolsLEDSolution.dir/Users/kyankotschevar-smead/Desktop/Projects/Embedded-Systems/pico-sdk/src/rp2_common/pico_stdio_usb/stdio_usb.c.o
 .text.stdio_usb_init
                0x100052d0       0xe4 CMakeFiles/ToolsLEDSolution.dir/Users/kyankotschevar-smead/Desktop/Projects/Embedded-Systems/pico-sdk/src/rp2_common/pico_stdio_usb/stdio_usb.c.o
                0x100052d0                stdio_usb_init
 .text.tud_descriptor_device_cb
                0x100053b4        0x8 CMakeFiles/ToolsLEDSolution.dir/Users/kyankotschevar-smead/Desktop/Projects/Embedded-Systems/pico-sdk/src/rp2_common/pico_stdio_usb/stdio_usb_descriptors.c.o
                0x100053b4                tud_descriptor_device_cb
 .text.tud_descriptor_configuration_cb
                0x100053bc        0x8 CMakeFiles/ToolsLEDSolution.dir/Users/kyankotschevar-smead/Desktop/Projects/Embedded-Systems/pico-sdk/src/rp2_common/pico_stdio_usb/stdio_usb_descriptors.c.o
                0x100053bc                tud_descriptor_configuration_cb
 .text.tud_descriptor_string_cb
                0x100053c4       0x70 CMakeFiles/ToolsLEDSolution.dir/Users/kyankotschevar-smead/Desktop/Projects/Embedded-Systems/pico-sdk/src/rp2_common/pico_stdio_usb/stdio_usb_descriptors.c.o
                0x100053c4                tud_descriptor_string_cb
 .text.startup._retrieve_unique_id_on_boot
                0x10005434       0x10 CMakeFiles/ToolsLEDSolution.dir/Users/kyankotschevar-smead/Desktop/Projects/Embedded-Systems/pico-sdk/src/rp2_common/pico_unique_id/unique_id.c.o
 .text.pico_get_unique_board_id_string
                0x10005444      0x1e0 CMakeFiles/ToolsLEDSolution.dir/Users/kyankotschevar-smead/Desktop/Projects/Embedded-Systems/pico-sdk/src/rp2_common/pico_unique_id/unique_id.c.o
                0x10005444                pico_get_unique_board_id_string
 .text.flash_get_unique_id
                0x10005624       0x3c CMakeFiles/ToolsLEDSolution.dir/Users/kyankotschevar-smead/Desktop/Projects/Embedded-Systems/pico-sdk/src/rp2_common/hardware_flash/flash.c.o
                0x10005624                flash_get_unique_id
 .text.dcd_init
                0x10005660       0x90 CMakeFiles/ToolsLEDSolution.dir/Users/kyankotschevar-smead/Desktop/Projects/Embedded-Systems/pico-sdk/lib/tinyusb/src/portable/raspberrypi/rp2040/dcd_rp2040.c.o
                0x10005660                dcd_init
 .text.dcd_int_enable
                0x100056f0        0xc CMakeFiles/ToolsLEDSolution.dir/Users/kyankotschevar-smead/Desktop/Projects/Embedded-Systems/pico-sdk/lib/tinyusb/src/portable/raspberrypi/rp2040/dcd_rp2040.c.o
                0x100056f0                dcd_int_enable
 .text.dcd_set_address
                0x100056fc       0x14 CMakeFiles/ToolsLEDSolution.dir/Users/kyankotschevar-smead/Desktop/Projects/Embedded-Systems/pico-sdk/lib/tinyusb/src/portable/raspberrypi/rp2040/dcd_rp2040.c.o
                0x100056fc                dcd_set_address
 .text.dcd_sof_enable
                0x10005710       0x1c CMakeFiles/ToolsLEDSolution.dir/Users/kyankotschevar-smead/Desktop/Projects/Embedded-Systems/pico-sdk/lib/tinyusb/src/portable/raspberrypi/rp2040/dcd_rp2040.c.o
                0x10005710                dcd_sof_enable
 .text.dcd_edpt0_status_complete
                0x1000572c       0x1c CMakeFiles/ToolsLEDSolution.dir/Users/kyankotschevar-smead/Desktop/Projects/Embedded-Systems/pico-sdk/lib/tinyusb/src/portable/raspberrypi/rp2040/dcd_rp2040.c.o
                0x1000572c                dcd_edpt0_status_complete
 .text.dcd_edpt_open
                0x10005748      0x114 CMakeFiles/ToolsLEDSolution.dir/Users/kyankotschevar-smead/Desktop/Projects/Embedded-Systems/pico-sdk/lib/tinyusb/src/portable/raspberrypi/rp2040/dcd_rp2040.c.o
                0x10005748                dcd_edpt_open
 .text.dcd_edpt_close_all
                0x1000585c        0x8 CMakeFiles/ToolsLEDSolution.dir/Users/kyankotschevar-smead/Desktop/Projects/Embedded-Systems/pico-sdk/lib/tinyusb/src/portable/raspberrypi/rp2040/dcd_rp2040.c.o
                0x1000585c                dcd_edpt_close_all
 .text.dcd_edpt_xfer
                0x10005864       0x24 CMakeFiles/ToolsLEDSolution.dir/Users/kyankotschevar-smead/Desktop/Projects/Embedded-Systems/pico-sdk/lib/tinyusb/src/portable/raspberrypi/rp2040/dcd_rp2040.c.o
                0x10005864                dcd_edpt_xfer
 .text.dcd_edpt_stall
                0x10005888       0x3c CMakeFiles/ToolsLEDSolution.dir/Users/kyankotschevar-smead/Desktop/Projects/Embedded-Systems/pico-sdk/lib/tinyusb/src/portable/raspberrypi/rp2040/dcd_rp2040.c.o
                0x10005888                dcd_edpt_stall
 .text.dcd_edpt_clear_stall
                0x100058c4       0x30 CMakeFiles/ToolsLEDSolution.dir/Users/kyankotschevar-smead/Desktop/Projects/Embedded-Systems/pico-sdk/lib/tinyusb/src/portable/raspberrypi/rp2040/dcd_rp2040.c.o
                0x100058c4                dcd_edpt_clear_stall
 .text.rp2040_usb_init
                0x100058f4       0x40 CMakeFiles/ToolsLEDSolution.dir/Users/kyankotschevar-smead/Desktop/Projects/Embedded-Systems/pico-sdk/lib/tinyusb/src/portable/raspberrypi/rp2040/rp2040_usb.c.o
                0x100058f4                rp2040_usb_init
 .text.hw_endpoint_xfer_start
                0x10005934       0x40 CMakeFiles/ToolsLEDSolution.dir/Users/kyankotschevar-smead/Desktop/Projects/Embedded-Systems/pico-sdk/lib/tinyusb/src/portable/raspberrypi/rp2040/rp2040_usb.c.o
                0x10005934                hw_endpoint_xfer_start
 .text.tud_event_hook_cb
                0x10005974        0x4 CMakeFiles/ToolsLEDSolution.dir/Users/kyankotschevar-smead/Desktop/Projects/Embedded-Systems/pico-sdk/lib/tinyusb/src/device/usbd.c.o
                0x10005974                tud_event_hook_cb
 .text.tud_sof_cb
                0x10005978        0x4 CMakeFiles/ToolsLEDSolution.dir/Users/kyankotschevar-smead/Desktop/Projects/Embedded-Systems/pico-sdk/lib/tinyusb/src/device/usbd.c.o
                0x10005978                tud_sof_cb
 .text.tud_descriptor_device_qualifier_cb
                0x1000597c        0x4 CMakeFiles/ToolsLEDSolution.dir/Users/kyankotschevar-smead/Desktop/Projects/Embedded-Systems/pico-sdk/lib/tinyusb/src/device/usbd.c.o
                0x1000597c                tud_descriptor_device_qualifier_cb
 .text.tud_descriptor_other_speed_configuration_cb
                0x10005980        0x4 CMakeFiles/ToolsLEDSolution.dir/Users/kyankotschevar-smead/Desktop/Projects/Embedded-Systems/pico-sdk/lib/tinyusb/src/device/usbd.c.o
                0x10005980                tud_descriptor_other_speed_configuration_cb
 .text.tud_mount_cb
                0x10005984        0x4 CMakeFiles/ToolsLEDSolution.dir/Users/kyankotschevar-smead/Desktop/Projects/Embedded-Systems/pico-sdk/lib/tinyusb/src/device/usbd.c.o
                0x10005984                tud_mount_cb
 .text.tud_umount_cb
                0x10005988        0x4 CMakeFiles/ToolsLEDSolution.dir/Users/kyankotschevar-smead/Desktop/Projects/Embedded-Systems/pico-sdk/lib/tinyusb/src/device/usbd.c.o
                0x10005988                tud_umount_cb
 .text.tud_suspend_cb
                0x1000598c        0x4 CMakeFiles/ToolsLEDSolution.dir/Users/kyankotschevar-smead/Desktop/Projects/Embedded-Systems/pico-sdk/lib/tinyusb/src/device/usbd.c.o
                0x1000598c                tud_suspend_cb
 .text.tud_resume_cb
                0x10005990        0x4 CMakeFiles/ToolsLEDSolution.dir/Users/kyankotschevar-smead/Desktop/Projects/Embedded-Systems/pico-sdk/lib/tinyusb/src/device/usbd.c.o
                0x10005990                tud_resume_cb
 .text.tud_mounted
                0x10005994       0x10 CMakeFiles/ToolsLEDSolution.dir/Users/kyankotschevar-smead/Desktop/Projects/Embedded-Systems/pico-sdk/lib/tinyusb/src/device/usbd.c.o
                0x10005994                tud_mounted
 .text.tud_suspended
                0x100059a4       0x10 CMakeFiles/ToolsLEDSolution.dir/Users/kyankotschevar-smead/Desktop/Projects/Embedded-Systems/pico-sdk/lib/tinyusb/src/device/usbd.c.o
                0x100059a4                tud_suspended
 .text.tud_rhport_init
                0x100059b4       0xf0 CMakeFiles/ToolsLEDSolution.dir/Users/kyankotschevar-smead/Desktop/Projects/Embedded-Systems/pico-sdk/lib/tinyusb/src/device/usbd.c.o
                0x100059b4                tud_rhport_init
 .text.tud_task_ext
                0x10005aa4      0x7fc CMakeFiles/ToolsLEDSolution.dir/Users/kyankotschevar-smead/Desktop/Projects/Embedded-Systems/pico-sdk/lib/tinyusb/src/device/usbd.c.o
                0x10005aa4                tud_task_ext
 .text.usbd_open_edpt_pair
                0x100062a0       0x98 CMakeFiles/ToolsLEDSolution.dir/Users/kyankotschevar-smead/Desktop/Projects/Embedded-Systems/pico-sdk/lib/tinyusb/src/device/usbd.c.o
                0x100062a0                usbd_open_edpt_pair
 .text.usbd_edpt_open
                0x10006338       0x34 CMakeFiles/ToolsLEDSolution.dir/Users/kyankotschevar-smead/Desktop/Projects/Embedded-Systems/pico-sdk/lib/tinyusb/src/device/usbd.c.o
                0x10006338                usbd_edpt_open
 .text.usbd_edpt_claim
                0x1000636c       0x28 CMakeFiles/ToolsLEDSolution.dir/Users/kyankotschevar-smead/Desktop/Projects/Embedded-Systems/pico-sdk/lib/tinyusb/src/device/usbd.c.o
                0x1000636c                usbd_edpt_claim
 .text.usbd_edpt_release
                0x10006394       0x28 CMakeFiles/ToolsLEDSolution.dir/Users/kyankotschevar-smead/Desktop/Projects/Embedded-Systems/pico-sdk/lib/tinyusb/src/device/usbd.c.o
                0x10006394                usbd_edpt_release
 .text.usbd_edpt_xfer
                0x100063bc       0x50 CMakeFiles/ToolsLEDSolution.dir/Users/kyankotschevar-smead/Desktop/Projects/Embedded-Systems/pico-sdk/lib/tinyusb/src/device/usbd.c.o
                0x100063bc                usbd_edpt_xfer
 .text.tud_control_status
                0x1000640c       0x2c CMakeFiles/ToolsLEDSolution.dir/Users/kyankotschevar-smead/Desktop/Projects/Embedded-Systems/pico-sdk/lib/tinyusb/src/device/usbd_control.c.o
                0x1000640c                tud_control_status
 .text.tud_control_xfer
                0x10006438       0xa0 CMakeFiles/ToolsLEDSolution.dir/Users/kyankotschevar-smead/Desktop/Projects/Embedded-Systems/pico-sdk/lib/tinyusb/src/device/usbd_control.c.o
                0x10006438                tud_control_xfer
 .text.usbd_control_reset
                0x100064d8       0x14 CMakeFiles/ToolsLEDSolution.dir/Users/kyankotschevar-smead/Desktop/Projects/Embedded-Systems/pico-sdk/lib/tinyusb/src/device/usbd_control.c.o
                0x100064d8                usbd_control_reset
 .text.usbd_control_set_complete_callback
                0x100064ec        0xc CMakeFiles/ToolsLEDSolution.dir/Users/kyankotschevar-smead/Desktop/Projects/Embedded-Systems/pico-sdk/lib/tinyusb/src/device/usbd_control.c.o
                0x100064ec                usbd_control_set_complete_callback
 .text.usbd_control_set_request
                0x100064f8       0x1c CMakeFiles/ToolsLEDSolution.dir/Users/kyankotschevar-smead/Desktop/Projects/Embedded-Systems/pico-sdk/lib/tinyusb/src/device/usbd_control.c.o
                0x100064f8                usbd_control_set_request
 .text.usbd_control_xfer_cb
                0x10006514       0xe8 CMakeFiles/ToolsLEDSolution.dir/Users/kyankotschevar-smead/Desktop/Projects/Embedded-Systems/pico-sdk/lib/tinyusb/src/device/usbd_control.c.o
                0x10006514                usbd_control_xfer_cb
 .text._prep_out_transaction.isra.0
                0x100065fc       0x6c CMakeFiles/ToolsLEDSolution.dir/Users/kyankotschevar-smead/Desktop/Projects/Embedded-Systems/pico-sdk/lib/tinyusb/src/class/cdc/cdc_device.c.o
 .text.tud_cdc_n_connected
                0x10006668       0x2c CMakeFiles/ToolsLEDSolution.dir/Users/kyankotschevar-smead/Desktop/Projects/Embedded-Systems/pico-sdk/lib/tinyusb/src/class/cdc/cdc_device.c.o
                0x10006668                tud_cdc_n_connected
 .text.tud_cdc_n_available
                0x10006694       0x14 CMakeFiles/ToolsLEDSolution.dir/Users/kyankotschevar-smead/Desktop/Projects/Embedded-Systems/pico-sdk/lib/tinyusb/src/class/cdc/cdc_device.c.o
                0x10006694                tud_cdc_n_available
 .text.tud_cdc_n_read
                0x100066a8       0x88 CMakeFiles/ToolsLEDSolution.dir/Users/kyankotschevar-smead/Desktop/Projects/Embedded-Systems/pico-sdk/lib/tinyusb/src/class/cdc/cdc_device.c.o
                0x100066a8                tud_cdc_n_read
 .text.tud_cdc_n_write_flush
                0x10006730       0x78 CMakeFiles/ToolsLEDSolution.dir/Users/kyankotschevar-smead/Desktop/Projects/Embedded-Systems/pico-sdk/lib/tinyusb/src/class/cdc/cdc_device.c.o
                0x10006730                tud_cdc_n_write_flush
 .text.tud_cdc_n_write
                0x100067a8       0x40 CMakeFiles/ToolsLEDSolution.dir/Users/kyankotschevar-smead/Desktop/Projects/Embedded-Systems/pico-sdk/lib/tinyusb/src/class/cdc/cdc_device.c.o
                0x100067a8                tud_cdc_n_write
 .text.tud_cdc_n_write_available
                0x100067e8       0x14 CMakeFiles/ToolsLEDSolution.dir/Users/kyankotschevar-smead/Desktop/Projects/Embedded-Systems/pico-sdk/lib/tinyusb/src/class/cdc/cdc_device.c.o
                0x100067e8                tud_cdc_n_write_available
 .text.cdcd_init
                0x100067fc       0x70 CMakeFiles/ToolsLEDSolution.dir/Users/kyankotschevar-smead/Desktop/Projects/Embedded-Systems/pico-sdk/lib/tinyusb/src/class/cdc/cdc_device.c.o
                0x100067fc                cdcd_init
 .text.cdcd_deinit
                0x1000686c       0x30 CMakeFiles/ToolsLEDSolution.dir/Users/kyankotschevar-smead/Desktop/Projects/Embedded-Systems/pico-sdk/lib/tinyusb/src/class/cdc/cdc_device.c.o
                0x1000686c                cdcd_deinit
 .text.cdcd_reset
                0x1000689c       0x48 CMakeFiles/ToolsLEDSolution.dir/Users/kyankotschevar-smead/Desktop/Projects/Embedded-Systems/pico-sdk/lib/tinyusb/src/class/cdc/cdc_device.c.o
                0x1000689c                cdcd_reset
 .text.cdcd_open
                0x100068e4       0xa8 CMakeFiles/ToolsLEDSolution.dir/Users/kyankotschevar-smead/Desktop/Projects/Embedded-Systems/pico-sdk/lib/tinyusb/src/class/cdc/cdc_device.c.o
                0x100068e4                cdcd_open
 .text.cdcd_control_xfer_cb
                0x1000698c       0xf0 CMakeFiles/ToolsLEDSolution.dir/Users/kyankotschevar-smead/Desktop/Projects/Embedded-Systems/pico-sdk/lib/tinyusb/src/class/cdc/cdc_device.c.o
                0x1000698c                cdcd_control_xfer_cb
 .text.cdcd_xfer_cb
                0x10006a7c       0xf8 CMakeFiles/ToolsLEDSolution.dir/Users/kyankotschevar-smead/Desktop/Projects/Embedded-Systems/pico-sdk/lib/tinyusb/src/class/cdc/cdc_device.c.o
                0x10006a7c                cdcd_xfer_cb
 .text.vendord_init
                0x10006b74       0x5c CMakeFiles/ToolsLEDSolution.dir/Users/kyankotschevar-smead/Desktop/Projects/Embedded-Systems/pico-sdk/lib/tinyusb/src/class/vendor/vendor_device.c.o
                0x10006b74                vendord_init
 .text.vendord_deinit
                0x10006bd0       0x1c CMakeFiles/ToolsLEDSolution.dir/Users/kyankotschevar-smead/Desktop/Projects/Embedded-Systems/pico-sdk/lib/tinyusb/src/class/vendor/vendor_device.c.o
                0x10006bd0                vendord_deinit
 .text.vendord_reset
                0x10006bec       0x28 CMakeFiles/ToolsLEDSolution.dir/Users/kyankotschevar-smead/Desktop/Projects/Embedded-Systems/pico-sdk/lib/tinyusb/src/class/vendor/vendor_device.c.o
                0x10006bec                vendord_reset
 .text.vendord_open
                0x10006c14      0x104 CMakeFiles/ToolsLEDSolution.dir/Users/kyankotschevar-smead/Desktop/Projects/Embedded-Systems/pico-sdk/lib/tinyusb/src/class/vendor/vendor_device.c.o
                0x10006c14                vendord_open
 .text.vendord_xfer_cb
                0x10006d18       0xa0 CMakeFiles/ToolsLEDSolution.dir/Users/kyankotschevar-smead/Desktop/Projects/Embedded-Systems/pico-sdk/lib/tinyusb/src/class/vendor/vendor_device.c.o
                0x10006d18                vendord_xfer_cb
 .text.tusb_rhport_init
                0x10006db8       0x4c CMakeFiles/ToolsLEDSolution.dir/Users/kyankotschevar-smead/Desktop/Projects/Embedded-Systems/pico-sdk/lib/tinyusb/src/tusb.c.o
                0x10006db8                tusb_rhport_init
 .text.tu_edpt_claim
                0x10006e04       0x50 CMakeFiles/ToolsLEDSolution.dir/Users/kyankotschevar-smead/Desktop/Projects/Embedded-Systems/pico-sdk/lib/tinyusb/src/tusb.c.o
                0x10006e04                tu_edpt_claim
 .text.tu_edpt_release
                0x10006e54       0x38 CMakeFiles/ToolsLEDSolution.dir/Users/kyankotschevar-smead/Desktop/Projects/Embedded-Systems/pico-sdk/lib/tinyusb/src/tusb.c.o
                0x10006e54                tu_edpt_release
 .text.tu_edpt_validate
                0x10006e8c       0x74 CMakeFiles/ToolsLEDSolution.dir/Users/kyankotschevar-smead/Desktop/Projects/Embedded-Systems/pico-sdk/lib/tinyusb/src/tusb.c.o
                0x10006e8c                tu_edpt_validate
 .text.tu_edpt_bind_driver
                0x10006f00       0x34 CMakeFiles/ToolsLEDSolution.dir/Users/kyankotschevar-smead/Desktop/Projects/Embedded-Systems/pico-sdk/lib/tinyusb/src/tusb.c.o
                0x10006f00                tu_edpt_bind_driver
 .text.tu_edpt_stream_init
                0x10006f34       0x68 CMakeFiles/ToolsLEDSolution.dir/Users/kyankotschevar-smead/Desktop/Projects/Embedded-Systems/pico-sdk/lib/tinyusb/src/tusb.c.o
                0x10006f34                tu_edpt_stream_init
 .text.tu_edpt_stream_deinit
                0x10006f9c        0x4 CMakeFiles/ToolsLEDSolution.dir/Users/kyankotschevar-smead/Desktop/Projects/Embedded-Systems/pico-sdk/lib/tinyusb/src/tusb.c.o
                0x10006f9c                tu_edpt_stream_deinit
 .text.tu_edpt_stream_write_zlp_if_needed
                0x10006fa0       0x64 CMakeFiles/ToolsLEDSolution.dir/Users/kyankotschevar-smead/Desktop/Projects/Embedded-Systems/pico-sdk/lib/tinyusb/src/tusb.c.o
                0x10006fa0                tu_edpt_stream_write_zlp_if_needed
 .text.tu_edpt_stream_write_xfer
                0x10007004       0x6c CMakeFiles/ToolsLEDSolution.dir/Users/kyankotschevar-smead/Desktop/Projects/Embedded-Systems/pico-sdk/lib/tinyusb/src/tusb.c.o
                0x10007004                tu_edpt_stream_write_xfer
 .text.tu_edpt_stream_read_xfer
                0x10007070       0xd8 CMakeFiles/ToolsLEDSolution.dir/Users/kyankotschevar-smead/Desktop/Projects/Embedded-Systems/pico-sdk/lib/tinyusb/src/tusb.c.o
                0x10007070                tu_edpt_stream_read_xfer
 .text.tu_fifo_config
                0x10007148       0x6c CMakeFiles/ToolsLEDSolution.dir/Users/kyankotschevar-smead/Desktop/Projects/Embedded-Systems/pico-sdk/lib/tinyusb/src/common/tusb_fifo.c.o
                0x10007148                tu_fifo_config
 .text.tu_fifo_count
                0x100071b4       0x2c CMakeFiles/ToolsLEDSolution.dir/Users/kyankotschevar-smead/Desktop/Projects/Embedded-Systems/pico-sdk/lib/tinyusb/src/common/tusb_fifo.c.o
                0x100071b4                tu_fifo_count
 .text.tu_fifo_empty
                0x100071e0       0x10 CMakeFiles/ToolsLEDSolution.dir/Users/kyankotschevar-smead/Desktop/Projects/Embedded-Systems/pico-sdk/lib/tinyusb/src/common/tusb_fifo.c.o
                0x100071e0                tu_fifo_empty
 .text.tu_fifo_remaining
                0x100071f0       0x2c CMakeFiles/ToolsLEDSolution.dir/Users/kyankotschevar-smead/Desktop/Projects/Embedded-Systems/pico-sdk/lib/tinyusb/src/common/tusb_fifo.c.o
                0x100071f0                tu_fifo_remaining
 .text.tu_fifo_read
                0x1000721c       0x9c CMakeFiles/ToolsLEDSolution.dir/Users/kyankotschevar-smead/Desktop/Projects/Embedded-Systems/pico-sdk/lib/tinyusb/src/common/tusb_fifo.c.o
                0x1000721c                tu_fifo_read
 .text.tu_fifo_read_n
                0x100072b8       0xec CMakeFiles/ToolsLEDSolution.dir/Users/kyankotschevar-smead/Desktop/Projects/Embedded-Systems/pico-sdk/lib/tinyusb/src/common/tusb_fifo.c.o
                0x100072b8                tu_fifo_read_n
 .text.tu_fifo_write
                0x100073a4       0xa4 CMakeFiles/ToolsLEDSolution.dir/Users/kyankotschevar-smead/Desktop/Projects/Embedded-Systems/pico-sdk/lib/tinyusb/src/common/tusb_fifo.c.o
                0x100073a4                tu_fifo_write
 .text.tu_fifo_write_n
                0x10007448      0x168 CMakeFiles/ToolsLEDSolution.dir/Users/kyankotschevar-smead/Desktop/Projects/Embedded-Systems/pico-sdk/lib/tinyusb/src/common/tusb_fifo.c.o
                0x10007448                tu_fifo_write_n
 .text.tu_fifo_clear
                0x100075b0       0x40 CMakeFiles/ToolsLEDSolution.dir/Users/kyankotschevar-smead/Desktop/Projects/Embedded-Systems/pico-sdk/lib/tinyusb/src/common/tusb_fifo.c.o
                0x100075b0                tu_fifo_clear
 .text.tu_fifo_set_overwritable
                0x100075f0       0x48 CMakeFiles/ToolsLEDSolution.dir/Users/kyankotschevar-smead/Desktop/Projects/Embedded-Systems/pico-sdk/lib/tinyusb/src/common/tusb_fifo.c.o
                0x100075f0                tu_fifo_set_overwritable
 .text.lf_time_add
                0x10007638       0x8c core/libreactor-c.a(tag.c.o)
                0x10007638                lf_time_add
 .text.lf_tag_compare
                0x100076c4       0x38 core/libreactor-c.a(tag.c.o)
                0x100076c4                lf_tag_compare
 .text.lf_delay_tag
                0x100076fc       0x9c core/libreactor-c.a(tag.c.o)
                0x100076fc                lf_delay_tag
 .text.lf_time_logical
                0x10007798        0x8 core/libreactor-c.a(tag.c.o)
                0x10007798                lf_time_logical
 .text.lf_time_logical_elapsed
                0x100077a0       0x14 core/libreactor-c.a(tag.c.o)
                0x100077a0                lf_time_logical_elapsed
 .text.lf_time_physical
                0x100077b4       0x14 core/libreactor-c.a(tag.c.o)
                0x100077b4                lf_time_physical
 .text.lf_time_physical_elapsed
                0x100077c8       0x20 core/libreactor-c.a(tag.c.o)
                0x100077c8                lf_time_physical_elapsed
 .text.lf_comma_separated_time
                0x100077e8      0x244 core/libreactor-c.a(tag.c.o)
                0x100077e8                lf_comma_separated_time
 .text.lf_clock_gettime
                0x10007a2c       0x78 core/libreactor-c.a(clock.c.o)
                0x10007a2c                lf_clock_gettime
 .text.lf_clock_interruptable_sleep_until_locked
                0x10007aa4        0x8 core/libreactor-c.a(clock.c.o)
                0x10007aa4                lf_clock_interruptable_sleep_until_locked
 .text.lf_allocate
                0x10007aac       0x3c core/libreactor-c.a(reactor_common.c.o)
                0x10007aac                lf_allocate
 .text.lf_new_reactor
                0x10007ae8       0x40 core/libreactor-c.a(reactor_common.c.o)
                0x10007ae8                lf_new_reactor
 .text.lf_set_stop_tag
                0x10007b28       0x3c core/libreactor-c.a(reactor_common.c.o)
                0x10007b28                lf_set_stop_tag
 .text._lf_start_time_step
                0x10007b64       0x70 core/libreactor-c.a(reactor_common.c.o)
                0x10007b64                _lf_start_time_step
 .text.lf_is_tag_after_stop_tag
                0x10007bd4       0x30 core/libreactor-c.a(reactor_common.c.o)
                0x10007bd4                lf_is_tag_after_stop_tag
 .text._lf_pop_events
                0x10007c04      0x10c core/libreactor-c.a(reactor_common.c.o)
                0x10007c04                _lf_pop_events
 .text.lf_get_new_event
                0x10007d10       0x28 core/libreactor-c.a(reactor_common.c.o)
                0x10007d10                lf_get_new_event
 .text._lf_initialize_timer
                0x10007d38       0xc0 core/libreactor-c.a(reactor_common.c.o)
                0x10007d38                _lf_initialize_timer
 .text._lf_initialize_timers
                0x10007df8       0x80 core/libreactor-c.a(reactor_common.c.o)
                0x10007df8                _lf_initialize_timers
 .text._lf_trigger_startup_reactions
                0x10007e78       0x40 core/libreactor-c.a(reactor_common.c.o)
                0x10007e78                _lf_trigger_startup_reactions
 .text._lf_trigger_shutdown_reactions
                0x10007eb8       0x40 core/libreactor-c.a(reactor_common.c.o)
                0x10007eb8                _lf_trigger_shutdown_reactions
 .text.lf_recycle_event
                0x10007ef8       0x1c core/libreactor-c.a(reactor_common.c.o)
                0x10007ef8                lf_recycle_event
 .text.lf_replace_token
                0x10007f14       0x14 core/libreactor-c.a(reactor_common.c.o)
                0x10007f14                lf_replace_token
 .text._lf_advance_tag
                0x10007f28       0x6c core/libreactor-c.a(reactor_common.c.o)
                0x10007f28                _lf_advance_tag
 .text._lf_invoke_reaction
                0x10007f94       0x14 core/libreactor-c.a(reactor_common.c.o)
                0x10007f94                _lf_invoke_reaction
 .text.schedule_output_reactions
                0x10007fa8      0x144 core/libreactor-c.a(reactor_common.c.o)
                0x10007fa8                schedule_output_reactions
 .text.usage    0x100080ec       0xb0 core/libreactor-c.a(reactor_common.c.o)
                0x100080ec                usage
 .text.process_args
                0x1000819c      0x400 core/libreactor-c.a(reactor_common.c.o)
                0x1000819c                process_args
 .text.initialize_global
                0x1000859c        0x8 core/libreactor-c.a(reactor_common.c.o)
                0x1000859c                initialize_global
 .text.termination
                0x100085a4      0x28c core/libreactor-c.a(reactor_common.c.o)
                0x100085a4                termination
 .text.lf_combine_deadline_and_level
                0x10008830       0x28 core/libreactor-c.a(reactor_common.c.o)
                0x10008830                lf_combine_deadline_and_level
 .text._lf_free_token.part.0
                0x10008858       0x84 core/libreactor-c.a(lf_token.c.o)
 .text._lf_new_token
                0x100088dc       0x80 core/libreactor-c.a(lf_token.c.o)
                0x100088dc                _lf_new_token
 .text._lf_initialize_token_with_value
                0x1000895c       0x58 core/libreactor-c.a(lf_token.c.o)
                0x1000895c                _lf_initialize_token_with_value
 .text._lf_free_all_tokens
                0x100089b4       0xf8 core/libreactor-c.a(lf_token.c.o)
                0x100089b4                _lf_free_all_tokens
 .text._lf_replace_template_token
                0x10008aac       0x44 core/libreactor-c.a(lf_token.c.o)
                0x10008aac                _lf_replace_template_token
 .text._lf_done_using
                0x10008af0       0x2c core/libreactor-c.a(lf_token.c.o)
                0x10008af0                _lf_done_using
 .text._lf_free_token_copies
                0x10008b1c       0x40 core/libreactor-c.a(lf_token.c.o)
                0x10008b1c                _lf_free_token_copies
 .text.event_matches
                0x10008b5c        0xc core/libreactor-c.a(environment.c.o)
 .text.print_event
                0x10008b68        0x4 core/libreactor-c.a(environment.c.o)
 .text.environment_free
                0x10008b6c       0x64 core/libreactor-c.a(environment.c.o)
                0x10008b6c                environment_free
 .text.environment_init_tags
                0x10008bd0       0x40 core/libreactor-c.a(environment.c.o)
                0x10008bd0                environment_init_tags
 .text.environment_init
                0x10008c10      0x148 core/libreactor-c.a(environment.c.o)
                0x10008c10                environment_init
 .text.lf_set_present
                0x10008d58       0x58 core/libreactor-c.a(reactor.c.o)
                0x10008d58                lf_set_present
 .text._lf_trigger_reaction
                0x10008db0       0x28 core/libreactor-c.a(reactor.c.o)
                0x10008db0                _lf_trigger_reaction
 .text._lf_do_step
                0x10008dd8       0xac core/libreactor-c.a(reactor.c.o)
                0x10008dd8                _lf_do_step
 .text.next     0x10008e84      0x110 core/libreactor-c.a(reactor.c.o)
                0x10008e84                next
 .text.lf_reactor_c_main
                0x10008f94       0xe4 core/libreactor-c.a(reactor.c.o)
                0x10008f94                lf_reactor_c_main
 .text.lf_critical_section_enter
                0x10009078        0x8 core/libreactor-c.a(reactor.c.o)
                0x10009078                lf_critical_section_enter
 .text.lf_critical_section_exit
                0x10009080        0x8 core/libreactor-c.a(reactor.c.o)
                0x10009080                lf_critical_section_exit
 .text.vector_at
                0x10009088       0x60 core/libreactor-c.a(vector.c.o)
                0x10009088                vector_at
 .text.vector_size
                0x100090e8        0x8 core/libreactor-c.a(vector.c.o)
                0x100090e8                vector_size
 .text.percolate_down
                0x100090f0       0xcc core/libreactor-c.a(pqueue_base.c.o)
 .text.bubble_up.isra.0
                0x100091bc       0x90 core/libreactor-c.a(pqueue_base.c.o)
 .text.find_equal_same_priority
                0x1000924c       0xc8 core/libreactor-c.a(pqueue_base.c.o)
                0x1000924c                find_equal_same_priority
 .text.pqueue_init
                0x10009314       0x54 core/libreactor-c.a(pqueue_base.c.o)
                0x10009314                pqueue_init
 .text.pqueue_free
                0x10009368       0x14 core/libreactor-c.a(pqueue_base.c.o)
                0x10009368                pqueue_free
 .text.pqueue_size
                0x1000937c        0xc core/libreactor-c.a(pqueue_base.c.o)
                0x1000937c                pqueue_size
 .text.pqueue_find_equal_same_priority
                0x10009388        0xc core/libreactor-c.a(pqueue_base.c.o)
                0x10009388                pqueue_find_equal_same_priority
 .text.pqueue_insert
                0x10009394       0x40 core/libreactor-c.a(pqueue_base.c.o)
                0x10009394                pqueue_insert
 .text.pqueue_remove
                0x100093d4       0x6c core/libreactor-c.a(pqueue_base.c.o)
                0x100093d4                pqueue_remove
 .text.pqueue_pop
                0x10009440       0x2c core/libreactor-c.a(pqueue_base.c.o)
                0x10009440                pqueue_pop
 .text.pqueue_peek
                0x1000946c       0x14 core/libreactor-c.a(pqueue_base.c.o)
                0x1000946c                pqueue_peek
 .text.pqueue_tag_get_priority
                0x10009480        0x4 core/libreactor-c.a(pqueue_tag.c.o)
 .text.pqueue_tag_get_position
                0x10009484        0x4 core/libreactor-c.a(pqueue_tag.c.o)
 .text.pqueue_tag_set_position
                0x10009488        0x4 core/libreactor-c.a(pqueue_tag.c.o)
 .text.pqueue_tag_compare
                0x1000948c       0x1c core/libreactor-c.a(pqueue_tag.c.o)
                0x1000948c                pqueue_tag_compare
 .text.pqueue_tag_init_customize
                0x100094a8       0x28 core/libreactor-c.a(pqueue_tag.c.o)
                0x100094a8                pqueue_tag_init_customize
 .text.pqueue_tag_free
                0x100094d0       0x38 core/libreactor-c.a(pqueue_tag.c.o)
                0x100094d0                pqueue_tag_free
 .text.pqueue_tag_size
                0x10009508        0x8 core/libreactor-c.a(pqueue_tag.c.o)
                0x10009508                pqueue_tag_size
 .text.pqueue_tag_insert
                0x10009510        0x8 core/libreactor-c.a(pqueue_tag.c.o)
                0x10009510                pqueue_tag_insert
 .text.pqueue_tag_find_equal_same_tag
                0x10009518        0x8 core/libreactor-c.a(pqueue_tag.c.o)
                0x10009518                pqueue_tag_find_equal_same_tag
 .text.pqueue_tag_peek
                0x10009520        0x8 core/libreactor-c.a(pqueue_tag.c.o)
                0x10009520                pqueue_tag_peek
 .text.pqueue_tag_pop
                0x10009528        0x8 core/libreactor-c.a(pqueue_tag.c.o)
                0x10009528                pqueue_tag_pop
 .text.pqueue_tag_remove
                0x10009530        0x8 core/libreactor-c.a(pqueue_tag.c.o)
                0x10009530                pqueue_tag_remove
 .text.in_reverse_order
                0x10009538       0x30 core/libreactor-c.a(pqueue.c.o)
                0x10009538                in_reverse_order
 .text.in_no_particular_order
                0x10009568        0x4 core/libreactor-c.a(pqueue.c.o)
                0x10009568                in_no_particular_order
 .text.reaction_matches
                0x1000956c        0x8 core/libreactor-c.a(pqueue.c.o)
                0x1000956c                reaction_matches
 .text.get_reaction_index
                0x10009574        0x8 core/libreactor-c.a(pqueue.c.o)
                0x10009574                get_reaction_index
 .text.get_reaction_position
                0x1000957c        0x4 core/libreactor-c.a(pqueue.c.o)
                0x1000957c                get_reaction_position
 .text.set_reaction_position
                0x10009580        0x4 core/libreactor-c.a(pqueue.c.o)
                0x10009580                set_reaction_position
 .text.print_reaction
                0x10009584        0x4 core/libreactor-c.a(pqueue.c.o)
                0x10009584                print_reaction
 .text._lf_message_print
                0x10009588      0x110 core/libreactor-c.a(util.c.o)
                0x10009588                _lf_message_print
 .text.lf_print_error
                0x10009698       0xec core/libreactor-c.a(util.c.o)
                0x10009698                lf_print_error
 .text.lf_print_warning
                0x10009784       0xec core/libreactor-c.a(util.c.o)
                0x10009784                lf_print_warning
 .text.lf_print_error_and_exit
                0x10009870       0x2c core/libreactor-c.a(util.c.o)
                0x10009870                lf_print_error_and_exit
 .text.hashset_num_items
                0x1000989c        0x4 core/libreactor-c.a(hashset.c.o)
                0x1000989c                hashset_num_items
 .text.hashset_destroy
                0x100098a0       0x18 core/libreactor-c.a(hashset.c.o)
                0x100098a0                hashset_destroy
 .text.hashset_create
                0x100098b8       0x40 core/libreactor-c.a(hashset.c.o)
                0x100098b8                hashset_create
 .text.hashset_add
                0x100098f8      0x194 core/libreactor-c.a(hashset.c.o)
                0x100098f8                hashset_add
 .text.hashset_remove
                0x10009a8c       0x50 core/libreactor-c.a(hashset.c.o)
                0x10009a8c                hashset_remove
 .text.hashset_iterator
                0x10009adc       0x1c core/libreactor-c.a(hashset_itr.c.o)
                0x10009adc                hashset_iterator
 .text.hashset_iterator_next
                0x10009af8       0x38 core/libreactor-c.a(hashset_itr.c.o)
                0x10009af8                hashset_iterator_next
 .text.hashset_iterator_value
                0x10009b30        0xc core/libreactor-c.a(hashset_itr.c.o)
                0x10009b30                hashset_iterator_value
 .text._lf_initialize_clock
                0x10009b3c       0x20 core/liblf-low-level-platform-impl.a(lf_rp2040_support.c.o)
                0x10009b3c                _lf_initialize_clock
 .text._lf_clock_gettime
                0x10009b5c       0x20 core/liblf-low-level-platform-impl.a(lf_rp2040_support.c.o)
                0x10009b5c                _lf_clock_gettime
 .text._lf_interruptable_sleep_until_locked
                0x10009b7c       0x48 core/liblf-low-level-platform-impl.a(lf_rp2040_support.c.o)
                0x10009b7c                _lf_interruptable_sleep_until_locked
 .text.lf_disable_interrupts_nested
                0x10009bc4       0x3c core/liblf-low-level-platform-impl.a(lf_rp2040_support.c.o)
                0x10009bc4                lf_disable_interrupts_nested
 .text.lf_enable_interrupts_nested
                0x10009c00       0x38 core/liblf-low-level-platform-impl.a(lf_rp2040_support.c.o)
                0x10009c00                lf_enable_interrupts_nested
 .text.lf_atomic_fetch_add
                0x10009c38       0x18 core/liblf-low-level-platform-impl.a(lf_atomic_irq.c.o)
                0x10009c38                lf_atomic_fetch_add
 .text.lf_atomic_fetch_add64
                0x10009c50       0x28 core/liblf-low-level-platform-impl.a(lf_atomic_irq.c.o)
                0x10009c50                lf_atomic_fetch_add64
 .text.lf_atomic_bool_compare_and_swap64
                0x10009c78       0x2c core/liblf-low-level-platform-impl.a(lf_atomic_irq.c.o)
                0x10009c78                lf_atomic_bool_compare_and_swap64
 .text.atexit   0x10009ca4       0x10 /Applications/ArmGNUToolchain/15.2.rel1/arm-none-eabi/bin/../lib/gcc/arm-none-eabi/15.2.1/../../../../arm-none-eabi/lib/thumb/v6-m/nofp/libg.a(libc_a-atexit.o)
                0x10009ca4                atexit
 .text.atoi     0x10009cb4        0xc /Applications/ArmGNUToolchain/15.2.rel1/arm-none-eabi/bin/../lib/gcc/arm-none-eabi/15.2.1/../../../../arm-none-eabi/lib/thumb/v6-m/nofp/libg.a(libc_a-atoi.o)
                0x10009cb4                atoi
 .text.calloc   0x10009cc0       0x14 /Applications/ArmGNUToolchain/15.2.rel1/arm-none-eabi/bin/../lib/gcc/arm-none-eabi/15.2.1/../../../../arm-none-eabi/lib/thumb/v6-m/nofp/libg.a(libc_a-calloc.o)
                0x10009cc0                calloc
 .text._calloc_r
                0x10009cd4       0xb8 /Applications/ArmGNUToolchain/15.2.rel1/arm-none-eabi/bin/../lib/gcc/arm-none-eabi/15.2.1/../../../../arm-none-eabi/lib/thumb/v6-m/nofp/libg.a(libc_a-callocr.o)
                0x10009cd4                _calloc_r
 .text.malloc   0x10009d8c       0x14 /Applications/ArmGNUToolchain/15.2.rel1/arm-none-eabi/bin/../lib/gcc/arm-none-eabi/15.2.1/../../../../arm-none-eabi/lib/thumb/v6-m/nofp/libg.a(libc_a-malloc.o)
                0x10009d8c                malloc
 .text.free     0x10009da0       0x14 /Applications/ArmGNUToolchain/15.2.rel1/arm-none-eabi/bin/../lib/gcc/arm-none-eabi/15.2.1/../../../../arm-none-eabi/lib/thumb/v6-m/nofp/libg.a(libc_a-malloc.o)
                0x10009da0                free
 .text._malloc_r
                0x10009db4      0x564 /Applications/ArmGNUToolchain/15.2.rel1/arm-none-eabi/bin/../lib/gcc/arm-none-eabi/15.2.1/../../../../arm-none-eabi/lib/thumb/v6-m/nofp/libg.a(libc_a-mallocr.o)
                0x10009db4                _malloc_r
 .text._vfprintf_r
                0x1000a318     0x2490 /Applications/ArmGNUToolchain/15.2.rel1/arm-none-eabi/bin/../lib/gcc/arm-none-eabi/15.2.1/../../../../arm-none-eabi/lib/thumb/v6-m/nofp/libg.a(libc_a-vfprintf.o)
                0x1000a318                _vfprintf_r
 .text.vfprintf
                0x1000c7a8       0x18 /Applications/ArmGNUToolchain/15.2.rel1/arm-none-eabi/bin/../lib/gcc/arm-none-eabi/15.2.1/../../../../arm-none-eabi/lib/thumb/v6-m/nofp/libg.a(libc_a-vfprintf.o)
                0x1000c7a8                vfprintf
 .text.__sbprintf
                0x1000c7c0       0x8c /Applications/ArmGNUToolchain/15.2.rel1/arm-none-eabi/bin/../lib/gcc/arm-none-eabi/15.2.1/../../../../arm-none-eabi/lib/thumb/v6-m/nofp/libg.a(libc_a-vfprintf.o)
 .text.__malloc_lock
                0x1000c84c       0x10 /Applications/ArmGNUToolchain/15.2.rel1/arm-none-eabi/bin/../lib/gcc/arm-none-eabi/15.2.1/../../../../arm-none-eabi/lib/thumb/v6-m/nofp/libg.a(libc_a-mlock.o)
                0x1000c84c                __malloc_lock
 .text.__malloc_unlock
                0x1000c85c       0x10 /Applications/ArmGNUToolchain/15.2.rel1/arm-none-eabi/bin/../lib/gcc/arm-none-eabi/15.2.1/../../../../arm-none-eabi/lib/thumb/v6-m/nofp/libg.a(libc_a-mlock.o)
                0x1000c85c                __malloc_unlock
 .text.realloc  0x1000c86c       0x14 /Applications/ArmGNUToolchain/15.2.rel1/arm-none-eabi/bin/../lib/gcc/arm-none-eabi/15.2.1/../../../../arm-none-eabi/lib/thumb/v6-m/nofp/libg.a(libc_a-realloc.o)
                0x1000c86c                realloc
 .text._realloc_r
                0x1000c880      0x328 /Applications/ArmGNUToolchain/15.2.rel1/arm-none-eabi/bin/../lib/gcc/arm-none-eabi/15.2.1/../../../../arm-none-eabi/lib/thumb/v6-m/nofp/libg.a(libc_a-reallocr.o)
                0x1000c880                _realloc_r
 .text._strtol_l.isra.0
                0x1000cba8      0x154 /Applications/ArmGNUToolchain/15.2.rel1/arm-none-eabi/bin/../lib/gcc/arm-none-eabi/15.2.1/../../../../arm-none-eabi/lib/thumb/v6-m/nofp/libg.a(libc_a-strtol.o)
 .text.strtol   0x1000ccfc       0x18 /Applications/ArmGNUToolchain/15.2.rel1/arm-none-eabi/bin/../lib/gcc/arm-none-eabi/15.2.1/../../../../arm-none-eabi/lib/thumb/v6-m/nofp/libg.a(libc_a-strtol.o)
                0x1000ccfc                strtol
 .text.__sprint_r
                0x1000cd14       0x20 /Applications/ArmGNUToolchain/15.2.rel1/arm-none-eabi/bin/../lib/gcc/arm-none-eabi/15.2.1/../../../../arm-none-eabi/lib/thumb/v6-m/nofp/libg.a(libc_a-sprint_r.o)
                0x1000cd14                __sprint_r
 .text.__sflush_r
                0x1000cd34      0x148 /Applications/ArmGNUToolchain/15.2.rel1/arm-none-eabi/bin/../lib/gcc/arm-none-eabi/15.2.1/../../../../arm-none-eabi/lib/thumb/v6-m/nofp/libg.a(libc_a-fflush.o)
                0x1000cd34                __sflush_r
 .text._fflush_r
                0x1000ce7c       0x68 /Applications/ArmGNUToolchain/15.2.rel1/arm-none-eabi/bin/../lib/gcc/arm-none-eabi/15.2.1/../../../../arm-none-eabi/lib/thumb/v6-m/nofp/libg.a(libc_a-fflush.o)
                0x1000ce7c                _fflush_r
 .text.fflush   0x1000cee4       0x7c /Applications/ArmGNUToolchain/15.2.rel1/arm-none-eabi/bin/../lib/gcc/arm-none-eabi/15.2.1/../../../../arm-none-eabi/lib/thumb/v6-m/nofp/libg.a(libc_a-fflush.o)
                0x1000cee4                fflush
 .text.stdio_exit_handler
                0x1000cf60       0x1c /Applications/ArmGNUToolchain/15.2.rel1/arm-none-eabi/bin/../lib/gcc/arm-none-eabi/15.2.1/../../../../arm-none-eabi/lib/thumb/v6-m/nofp/libg.a(libc_a-findfp.o)
 .text.cleanup_stdio
                0x1000cf7c       0x3c /Applications/ArmGNUToolchain/15.2.rel1/arm-none-eabi/bin/../lib/gcc/arm-none-eabi/15.2.1/../../../../arm-none-eabi/lib/thumb/v6-m/nofp/libg.a(libc_a-findfp.o)
 .text.global_stdio_init.part.0
                0x1000cfb8      0x110 /Applications/ArmGNUToolchain/15.2.rel1/arm-none-eabi/bin/../lib/gcc/arm-none-eabi/15.2.1/../../../../arm-none-eabi/lib/thumb/v6-m/nofp/libg.a(libc_a-findfp.o)
 .text.__sinit  0x1000d0c8       0x38 /Applications/ArmGNUToolchain/15.2.rel1/arm-none-eabi/bin/../lib/gcc/arm-none-eabi/15.2.1/../../../../arm-none-eabi/lib/thumb/v6-m/nofp/libg.a(libc_a-findfp.o)
                0x1000d0c8                __sinit
 .text.__sfp_lock_acquire
                0x1000d100       0x10 /Applications/ArmGNUToolchain/15.2.rel1/arm-none-eabi/bin/../lib/gcc/arm-none-eabi/15.2.1/../../../../arm-none-eabi/lib/thumb/v6-m/nofp/libg.a(libc_a-findfp.o)
                0x1000d100                __sfp_lock_acquire
 .text.__sfp_lock_release
                0x1000d110       0x10 /Applications/ArmGNUToolchain/15.2.rel1/arm-none-eabi/bin/../lib/gcc/arm-none-eabi/15.2.1/../../../../arm-none-eabi/lib/thumb/v6-m/nofp/libg.a(libc_a-findfp.o)
                0x1000d110                __sfp_lock_release
 .text.__swsetup_r
                0x1000d120       0xd4 /Applications/ArmGNUToolchain/15.2.rel1/arm-none-eabi/bin/../lib/gcc/arm-none-eabi/15.2.1/../../../../arm-none-eabi/lib/thumb/v6-m/nofp/libg.a(libc_a-wsetup.o)
                0x1000d120                __swsetup_r
 .text.memmove  0x1000d1f4      0x104 /Applications/ArmGNUToolchain/15.2.rel1/arm-none-eabi/bin/../lib/gcc/arm-none-eabi/15.2.1/../../../../arm-none-eabi/lib/thumb/v6-m/nofp/libg.a(libc_a-memmove.o)
                0x1000d1f4                memmove