Archive member included to satisfy reference by file (symbol)

core/libreactor-c.a(tag.c.o)  CMakeFiles/AccelerometerDisplay.dir/lib/schedule.c.o (lf_time_add)
core/libreactor-c.a(clock.c.o)
                              core/libreactor-c.a(tag.c.o) (lf_clock_gettime)
core/libreactor-c.a(reactor_common.c.o)
                              CMakeFiles/AccelerometerDisplay.dir/AccelerometerDisplay.c.o (lf_allocate)
core/libreactor-c.a(lf_token.c.o)
                              CMakeFiles/AccelerometerDisplay.dir/lib/schedule.c.o (_lf_initialize_token_with_value)
core/libreactor-c.a(environment.c.o)
                              core/libreactor-c.a(reactor_common.c.o) (environment_free)
core/libreactor-c.a(reactor.c.o)
                              CMakeFiles/AccelerometerDisplay.dir/_accelerometerdisplay_main.c.o (lf_set_present)
core/libreactor-c.a(vector.c.o)
                              core/libreactor-c.a(reactor_common.c.o) (vector_at)
core/libreactor-c.a(pqueue_base.c.o)
                              core/libreactor-c.a(environment.c.o) (pqueue_init)
core/libreactor-c.a(pqueue_tag.c.o)
                              core/libreactor-c.a(environment.c.o) (pqueue_tag_compare)
core/libreactor-c.a(pqueue.c.o)
                              core/libreactor-c.a(environment.c.o) (in_reverse_order)
core/libreactor-c.a(util.c.o)
                              core/libreactor-c.a(pqueue_tag.c.o) (lf_print)
core/libreactor-c.a(hashset.c.o)
                              core/libreactor-c.a(lf_token.c.o) (hashset_num_items)
core/libreactor-c.a(hashset_itr.c.o)
                              core/libreactor-c.a(lf_token.c.o) (hashset_iterator)
robot/librobot.a(display.c.o)
                              CMakeFiles/AccelerometerDisplay.dir/_display.c.o (display_set_font)
robot/librobot.a(font_8x8.c.o)
                              robot/librobot.a(display.c.o) (font_8x8)
robot/librobot.a(font_8x16.c.o)
                              CMakeFiles/AccelerometerDisplay.dir/_display.c.o (font_8x16)
robot/librobot.a(imu.c.o)     CMakeFiles/AccelerometerDisplay.dir/_accelerometer.c.o (imu_init)
robot/librobot.a(sh1106.c.o)  robot/librobot.a(display.c.o) (sh1106_transfer_start)
core/liblf-low-level-platform-impl.a(lf_rp2040_support.c.o)
                              core/libreactor-c.a(reactor.c.o) (_lf_initialize_clock)
core/liblf-low-level-platform-impl.a(lf_atomic_irq.c.o)
                              core/libreactor-c.a(reactor_common.c.o) (lf_atomic_fetch_add)
/nix/store/c353gqsmf8mvg72vivm9fb2dv210wnkm-gcc-arm-embedded-14.2.rel1/bin/../lib/gcc/arm-none-eabi/14.2.1/thumb/v6-m/nofp/libgcc.a(_dvmd_tls.o)
                              CMakeFiles/AccelerometerDisplay.dir/home/masonmenser/Embedded-Systems/pico-sdk/src/rp2_common/pico_divider/divider_hardware.S.o (__aeabi_idiv0)
/nix/store/c353gqsmf8mvg72vivm9fb2dv210wnkm-gcc-arm-embedded-14.2.rel1/bin/../lib/gcc/arm-none-eabi/14.2.1/../../../../arm-none-eabi/lib/thumb/v6-m/nofp/libg.a(libc_a-atexit.o)
                              core/libreactor-c.a(reactor.c.o) (atexit)
/nix/store/c353gqsmf8mvg72vivm9fb2dv210wnkm-gcc-arm-embedded-14.2.rel1/bin/../lib/gcc/arm-none-eabi/14.2.1/../../../../arm-none-eabi/lib/thumb/v6-m/nofp/libg.a(libc_a-atoi.o)
                              core/libreactor-c.a(reactor_common.c.o) (atoi)
/nix/store/c353gqsmf8mvg72vivm9fb2dv210wnkm-gcc-arm-embedded-14.2.rel1/bin/../lib/gcc/arm-none-eabi/14.2.1/../../../../arm-none-eabi/lib/thumb/v6-m/nofp/libg.a(libc_a-calloc.o)
                              CMakeFiles/AccelerometerDisplay.dir/home/masonmenser/Embedded-Systems/pico-sdk/src/rp2_common/pico_malloc/malloc.c.o (calloc)
/nix/store/c353gqsmf8mvg72vivm9fb2dv210wnkm-gcc-arm-embedded-14.2.rel1/bin/../lib/gcc/arm-none-eabi/14.2.1/../../../../arm-none-eabi/lib/thumb/v6-m/nofp/libg.a(libc_a-callocr.o)
                              /nix/store/c353gqsmf8mvg72vivm9fb2dv210wnkm-gcc-arm-embedded-14.2.rel1/bin/../lib/gcc/arm-none-eabi/14.2.1/../../../../arm-none-eabi/lib/thumb/v6-m/nofp/libg.a(libc_a-calloc.o) (_calloc_r)
/nix/store/c353gqsmf8mvg72vivm9fb2dv210wnkm-gcc-arm-embedded-14.2.rel1/bin/../lib/gcc/arm-none-eabi/14.2.1/../../../../arm-none-eabi/lib/thumb/v6-m/nofp/libg.a(libc_a-malloc.o)
                              CMakeFiles/AccelerometerDisplay.dir/home/masonmenser/Embedded-Systems/pico-sdk/src/rp2_common/pico_malloc/malloc.c.o (malloc)
/nix/store/c353gqsmf8mvg72vivm9fb2dv210wnkm-gcc-arm-embedded-14.2.rel1/bin/../lib/gcc/arm-none-eabi/14.2.1/../../../../arm-none-eabi/lib/thumb/v6-m/nofp/libg.a(libc_a-mallocr.o)
                              /nix/store/c353gqsmf8mvg72vivm9fb2dv210wnkm-gcc-arm-embedded-14.2.rel1/bin/../lib/gcc/arm-none-eabi/14.2.1/../../../../arm-none-eabi/lib/thumb/v6-m/nofp/libg.a(libc_a-callocr.o) (_malloc_r)
/nix/store/c353gqsmf8mvg72vivm9fb2dv210wnkm-gcc-arm-embedded-14.2.rel1/bin/../lib/gcc/arm-none-eabi/14.2.1/../../../../arm-none-eabi/lib/thumb/v6-m/nofp/libg.a(libc_a-mlock.o)
[...]
Memory Configuration

Name             Origin             Length             Attributes
FLASH            0x10000000         0x00200000         xr
RAM              0x20000000         0x00040000         xrw
SCRATCH_X        0x20040000         0x00001000         xrw
SCRATCH_Y        0x20041000         0x00001000         xrw
*default*        0x00000000         0xffffffff

Linker script and memory map

LOAD /nix/store/c353gqsmf8mvg72vivm9fb2dv210wnkm-gcc-arm-embedded-14.2.rel1/bin/../lib/gcc/arm-none-eabi/14.2.1/thumb/v6-m/nofp/crti.o
LOAD /nix/store/c353gqsmf8mvg72vivm9fb2dv210wnkm-gcc-arm-embedded-14.2.rel1/bin/../lib/gcc/arm-none-eabi/14.2.1/thumb/v6-m/nofp/crtbegin.o
LOAD /nix/store/c353gqsmf8mvg72vivm9fb2dv210wnkm-gcc-arm-embedded-14.2.rel1/bin/../lib/gcc/arm-none-eabi/14.2.1/../../../../arm-none-eabi/lib/thumb/v6-m/nofp/crt0.o

.flash_begin    0x10000000        0x0
                0x10000000                        __flash_binary_start = .

.boot2          0x10000000      0x100
                0x10000000                        __boot2_start__ = .
 *(.boot2)
 .boot2         0x10000000      0x100 pico-sdk/src/rp2040/boot_stage2/CMakeFiles/bs2_default_library.dir/bs2_default_padded_checksummed.S.o
                0x10000100                        __boot2_end__ = .
                0x00000001                        ASSERT (((__boot2_end__ - __boot2_start__) == 0x100), ERROR: Pico second stage bootloader must be 256 bytes in size)

.text           0x10000100    0x11bf0
                0x10000100                        __logical_binary_start = .
 *(.vectors)
 .vectors       0x10000100       0xd4 CMakeFiles/AccelerometerDisplay.dir/home/masonmenser/Embedded-Systems/pico-sdk/src/rp2_common/pico_crt0/crt0.S.o
                0x10000100                __vectors
                0x10000100                __VECTOR_TABLE
                0x100001c0                isr_irq30
                0x100001c0                __unhandled_user_irq
                0x100001c0                isr_irq13
                0x100001c0                isr_irq27
                0x100001c0                isr_irq31
                0x100001c0                isr_irq5
                0x100001c0                isr_irq11
                0x100001c0                isr_irq23
                0x100001c0                isr_irq18
                0x100001c0                isr_irq28
                0x100001c0                isr_irq19
                0x100001c0                isr_irq0
                0x100001c0                isr_irq6
                0x100001c0                isr_irq22
                0x100001c0                isr_irq17
                0x100001c0                isr_irq14
                0x100001c0                __vectors_end
                0x100001c0                __default_isrs_start
                0x100001c0                isr_irq2
                0x100001c0                isr_irq10
                0x100001c0                isr_irq8
                0x100001c0                isr_irq24
                0x100001c0                isr_irq1
                0x100001c0                isr_irq7
                0x100001c0                isr_irq21
                0x100001c0                isr_irq20
                0x100001c0                isr_irq15
                0x100001c0                isr_irq25
                0x100001c0                isr_irq4
                0x100001c0                isr_irq16
                0x100001c0                isr_irq29
                0x100001c0                isr_irq26
                0x100001c0                isr_irq3
                0x100001c0                isr_irq12
                0x100001c0                isr_irq9
                0x100001c6                unhandled_user_irq_num_in_r0
                0x100001c8                isr_invalid
                0x100001ca                isr_nmi
                0x100001cc                isr_hardfault
                0x100001ce                isr_svcall
                0x100001d0                isr_pendsv
                0x100001d2                isr_systick
                0x100001d4                __default_isrs_end
 *(.binary_info_header)
 .binary_info_header
                0x100001d4       0x14 CMakeFiles/AccelerometerDisplay.dir/home/masonmenser/Embedded-Systems/pico-sdk/src/rp2_common/pico_crt0/crt0.S.o
                0x100001e8                        __binary_info_header_end = .
 *(.embedded_block)
                0x100001e8                        __embedded_block_end = .
 *(.reset)
 .reset         0x100001e8       0x9c CMakeFiles/AccelerometerDisplay.dir/home/masonmenser/Embedded-Systems/pico-sdk/src/rp2_common/pico_crt0/crt0.S.o
                0x100001e8                _entry_point
 *(.init)
 .init          0x10000284        0x4 /nix/store/c353gqsmf8mvg72vivm9fb2dv210wnkm-gcc-arm-embedded-14.2.rel1/bin/../lib/gcc/arm-none-eabi/14.2.1/thumb/v6-m/nofp/crti.o
                0x10000284                _init
 *(EXCLUDE_FILE(*libm.a: *libc.a:*lib_a-mem*.o *libgcc.a:) .text*)
 .text.register_tm_clones
                0x10000288       0x28 /nix/store/c353gqsmf8mvg72vivm9fb2dv210wnkm-gcc-arm-embedded-14.2.rel1/bin/../lib/gcc/arm-none-eabi/14.2.1/thumb/v6-m/nofp/crtbegin.o
 .text.frame_dummy
                0x100002b0       0x24 /nix/store/c353gqsmf8mvg72vivm9fb2dv210wnkm-gcc-arm-embedded-14.2.rel1/bin/../lib/gcc/arm-none-eabi/14.2.1/thumb/v6-m/nofp/crtbegin.o
 .text.lf_schedule_trigger
                0x100002d4      0x304 CMakeFiles/AccelerometerDisplay.dir/lib/schedule.c.o
                0x100002d4                lf_schedule_trigger
 .text._accelerometerdisplay_mainreaction_function_0
                0x100005d8       0x28 CMakeFiles/AccelerometerDisplay.dir/_accelerometerdisplay_main.c.o
                0x100005d8                _accelerometerdisplay_mainreaction_function_0
 .text._accelerometerdisplay_mainreaction_function_1
                0x10000600      0x10c CMakeFiles/AccelerometerDisplay.dir/_accelerometerdisplay_main.c.o
                0x10000600                _accelerometerdisplay_mainreaction_function_1
 .text.new__accelerometerdisplay_main
                0x1000070c      0x10c CMakeFiles/AccelerometerDisplay.dir/_accelerometerdisplay_main.c.o
                0x1000070c                new__accelerometerdisplay_main
 .text._accelerometerreaction_function_1
                0x10000818       0x94 CMakeFiles/AccelerometerDisplay.dir/_accelerometer.c.o
                0x10000818                _accelerometerreaction_function_1
 .text._accelerometerreaction_function_0
                0x100008ac       0x20 CMakeFiles/AccelerometerDisplay.dir/_accelerometer.c.o
                0x100008ac                _accelerometerreaction_function_0
 .text.new__accelerometer
                0x100008cc       0xc4 CMakeFiles/AccelerometerDisplay.dir/_accelerometer.c.o
                0x100008cc                new__accelerometer
 .text._displayreaction_function_1
                0x10000990       0xb4 CMakeFiles/AccelerometerDisplay.dir/_display.c.o
                0x10000990                _displayreaction_function_1
 .text._displayreaction_function_0
                0x10000a44       0x2c CMakeFiles/AccelerometerDisplay.dir/_display.c.o
                0x10000a44                _displayreaction_function_0
 .text.new__display
                0x10000a70      0x15c CMakeFiles/AccelerometerDisplay.dir/_display.c.o
                0x10000a70                new__display
 .text.startup.main
                0x10000bcc        0xc CMakeFiles/AccelerometerDisplay.dir/AccelerometerDisplay.c.o
                0x10000bcc                main
 .text.lf_set_default_command_line_options
                0x10000bd8        0x4 CMakeFiles/AccelerometerDisplay.dir/AccelerometerDisplay.c.o
                0x10000bd8                lf_set_default_command_line_options
 .text.lf_create_environments
                0x10000bdc       0x3c CMakeFiles/AccelerometerDisplay.dir/AccelerometerDisplay.c.o
                0x10000bdc                lf_create_environments
 .text._lf_get_environments
                0x10000c18        0xc CMakeFiles/AccelerometerDisplay.dir/AccelerometerDisplay.c.o
                0x10000c18                _lf_get_environments
 .text._lf_initialize_trigger_objects
                0x10000c24      0x410 CMakeFiles/AccelerometerDisplay.dir/AccelerometerDisplay.c.o
                0x10000c24                _lf_initialize_trigger_objects
 .text.lf_terminate_execution
                0x10001034        0x4 CMakeFiles/AccelerometerDisplay.dir/AccelerometerDisplay.c.o
                0x10001034                lf_terminate_execution
 .text.gpio_set_function
                0x10001038       0x34 CMakeFiles/AccelerometerDisplay.dir/home/masonmenser/Embedded-Systems/pico-sdk/src/rp2_common/hardware_gpio/gpio.c.o
                0x10001038                gpio_set_function
 .text.gpio_set_pulls
                0x1000106c       0x28 CMakeFiles/AccelerometerDisplay.dir/home/masonmenser/Embedded-Systems/pico-sdk/src/rp2_common/hardware_gpio/gpio.c.o
                0x1000106c                gpio_set_pulls
 .text.gpio_init
                0x10001094       0x40 CMakeFiles/AccelerometerDisplay.dir/home/masonmenser/Embedded-Systems/pico-sdk/src/rp2_common/hardware_gpio/gpio.c.o
                0x10001094                gpio_init
 .text.rp2040_chip_version
                0x100010d4        0xc CMakeFiles/AccelerometerDisplay.dir/home/masonmenser/Embedded-Systems/pico-sdk/src/rp2040/pico_platform/platform.c.o
                0x100010d4                rp2040_chip_version
 .text.panic    0x100010e0       0x30 CMakeFiles/AccelerometerDisplay.dir/home/masonmenser/Embedded-Systems/pico-sdk/src/rp2_common/pico_platform_panic/panic.c.o
                0x100010e0                panic
 .text.hw_claim_or_assert
                0x10001110       0x44 CMakeFiles/AccelerometerDisplay.dir/home/masonmenser/Embedded-Systems/pico-sdk/src/common/hardware_claim/claim.c.o
                0x10001110                hw_claim_or_assert
 .text.hw_claim_unused_from_range
                0x10001154       0x88 CMakeFiles/AccelerometerDisplay.dir/home/masonmenser/Embedded-Systems/pico-sdk/src/common/hardware_claim/claim.c.o
                0x10001154                hw_claim_unused_from_range
 .text.next_striped_spin_lock_num
                0x100011dc       0x18 CMakeFiles/AccelerometerDisplay.dir/home/masonmenser/Embedded-Systems/pico-sdk/src/rp2_common/hardware_sync/sync.c.o
                0x100011dc                next_striped_spin_lock_num
 .text.spin_lock_claim_unused
                0x100011f4       0x24 CMakeFiles/AccelerometerDisplay.dir/home/masonmenser/Embedded-Systems/pico-sdk/src/rp2_common/hardware_sync/sync.c.o
                0x100011f4                spin_lock_claim_unused
 .text.spin_locks_reset
                0x10001218       0x1c CMakeFiles/AccelerometerDisplay.dir/home/masonmenser/Embedded-Systems/pico-sdk/src/rp2_common/hardware_sync_spin_lock/sync_spin_lock.c.o
                0x10001218                spin_locks_reset
 .text.runtime_init_per_core_irq_priorities
                0x10001234       0x24 CMakeFiles/AccelerometerDisplay.dir/home/masonmenser/Embedded-Systems/pico-sdk/src/rp2_common/hardware_irq/irq.c.o
                0x10001234                runtime_init_per_core_irq_priorities
 .text.irq_set_enabled
                0x10001258       0x24 CMakeFiles/AccelerometerDisplay.dir/home/masonmenser/Embedded-Systems/pico-sdk/src/rp2_common/hardware_irq/irq.c.o
                0x10001258                irq_set_enabled
 .text.irq_is_enabled
                0x1000127c       0x18 CMakeFiles/AccelerometerDisplay.dir/home/masonmenser/Embedded-Systems/pico-sdk/src/rp2_common/hardware_irq/irq.c.o
                0x1000127c                irq_is_enabled
 .text.irq_set_pending
                0x10001294       0x10 CMakeFiles/AccelerometerDisplay.dir/home/masonmenser/Embedded-Systems/pico-sdk/src/rp2_common/hardware_irq/irq.c.o
                0x10001294                irq_set_pending
 .text.irq_has_shared_handler
                0x100012a4       0x24 CMakeFiles/AccelerometerDisplay.dir/home/masonmenser/Embedded-Systems/pico-sdk/src/rp2_common/hardware_irq/irq.c.o
                0x100012a4                irq_has_shared_handler
 .text.irq_set_exclusive_handler
                0x100012c8       0x54 CMakeFiles/AccelerometerDisplay.dir/home/masonmenser/Embedded-Systems/pico-sdk/src/rp2_common/hardware_irq/irq.c.o
                0x100012c8                irq_set_exclusive_handler
 .text.irq_add_shared_handler
                0x1000131c      0x1f4 CMakeFiles/AccelerometerDisplay.dir/home/masonmenser/Embedded-Systems/pico-sdk/src/rp2_common/hardware_irq/irq.c.o
                0x1000131c                irq_add_shared_handler
 .text.irq_remove_handler
                0x10001510      0x1d4 CMakeFiles/AccelerometerDisplay.dir/home/masonmenser/Embedded-Systems/pico-sdk/src/rp2_common/hardware_irq/irq.c.o
                0x10001510                irq_remove_handler
 .text.irq_add_tail_to_free_list
                0x100016e4       0xb4 CMakeFiles/AccelerometerDisplay.dir/home/masonmenser/Embedded-Systems/pico-sdk/src/rp2_common/hardware_irq/irq.c.o
                0x100016e4                irq_add_tail_to_free_list
 .text.user_irq_claim_unused
                0x10001798       0x2c CMakeFiles/AccelerometerDisplay.dir/home/masonmenser/Embedded-Systems/pico-sdk/src/rp2_common/hardware_irq/irq.c.o
                0x10001798                user_irq_claim_unused
 .text.sem_init
                0x100017c4       0x20 CMakeFiles/AccelerometerDisplay.dir/home/masonmenser/Embedded-Systems/pico-sdk/src/common/pico_sync/sem.c.o
                0x100017c4                sem_init
 .text.lock_init
                0x100017e4       0x10 CMakeFiles/AccelerometerDisplay.dir/home/masonmenser/Embedded-Systems/pico-sdk/src/common/pico_sync/lock_core.c.o
                0x100017e4                lock_init
 .text.runtime_init_mutex
                0x100017f4       0x50 CMakeFiles/AccelerometerDisplay.dir/home/masonmenser/Embedded-Systems/pico-sdk/src/common/pico_sync/mutex.c.o
                0x100017f4                runtime_init_mutex
 .text.mutex_init
                0x10001844       0x1c CMakeFiles/AccelerometerDisplay.dir/home/masonmenser/Embedded-Systems/pico-sdk/src/common/pico_sync/mutex.c.o
                0x10001844                mutex_init
 .text.critical_section_init
                0x10001860       0x1c CMakeFiles/AccelerometerDisplay.dir/home/masonmenser/Embedded-Systems/pico-sdk/src/common/pico_sync/critical_section.c.o
                0x10001860                critical_section_init
 .text.critical_section_init_with_lock_num
                0x1000187c       0x14 CMakeFiles/AccelerometerDisplay.dir/home/masonmenser/Embedded-Systems/pico-sdk/src/common/pico_sync/critical_section.c.o
                0x1000187c                critical_section_init_with_lock_num
 .text.sleep_until_callback
                0x10001890       0x30 CMakeFiles/AccelerometerDisplay.dir/home/masonmenser/Embedded-Systems/pico-sdk/src/common/pico_time/time.c.o
 .text.alarm_pool_irq_handler
                0x100018c0      0x300 CMakeFiles/AccelerometerDisplay.dir/home/masonmenser/Embedded-Systems/pico-sdk/src/common/pico_time/time.c.o
 .text.runtime_init_default_alarm_pool
                0x10001bc0       0xdc CMakeFiles/AccelerometerDisplay.dir/home/masonmenser/Embedded-Systems/pico-sdk/src/common/pico_time/time.c.o
                0x10001bc0                runtime_init_default_alarm_pool
 .text.alarm_pool_get_default
                0x10001c9c        0x8 CMakeFiles/AccelerometerDisplay.dir/home/masonmenser/Embedded-Systems/pico-sdk/src/common/pico_time/time.c.o
                0x10001c9c                alarm_pool_get_default
 .text.alarm_pool_add_alarm_at
                0x10001ca4       0xd0 CMakeFiles/AccelerometerDisplay.dir/home/masonmenser/Embedded-Systems/pico-sdk/src/common/pico_time/time.c.o
                0x10001ca4                alarm_pool_add_alarm_at
 .text.alarm_pool_add_alarm_at_force_in_context
                0x10001d74       0xb0 CMakeFiles/AccelerometerDisplay.dir/home/masonmenser/Embedded-Systems/pico-sdk/src/common/pico_time/time.c.o
                0x10001d74                alarm_pool_add_alarm_at_force_in_context
 .text.alarm_pool_cancel_alarm
                0x10001e24       0x74 CMakeFiles/AccelerometerDisplay.dir/home/masonmenser/Embedded-Systems/pico-sdk/src/common/pico_time/time.c.o
                0x10001e24                alarm_pool_cancel_alarm
 .text.alarm_pool_core_num
                0x10001e98        0x4 CMakeFiles/AccelerometerDisplay.dir/home/masonmenser/Embedded-Systems/pico-sdk/src/common/pico_time/time.c.o
                0x10001e98                alarm_pool_core_num
 .text.sleep_until
                0x10001e9c       0xd0 CMakeFiles/AccelerometerDisplay.dir/home/masonmenser/Embedded-Systems/pico-sdk/src/common/pico_time/time.c.o
                0x10001e9c                sleep_until
 .text.sleep_us
                0x10001f6c       0xec CMakeFiles/AccelerometerDisplay.dir/home/masonmenser/Embedded-Systems/pico-sdk/src/common/pico_time/time.c.o
                0x10001f6c                sleep_us
 .text.best_effort_wfe_or_timeout
                0x10002058      0x10c CMakeFiles/AccelerometerDisplay.dir/home/masonmenser/Embedded-Systems/pico-sdk/src/common/pico_time/time.c.o
                0x10002058                best_effort_wfe_or_timeout
 .text.timer_hardware_alarm_claim
                0x10002164       0x14 CMakeFiles/AccelerometerDisplay.dir/home/masonmenser/Embedded-Systems/pico-sdk/src/rp2_common/hardware_timer/timer.c.o
                0x10002164                timer_hardware_alarm_claim
 .text.timer_time_us_64
                0x10002178       0x10 CMakeFiles/AccelerometerDisplay.dir/home/masonmenser/Embedded-Systems/pico-sdk/src/rp2_common/hardware_timer/timer.c.o
                0x10002178                timer_time_us_64
 .text.time_us_64
                0x10002188       0x14 CMakeFiles/AccelerometerDisplay.dir/home/masonmenser/Embedded-Systems/pico-sdk/src/rp2_common/hardware_timer/timer.c.o
                0x10002188                time_us_64
 .text.busy_wait_us
                0x1000219c       0x68 CMakeFiles/AccelerometerDisplay.dir/home/masonmenser/Embedded-Systems/pico-sdk/src/rp2_common/hardware_timer/timer.c.o
                0x1000219c                busy_wait_us
 .text.busy_wait_until
                0x10002204       0x20 CMakeFiles/AccelerometerDisplay.dir/home/masonmenser/Embedded-Systems/pico-sdk/src/rp2_common/hardware_timer/timer.c.o
                0x10002204                busy_wait_until
 .text.uart_init
                0x10002224      0x120 CMakeFiles/AccelerometerDisplay.dir/home/masonmenser/Embedded-Systems/pico-sdk/src/rp2_common/hardware_uart/uart.c.o
                0x10002224                uart_init
 .text.clock_configure_int_divider
                0x10002344       0xf4 CMakeFiles/AccelerometerDisplay.dir/home/masonmenser/Embedded-Systems/pico-sdk/src/rp2_common/hardware_clocks/clocks.c.o
                0x10002344                clock_configure_int_divider
 .text.clock_configure_undivided
                0x10002438       0xe8 CMakeFiles/AccelerometerDisplay.dir/home/masonmenser/Embedded-Systems/pico-sdk/src/rp2_common/hardware_clocks/clocks.c.o
                0x10002438                clock_configure_undivided
 .text.clock_get_hz
                0x10002520        0xc CMakeFiles/AccelerometerDisplay.dir/home/masonmenser/Embedded-Systems/pico-sdk/src/rp2_common/hardware_clocks/clocks.c.o
                0x10002520                clock_get_hz
 .text.pll_init
                0x1000252c       0xa4 CMakeFiles/AccelerometerDisplay.dir/home/masonmenser/Embedded-Systems/pico-sdk/src/rp2_common/hardware_pll/pll.c.o
                0x1000252c                pll_init
 .text.watchdog_reboot
                0x100025d0       0x9c CMakeFiles/AccelerometerDisplay.dir/home/masonmenser/Embedded-Systems/pico-sdk/src/rp2_common/hardware_watchdog/watchdog.c.o
                0x100025d0                watchdog_reboot
 .text.tick_start
                0x1000266c       0x10 CMakeFiles/AccelerometerDisplay.dir/home/masonmenser/Embedded-Systems/pico-sdk/src/rp2_common/hardware_ticks/ticks.c.o
                0x1000266c                tick_start
 .text.rom_func_lookup
                0x1000267c       0x10 CMakeFiles/AccelerometerDisplay.dir/home/masonmenser/Embedded-Systems/pico-sdk/src/rp2_common/pico_bootrom/bootrom.c.o
                0x1000267c                rom_func_lookup
 .text.rom_data_lookup
                0x1000268c       0x10 CMakeFiles/AccelerometerDisplay.dir/home/masonmenser/Embedded-Systems/pico-sdk/src/rp2_common/pico_bootrom/bootrom.c.o
                0x1000268c                rom_data_lookup
 .text.rom_funcs_lookup
                0x1000269c       0x44 CMakeFiles/AccelerometerDisplay.dir/home/masonmenser/Embedded-Systems/pico-sdk/src/rp2_common/pico_bootrom/bootrom.c.o
                0x1000269c                rom_funcs_lookup
 .text.rom_reset_usb_boot_extra
                0x100026e0       0x24 CMakeFiles/AccelerometerDisplay.dir/home/masonmenser/Embedded-Systems/pico-sdk/src/rp2_common/pico_bootrom/bootrom.c.o
                0x100026e0                rom_reset_usb_boot_extra
 .text.xosc_init
                0x10002704       0x28 CMakeFiles/AccelerometerDisplay.dir/home/masonmenser/Embedded-Systems/pico-sdk/src/rp2_common/hardware_xosc/xosc.c.o
                0x10002704                xosc_init
 .text.first_per_core_initializer
                0x1000272c        0x4 CMakeFiles/AccelerometerDisplay.dir/home/masonmenser/Embedded-Systems/pico-sdk/src/rp2_common/pico_runtime/runtime.c.o
 .text.hard_assertion_failure
                0x10002730        0xc CMakeFiles/AccelerometerDisplay.dir/home/masonmenser/Embedded-Systems/pico-sdk/src/rp2_common/pico_runtime/runtime.c.o
                0x10002730                hard_assertion_failure
 .text.runtime_run_initializers
                0x1000273c       0x28 CMakeFiles/AccelerometerDisplay.dir/home/masonmenser/Embedded-Systems/pico-sdk/src/rp2_common/pico_runtime/runtime.c.o
                0x1000273c                runtime_run_initializers
 .text.runtime_init_early_resets
                0x10002764       0x2c CMakeFiles/AccelerometerDisplay.dir/home/masonmenser/Embedded-Systems/pico-sdk/src/rp2_common/pico_runtime_init/runtime_init.c.o
                0x10002764                runtime_init_early_resets
 .text.runtime_init_usb_power_down
                0x10002790       0x1c CMakeFiles/AccelerometerDisplay.dir/home/masonmenser/Embedded-Systems/pico-sdk/src/rp2_common/pico_runtime_init/runtime_init.c.o
                0x10002790                runtime_init_usb_power_down
 .text.runtime_init_post_clock_resets
                0x100027ac       0x20 CMakeFiles/AccelerometerDisplay.dir/home/masonmenser/Embedded-Systems/pico-sdk/src/rp2_common/pico_runtime_init/runtime_init.c.o
                0x100027ac                runtime_init_post_clock_resets
 .text.runtime_init_rp2040_gpio_ie_disable
                0x100027cc       0x14 CMakeFiles/AccelerometerDisplay.dir/home/masonmenser/Embedded-Systems/pico-sdk/src/rp2_common/pico_runtime_init/runtime_init.c.o
                0x100027cc                runtime_init_rp2040_gpio_ie_disable
 .text.runtime_init_spin_locks_reset
                0x100027e0        0x8 CMakeFiles/AccelerometerDisplay.dir/home/masonmenser/Embedded-Systems/pico-sdk/src/rp2_common/pico_runtime_init/runtime_init.c.o
                0x100027e0                runtime_init_spin_locks_reset
 .text.runtime_init_install_ram_vector_table
                0x100027e8       0xb4 CMakeFiles/AccelerometerDisplay.dir/home/masonmenser/Embedded-Systems/pico-sdk/src/rp2_common/pico_runtime_init/runtime_init.c.o
                0x100027e8                runtime_init_install_ram_vector_table
 .text.runtime_init_clocks
                0x1000289c       0xd8 CMakeFiles/AccelerometerDisplay.dir/home/masonmenser/Embedded-Systems/pico-sdk/src/rp2_common/pico_runtime_init/runtime_init_clocks.c.o
                0x1000289c                runtime_init_clocks
 .text          0x10002974       0x10 CMakeFiles/AccelerometerDisplay.dir/home/masonmenser/Embedded-Systems/pico-sdk/src/rp2_common/pico_bit_ops/bit_ops_aeabi.S.o
 .text.__wrap___aeabi_idiv
                0x10002984       0x50 CMakeFiles/AccelerometerDisplay.dir/home/masonmenser/Embedded-Systems/pico-sdk/src/rp2_common/pico_divider/divider_hardware.S.o
                0x10002984                __wrap___aeabi_idivmod
                0x10002984                divmod_s32s32
                0x10002984                div_s32s32
                0x10002984                __wrap___aeabi_idiv
                0x1000298c                divmod_s32s32_unsafe
                0x100029b8                divmod_s32s32_savestate
 .text.__wrap___aeabi_uidiv
                0x100029d4       0x4c CMakeFiles/AccelerometerDisplay.dir/home/masonmenser/Embedded-Systems/pico-sdk/src/rp2_common/pico_divider/divider_hardware.S.o
                0x100029d4                __wrap___aeabi_uidiv
                0x100029d4                __wrap___aeabi_uidivmod
                0x100029d4                div_u32u32
                0x100029d4                divmod_u32u32
                0x100029dc                divmod_u32u32_unsafe
                0x10002a04                divmod_u32u32_savestate
 .text.__wrap___aeabi_ldiv
                0x10002a20      0x424 CMakeFiles/AccelerometerDisplay.dir/home/masonmenser/Embedded-Systems/pico-sdk/src/rp2_common/pico_divider/divider_hardware.S.o
                0x10002a20                div_s64s64
                0x10002a20                divmod_s64s64
                0x10002a20                __wrap___aeabi_ldivmod
                0x10002a50                div_u64u64
                0x10002a50                divmod_u64u64
                0x10002a50                __wrap___aeabi_uldivmod
                0x10002a60                divmod_u64u64_savestate
                0x10002a80                divmod_s64s64_unsafe
                0x10002b08                divmod_u64u64_unsafe
 .text.__wrap___aeabi_darithmetic
                0x10002e44       0x80 CMakeFiles/AccelerometerDisplay.dir/home/masonmenser/Embedded-Systems/pico-sdk/src/rp2_common/pico_double/double_aeabi_rp2040.S.o
                0x10002e44                __wrap___aeabi_drsub
                0x10002e4a                __wrap___aeabi_dsub
                0x10002e5c                __wrap___aeabi_dadd
                0x10002e6e                __wrap___aeabi_ddiv
                0x10002eaa                __wrap___aeabi_dmul
 .text.__wrap___aeabi_cdcmple
                0x10002ec4       0x6c CMakeFiles/AccelerometerDisplay.dir/home/masonmenser/Embedded-Systems/pico-sdk/src/rp2_common/pico_double/double_aeabi_rp2040.S.o
                0x10002ec4                __wrap___aeabi_cdrcmple
                0x10002ed4                __wrap___aeabi_cdcmple
                0x10002ed4                __wrap___aeabi_cdcmpeq
 .text.__wrap___aeabi_dcmpeq
                0x10002f30       0x10 CMakeFiles/AccelerometerDisplay.dir/home/masonmenser/Embedded-Systems/pico-sdk/src/rp2_common/pico_double/double_aeabi_rp2040.S.o
                0x10002f30                __wrap___aeabi_dcmpeq
 .text.__wrap___aeabi_dcmplt
                0x10002f40        0xc CMakeFiles/AccelerometerDisplay.dir/home/masonmenser/Embedded-Systems/pico-sdk/src/rp2_common/pico_double/double_aeabi_rp2040.S.o
                0x10002f40                __wrap___aeabi_dcmplt
 .text.__wrap___aeabi_dcmple
                0x10002f4c       0x10 CMakeFiles/AccelerometerDisplay.dir/home/masonmenser/Embedded-Systems/pico-sdk/src/rp2_common/pico_double/double_aeabi_rp2040.S.o
                0x10002f4c                __wrap___aeabi_dcmple
 .text.__wrap___aeabi_dcmpge
                0x10002f5c       0x10 CMakeFiles/AccelerometerDisplay.dir/home/masonmenser/Embedded-Systems/pico-sdk/src/rp2_common/pico_double/double_aeabi_rp2040.S.o
                0x10002f5c                __wrap___aeabi_dcmpge
 .text.__wrap___aeabi_dcmpgt
                0x10002f6c        0xa CMakeFiles/AccelerometerDisplay.dir/home/masonmenser/Embedded-Systems/pico-sdk/src/rp2_common/pico_double/double_aeabi_rp2040.S.o
                0x10002f6c                __wrap___aeabi_dcmpgt
 .text.__wrap___aeabi_dcmpun
                0x10002f76       0x18 CMakeFiles/AccelerometerDisplay.dir/home/masonmenser/Embedded-Systems/pico-sdk/src/rp2_common/pico_double/double_aeabi_rp2040.S.o
                0x10002f76                __wrap___aeabi_dcmpun
 *fill*         0x10002f8e        0x2 
 .text.__wrap___aeabi_i2d
                0x10002f90       0x38 CMakeFiles/AccelerometerDisplay.dir/home/masonmenser/Embedded-Systems/pico-sdk/src/rp2_common/pico_double/double_aeabi_rp2040.S.o
                0x10002f90                __wrap___aeabi_ui2d
                0x10002f90                uint2double
                0x10002f98                __wrap___aeabi_i2d
                0x10002f98                int2double
 .text.__wrap___aeabi_d2iz
                0x10002fc8       0x48 CMakeFiles/AccelerometerDisplay.dir/home/masonmenser/Embedded-Systems/pico-sdk/src/rp2_common/pico_double/double_aeabi_rp2040.S.o
                0x10002fc8                __wrap___aeabi_d2iz
                0x10002fc8                double2int_z
 .text.__wrap___aeabi_d2uiz
                0x10003010       0x18 CMakeFiles/AccelerometerDisplay.dir/home/masonmenser/Embedded-Systems/pico-sdk/src/rp2_common/pico_double/double_aeabi_rp2040.S.o
                0x10003010                double2uint_z
                0x10003010                double2uint
                0x10003010                __wrap___aeabi_d2uiz
 .text.__aeabi_double_init
                0x10003028       0xa4 CMakeFiles/AccelerometerDisplay.dir/home/masonmenser/Embedded-Systems/pico-sdk/src/rp2_common/pico_double/double_init_rom_rp2040.c.o
                0x10003028                __aeabi_double_init
 .text.double_table_shim_on_use_helper
                0x100030cc       0x2c CMakeFiles/AccelerometerDisplay.dir/home/masonmenser/Embedded-Systems/pico-sdk/src/rp2_common/pico_double/double_v1_rom_shim_rp2040.S.o
                0x100030cc                double_table_shim_on_use_helper
 .text.__wrap___aeabi_dsub
                0x100030f8       0x10 CMakeFiles/AccelerometerDisplay.dir/home/masonmenser/Embedded-Systems/pico-sdk/src/rp2_common/pico_double/double_v1_rom_shim_rp2040.S.o
                0x100030f8                drsub_shim
                0x100030fe                dsub_shim
 .text.dadd_shim
                0x10003108      0x15c CMakeFiles/AccelerometerDisplay.dir/home/masonmenser/Embedded-Systems/pico-sdk/src/rp2_common/pico_double/double_v1_rom_shim_rp2040.S.o
                0x10003108                dadd_shim
 .text.dmul_shim
                0x10003264      0x15c CMakeFiles/AccelerometerDisplay.dir/home/masonmenser/Embedded-Systems/pico-sdk/src/rp2_common/pico_double/double_v1_rom_shim_rp2040.S.o
                0x10003264                dmul_shim
 .text.ddiv_shim
                0x100033c0      0x1b0 CMakeFiles/AccelerometerDisplay.dir/home/masonmenser/Embedded-Systems/pico-sdk/src/rp2_common/pico_double/double_v1_rom_shim_rp2040.S.o
                0x100033c0                ddiv_shim
 .text.double2uint_shim
                0x10003570        0xe CMakeFiles/AccelerometerDisplay.dir/home/masonmenser/Embedded-Systems/pico-sdk/src/rp2_common/pico_double/double_v1_rom_shim_rp2040.S.o
                0x10003570                double2uint_shim
                0x10003572                double2ufix_shim
 *fill*         0x1000357e        0x2 
 .text.double2uint64_shim
                0x10003580       0x70 CMakeFiles/AccelerometerDisplay.dir/home/masonmenser/Embedded-Systems/pico-sdk/src/rp2_common/pico_double/double_v1_rom_shim_rp2040.S.o
                0x10003580                double2uint64_shim
                0x10003582                double2ufix64_shim
                0x100035a2                d2fix_a
 .text.dunpacks
                0x100035f0       0x3c CMakeFiles/AccelerometerDisplay.dir/home/masonmenser/Embedded-Systems/pico-sdk/src/rp2_common/pico_double/double_v1_rom_shim_rp2040.S.o
                0x100035f0                dunpacks
 .text.__aeabi_lmul
                0x1000362c       0x32 CMakeFiles/AccelerometerDisplay.dir/home/masonmenser/Embedded-Systems/pico-sdk/src/rp2_common/pico_int64_ops/pico_int64_ops_aeabi.S.o
                0x1000362c                __wrap___aeabi_lmul
 *fill*         0x1000365e        0x2 
 .text.__wrap___aeabi_farithmetic
                0x10003660       0x48 CMakeFiles/AccelerometerDisplay.dir/home/masonmenser/Embedded-Systems/pico-sdk/src/rp2_common/pico_float/float_aeabi_rp2040.S.o
                0x10003660                __wrap___aeabi_frsub
                0x10003666                __wrap___aeabi_fsub
                0x1000366c                __wrap___aeabi_fadd
                0x10003672                __wrap___aeabi_fdiv
                0x1000369a                __wrap___aeabi_fmul
 .text.__wrap___aeabi_cfcmple
                0x100036a8       0x50 CMakeFiles/AccelerometerDisplay.dir/home/masonmenser/Embedded-Systems/pico-sdk/src/rp2_common/pico_float/float_aeabi_rp2040.S.o
                0x100036a8                __wrap___aeabi_cfrcmple
                0x100036b4                __wrap___aeabi_cfcmpeq
                0x100036b4                __wrap___aeabi_cfcmple
 .text.__wrap___aeabi_fcmpge
                0x100036f8       0x10 CMakeFiles/AccelerometerDisplay.dir/home/masonmenser/Embedded-Systems/pico-sdk/src/rp2_common/pico_float/float_aeabi_rp2040.S.o
                0x100036f8                __wrap___aeabi_fcmpge
 .text.__wrap___aeabi_ui2f
                0x10003708        0xa CMakeFiles/AccelerometerDisplay.dir/home/masonmenser/Embedded-Systems/pico-sdk/src/rp2_common/pico_float/float_aeabi_rp2040.S.o
                0x10003708                uint2float
                0x10003708                __wrap___aeabi_ui2f
 *fill*         0x10003712        0x2 
 .text.__wrap___aeabi_i2f
                0x10003714       0x44 CMakeFiles/AccelerometerDisplay.dir/home/masonmenser/Embedded-Systems/pico-sdk/src/rp2_common/pico_float/float_aeabi_rp2040.S.o
                0x10003714                int2float
                0x10003714                __wrap___aeabi_i2f
 .text.__wrap___aeabi_f2d
                0x10003758       0x14 CMakeFiles/AccelerometerDisplay.dir/home/masonmenser/Embedded-Systems/pico-sdk/src/rp2_common/pico_float/float_aeabi_rp2040.S.o
                0x10003758                __wrap___aeabi_f2d
 .text.__aeabi_float_init
                0x1000376c       0x64 CMakeFiles/AccelerometerDisplay.dir/home/masonmenser/Embedded-Systems/pico-sdk/src/rp2_common/pico_float/float_init_rom_rp2040.c.o
                0x1000376c                __aeabi_float_init
 .text.float_table_shim_on_use_helper
                0x100037d0       0x2c CMakeFiles/AccelerometerDisplay.dir/home/masonmenser/Embedded-Systems/pico-sdk/src/rp2_common/pico_float/float_v1_rom_shim_rp2040.S.o
                0x100037d0                float_table_shim_on_use_helper
 .text.float2double_shim
                0x100037fc       0x30 CMakeFiles/AccelerometerDisplay.dir/home/masonmenser/Embedded-Systems/pico-sdk/src/rp2_common/pico_float/float_v1_rom_shim_rp2040.S.o
                0x100037fc                float2double_shim
 .text.__wrap_malloc
                0x1000382c       0x3c CMakeFiles/AccelerometerDisplay.dir/home/masonmenser/Embedded-Systems/pico-sdk/src/rp2_common/pico_malloc/malloc.c.o
                0x1000382c                __wrap_malloc
 .text.__wrap_calloc
                0x10003868       0x44 CMakeFiles/AccelerometerDisplay.dir/home/masonmenser/Embedded-Systems/pico-sdk/src/rp2_common/pico_malloc/malloc.c.o
                0x10003868                __wrap_calloc
 .text.__wrap_realloc
                0x100038ac       0x40 CMakeFiles/AccelerometerDisplay.dir/home/masonmenser/Embedded-Systems/pico-sdk/src/rp2_common/pico_malloc/malloc.c.o
                0x100038ac                __wrap_realloc
 .text.__wrap_free
                0x100038ec       0x20 CMakeFiles/AccelerometerDisplay.dir/home/masonmenser/Embedded-Systems/pico-sdk/src/rp2_common/pico_malloc/malloc.c.o
                0x100038ec                __wrap_free
 .text          0x1000390c       0x10 CMakeFiles/AccelerometerDisplay.dir/home/masonmenser/Embedded-Systems/pico-sdk/src/rp2_common/pico_mem_ops/mem_ops_aeabi.S.o
                0x1000390c                __aeabi_mem_init
 .text.memset   0x1000391c        0xc CMakeFiles/AccelerometerDisplay.dir/home/masonmenser/Embedded-Systems/pico-sdk/src/rp2_common/pico_mem_ops/mem_ops_aeabi.S.o
                0x1000391c                __wrap_memset
 .text.memcpy   0x10003928        0xc CMakeFiles/AccelerometerDisplay.dir/home/masonmenser/Embedded-Systems/pico-sdk/src/rp2_common/pico_mem_ops/mem_ops_aeabi.S.o
                0x10003928                __wrap___aeabi_memcpy
                0x10003928                __wrap_memcpy
 .text._out_buffer
                0x10003934        0x8 CMakeFiles/AccelerometerDisplay.dir/home/masonmenser/Embedded-Systems/pico-sdk/src/rp2_common/pico_printf/printf.c.o
 .text._out_null
                0x1000393c        0x4 CMakeFiles/AccelerometerDisplay.dir/home/masonmenser/Embedded-Systems/pico-sdk/src/rp2_common/pico_printf/printf.c.o
 .text._out_rev
                0x10003940       0xac CMakeFiles/AccelerometerDisplay.dir/home/masonmenser/Embedded-Systems/pico-sdk/src/rp2_common/pico_printf/printf.c.o
 .text._ntoa_format
                0x100039ec      0x1cc CMakeFiles/AccelerometerDisplay.dir/home/masonmenser/Embedded-Systems/pico-sdk/src/rp2_common/pico_printf/printf.c.o
 .text._out_char
                0x10003bb8       0x10 CMakeFiles/AccelerometerDisplay.dir/home/masonmenser/Embedded-Systems/pico-sdk/src/rp2_common/pico_printf/printf.c.o
 .text._out_fct
                0x10003bc8       0x10 CMakeFiles/AccelerometerDisplay.dir/home/masonmenser/Embedded-Systems/pico-sdk/src/rp2_common/pico_printf/printf.c.o
 .text._ftoa    0x10003bd8      0x4a8 CMakeFiles/AccelerometerDisplay.dir/home/masonmenser/Embedded-Systems/pico-sdk/src/rp2_common/pico_printf/printf.c.o
 .text._etoa    0x10004080      0x57c CMakeFiles/AccelerometerDisplay.dir/home/masonmenser/Embedded-Systems/pico-sdk/src/rp2_common/pico_printf/printf.c.o
 .text._vsnprintf
                0x100045fc      0xbe0 CMakeFiles/AccelerometerDisplay.dir/home/masonmenser/Embedded-Systems/pico-sdk/src/rp2_common/pico_printf/printf.c.o
 .text.__wrap_snprintf
                0x100051dc       0x28 CMakeFiles/AccelerometerDisplay.dir/home/masonmenser/Embedded-Systems/pico-sdk/src/rp2_common/pico_printf/printf.c.o
                0x100051dc                __wrap_snprintf
 .text.vfctprintf
                0x10005204       0x24 CMakeFiles/AccelerometerDisplay.dir/home/masonmenser/Embedded-Systems/pico-sdk/src/rp2_common/pico_printf/printf.c.o
                0x10005204                vfctprintf
 .text.weak_raw_printf
                0x10005228       0x40 CMakeFiles/AccelerometerDisplay.dir/home/masonmenser/Embedded-Systems/pico-sdk/src/rp2_common/pico_printf/printf.c.o
                0x10005228                weak_raw_printf
 .text.weak_raw_vprintf
                0x10005268       0x30 CMakeFiles/AccelerometerDisplay.dir/home/masonmenser/Embedded-Systems/pico-sdk/src/rp2_common/pico_printf/printf.c.o
                0x10005268                weak_raw_vprintf
 .text._exit    0x10005298        0x4 CMakeFiles/AccelerometerDisplay.dir/home/masonmenser/Embedded-Systems/pico-sdk/src/rp2_common/pico_clib_interface/newlib_interface.c.o
                0x10005298                _exit
 .text._sbrk    0x1000529c       0x34 CMakeFiles/AccelerometerDisplay.dir/home/masonmenser/Embedded-Systems/pico-sdk/src/rp2_common/pico_clib_interface/newlib_interface.c.o
                0x1000529c                _sbrk
 .text._read    0x100052d0       0x24 CMakeFiles/AccelerometerDisplay.dir/home/masonmenser/Embedded-Systems/pico-sdk/src/rp2_common/pico_clib_interface/newlib_interface.c.o
                0x100052d0                _read
 .text._write   0x100052f4       0x24 CMakeFiles/AccelerometerDisplay.dir/home/masonmenser/Embedded-Systems/pico-sdk/src/rp2_common/pico_clib_interface/newlib_interface.c.o
                0x100052f4                _write
 .text._close   0x10005318        0x8 CMakeFiles/AccelerometerDisplay.dir/home/masonmenser/Embedded-Systems/pico-sdk/src/rp2_common/pico_clib_interface/newlib_interface.c.o
                0x10005318                _close
 .text._lseek   0x10005320        0x8 CMakeFiles/AccelerometerDisplay.dir/home/masonmenser/Embedded-Systems/pico-sdk/src/rp2_common/pico_clib_interface/newlib_interface.c.o
                0x10005320                _lseek
 .text._fstat   0x10005328        0x8 CMakeFiles/AccelerometerDisplay.dir/home/masonmenser/Embedded-Systems/pico-sdk/src/rp2_common/pico_clib_interface/newlib_interface.c.o
                0x10005328                _fstat
 .text._isatty  0x10005330        0xc CMakeFiles/AccelerometerDisplay.dir/home/masonmenser/Embedded-Systems/pico-sdk/src/rp2_common/pico_clib_interface/newlib_interface.c.o
                0x10005330                _isatty
 .text.exit     0x1000533c        0x8 CMakeFiles/AccelerometerDisplay.dir/home/masonmenser/Embedded-Systems/pico-sdk/src/rp2_common/pico_clib_interface/newlib_interface.c.o
                0x1000533c                exit
 .text.__assert_func
                0x10005344       0x38 CMakeFiles/AccelerometerDisplay.dir/home/masonmenser/Embedded-Systems/pico-sdk/src/rp2_common/pico_clib_interface/newlib_interface.c.o
                0x10005344                __assert_func
 .text.runtime_init
                0x1000537c       0x2c CMakeFiles/AccelerometerDisplay.dir/home/masonmenser/Embedded-Systems/pico-sdk/src/rp2_common/pico_clib_interface/newlib_interface.c.o
                0x1000537c                runtime_init
 .text.stdio_out_chars_no_crlf
                0x100053a8       0x10 CMakeFiles/AccelerometerDisplay.dir/home/masonmenser/Embedded-Systems/pico-sdk/src/rp2_common/pico_stdio/stdio.c.o
 .text.stdio_out_chars_crlf
                0x100053b8       0xb0 CMakeFiles/AccelerometerDisplay.dir/home/masonmenser/Embedded-Systems/pico-sdk/src/rp2_common/pico_stdio/stdio.c.o
 .text.stdio_buffered_printer
                0x10005468       0x64 CMakeFiles/AccelerometerDisplay.dir/home/masonmenser/Embedded-Systems/pico-sdk/src/rp2_common/pico_stdio/stdio.c.o
 .text.stdio_put_string
                0x100054cc       0xfc CMakeFiles/AccelerometerDisplay.dir/home/masonmenser/Embedded-Systems/pico-sdk/src/rp2_common/pico_stdio/stdio.c.o
                0x100054cc                stdio_put_string
 .text.stdio_get_until
                0x100055c8       0x84 CMakeFiles/AccelerometerDisplay.dir/home/masonmenser/Embedded-Systems/pico-sdk/src/rp2_common/pico_stdio/stdio.c.o
                0x100055c8                stdio_get_until
 .text.stdio_set_driver_enabled
                0x1000564c       0x30 CMakeFiles/AccelerometerDisplay.dir/home/masonmenser/Embedded-Systems/pico-sdk/src/rp2_common/pico_stdio/stdio.c.o
                0x1000564c                stdio_set_driver_enabled
 .text.stdio_init_all
                0x1000567c       0x10 CMakeFiles/AccelerometerDisplay.dir/home/masonmenser/Embedded-Systems/pico-sdk/src/rp2_common/pico_stdio/stdio.c.o
                0x1000567c                stdio_init_all
 .text.__wrap_putchar
                0x1000568c       0x94 CMakeFiles/AccelerometerDisplay.dir/home/masonmenser/Embedded-Systems/pico-sdk/src/rp2_common/pico_stdio/stdio.c.o
                0x1000568c                stdio_putchar
                0x1000568c                __wrap_putchar
 .text.__wrap_puts
                0x10005720       0x3c CMakeFiles/AccelerometerDisplay.dir/home/masonmenser/Embedded-Systems/pico-sdk/src/rp2_common/pico_stdio/stdio.c.o
                0x10005720                __wrap_puts
                0x10005720                stdio_puts
 .text.__wrap_vprintf
                0x1000575c       0xcc CMakeFiles/AccelerometerDisplay.dir/home/masonmenser/Embedded-Systems/pico-sdk/src/rp2_common/pico_stdio/stdio.c.o
                0x1000575c                __wrap_vprintf
                0x1000575c                stdio_vprintf
 .text.__wrap_printf
                0x10005828       0x18 CMakeFiles/AccelerometerDisplay.dir/home/masonmenser/Embedded-Systems/pico-sdk/src/rp2_common/pico_stdio/stdio.c.o
                0x10005828                stdio_printf
                0x10005828                __wrap_printf
 .text.stdio_uart_out_chars
                0x10005840       0x4c CMakeFiles/AccelerometerDisplay.dir/home/masonmenser/Embedded-Systems/pico-sdk/src/rp2_common/pico_stdio_uart/stdio_uart.c.o
 .text.stdio_uart_in_chars
                0x1000588c       0x90 CMakeFiles/AccelerometerDisplay.dir/home/masonmenser/Embedded-Systems/pico-sdk/src/rp2_common/pico_stdio_uart/stdio_uart.c.o
                0x1000588c                stdio_uart_in_chars
 .text.on_uart_rx
                0x1000591c       0x28 CMakeFiles/AccelerometerDisplay.dir/home/masonmenser/Embedded-Systems/pico-sdk/src/rp2_common/pico_stdio_uart/stdio_uart.c.o
 .text.stdio_uart_out_flush
                0x10005944       0x14 CMakeFiles/AccelerometerDisplay.dir/home/masonmenser/Embedded-Systems/pico-sdk/src/rp2_common/pico_stdio_uart/stdio_uart.c.o
 .text.stdio_uart_set_chars_available_callback
                0x10005958       0x84 CMakeFiles/AccelerometerDisplay.dir/home/masonmenser/Embedded-Systems/pico-sdk/src/rp2_common/pico_stdio_uart/stdio_uart.c.o
 .text.stdio_uart_init
                0x100059dc       0x50 CMakeFiles/AccelerometerDisplay.dir/home/masonmenser/Embedded-Systems/pico-sdk/src/rp2_common/pico_stdio_uart/stdio_uart.c.o
                0x100059dc                stdio_uart_init
 .text.resetd_init
                0x10005a2c        0x4 CMakeFiles/AccelerometerDisplay.dir/home/masonmenser/Embedded-Systems/pico-sdk/src/rp2_common/pico_stdio_usb/reset_interface.c.o
 .text.resetd_reset
                0x10005a30        0xc CMakeFiles/AccelerometerDisplay.dir/home/masonmenser/Embedded-Systems/pico-sdk/src/rp2_common/pico_stdio_usb/reset_interface.c.o
 .text.resetd_open
                0x10005a3c       0x28 CMakeFiles/AccelerometerDisplay.dir/home/masonmenser/Embedded-Systems/pico-sdk/src/rp2_common/pico_stdio_usb/reset_interface.c.o
 .text.resetd_xfer_cb
                0x10005a64        0x4 CMakeFiles/AccelerometerDisplay.dir/home/masonmenser/Embedded-Systems/pico-sdk/src/rp2_common/pico_stdio_usb/reset_interface.c.o
 .text.resetd_control_xfer_cb
                0x10005a68       0x54 CMakeFiles/AccelerometerDisplay.dir/home/masonmenser/Embedded-Systems/pico-sdk/src/rp2_common/pico_stdio_usb/reset_interface.c.o
 .text.tud_descriptor_bos_cb
                0x10005abc        0x8 CMakeFiles/AccelerometerDisplay.dir/home/masonmenser/Embedded-Systems/pico-sdk/src/rp2_common/pico_stdio_usb/reset_interface.c.o
                0x10005abc                tud_descriptor_bos_cb
 .text.tud_vendor_control_xfer_cb
                0x10005ac4       0x34 CMakeFiles/AccelerometerDisplay.dir/home/masonmenser/Embedded-Systems/pico-sdk/src/rp2_common/pico_stdio_usb/reset_interface.c.o
                0x10005ac4                tud_vendor_control_xfer_cb
 .text.usbd_app_driver_get_cb
                0x10005af8        0xc CMakeFiles/AccelerometerDisplay.dir/home/masonmenser/Embedded-Systems/pico-sdk/src/rp2_common/pico_stdio_usb/reset_interface.c.o
                0x10005af8                usbd_app_driver_get_cb
 .text.tud_cdc_line_coding_cb
                0x10005b04       0x2c CMakeFiles/AccelerometerDisplay.dir/home/masonmenser/Embedded-Systems/pico-sdk/src/rp2_common/pico_stdio_usb/reset_interface.c.o
                0x10005b04                tud_cdc_line_coding_cb
 .text.stdio_usb_set_chars_available_callback
                0x10005b30       0x14 CMakeFiles/AccelerometerDisplay.dir/home/masonmenser/Embedded-Systems/pico-sdk/src/rp2_common/pico_stdio_usb/stdio_usb.c.o
                0x10005b30                stdio_usb_set_chars_available_callback
 .text.usb_irq  0x10005b44       0x10 CMakeFiles/AccelerometerDisplay.dir/home/masonmenser/Embedded-Systems/pico-sdk/src/rp2_common/pico_stdio_usb/stdio_usb.c.o
 .text.timer_task
                0x10005b54       0x64 CMakeFiles/AccelerometerDisplay.dir/home/masonmenser/Embedded-Systems/pico-sdk/src/rp2_common/pico_stdio_usb/stdio_usb.c.o
 .text.stdio_usb_in_chars
                0x10005bb8       0x8c CMakeFiles/AccelerometerDisplay.dir/home/masonmenser/Embedded-Systems/pico-sdk/src/rp2_common/pico_stdio_usb/stdio_usb.c.o
                0x10005bb8                stdio_usb_in_chars
 .text.stdio_usb_out_flush
                0x10005c44       0x4c CMakeFiles/AccelerometerDisplay.dir/home/masonmenser/Embedded-Systems/pico-sdk/src/rp2_common/pico_stdio_usb/stdio_usb.c.o
 .text.stdio_usb_out_chars
                0x10005c90      0x100 CMakeFiles/AccelerometerDisplay.dir/home/masonmenser/Embedded-Systems/pico-sdk/src/rp2_common/pico_stdio_usb/stdio_usb.c.o
 .text.low_priority_worker_irq
                0x10005d90       0xc8 CMakeFiles/AccelerometerDisplay.dir/home/masonmenser/Embedded-Systems/pico-sdk/src/rp2_common/pico_stdio_usb/stdio_usb.c.o
 .text.stdio_usb_init
                0x10005e58       0xe8 CMakeFiles/AccelerometerDisplay.dir/home/masonmenser/Embedded-Systems/pico-sdk/src/rp2_common/pico_stdio_usb/stdio_usb.c.o
                0x10005e58                stdio_usb_init
 .text.tud_descriptor_device_cb
                0x10005f40        0x8 CMakeFiles/AccelerometerDisplay.dir/home/masonmenser/Embedded-Systems/pico-sdk/src/rp2_common/pico_stdio_usb/stdio_usb_descriptors.c.o
                0x10005f40                tud_descriptor_device_cb
 .text.tud_descriptor_configuration_cb
                0x10005f48        0x8 CMakeFiles/AccelerometerDisplay.dir/home/masonmenser/Embedded-Systems/pico-sdk/src/rp2_common/pico_stdio_usb/stdio_usb_descriptors.c.o
                0x10005f48                tud_descriptor_configuration_cb
 .text.tud_descriptor_string_cb
                0x10005f50       0x78 CMakeFiles/AccelerometerDisplay.dir/home/masonmenser/Embedded-Systems/pico-sdk/src/rp2_common/pico_stdio_usb/stdio_usb_descriptors.c.o
                0x10005f50                tud_descriptor_string_cb
 .text.startup._retrieve_unique_id_on_boot
                0x10005fc8       0x10 CMakeFiles/AccelerometerDisplay.dir/home/masonmenser/Embedded-Systems/pico-sdk/src/rp2_common/pico_unique_id/unique_id.c.o
 .text.pico_get_unique_board_id_string
                0x10005fd8      0x1a8 CMakeFiles/AccelerometerDisplay.dir/home/masonmenser/Embedded-Systems/pico-sdk/src/rp2_common/pico_unique_id/unique_id.c.o
                0x10005fd8                pico_get_unique_board_id_string
 .text.flash_get_unique_id
                0x10006180       0x3c CMakeFiles/AccelerometerDisplay.dir/home/masonmenser/Embedded-Systems/pico-sdk/src/rp2_common/hardware_flash/flash.c.o
                0x10006180                flash_get_unique_id
 .text.dcd_init
                0x100061bc       0x90 CMakeFiles/AccelerometerDisplay.dir/home/masonmenser/Embedded-Systems/pico-sdk/lib/tinyusb/src/portable/raspberrypi/rp2040/dcd_rp2040.c.o
                0x100061bc                dcd_init
 .text.dcd_int_enable
                0x1000624c        0xc CMakeFiles/AccelerometerDisplay.dir/home/masonmenser/Embedded-Systems/pico-sdk/lib/tinyusb/src/portable/raspberrypi/rp2040/dcd_rp2040.c.o
                0x1000624c                dcd_int_enable
 .text.dcd_set_address
                0x10006258       0x14 CMakeFiles/AccelerometerDisplay.dir/home/masonmenser/Embedded-Systems/pico-sdk/lib/tinyusb/src/portable/raspberrypi/rp2040/dcd_rp2040.c.o
                0x10006258                dcd_set_address
 .text.dcd_sof_enable
                0x1000626c       0x1c CMakeFiles/AccelerometerDisplay.dir/home/masonmenser/Embedded-Systems/pico-sdk/lib/tinyusb/src/portable/raspberrypi/rp2040/dcd_rp2040.c.o
                0x1000626c                dcd_sof_enable
 .text.dcd_edpt0_status_complete
                0x10006288       0x1c CMakeFiles/AccelerometerDisplay.dir/home/masonmenser/Embedded-Systems/pico-sdk/lib/tinyusb/src/portable/raspberrypi/rp2040/dcd_rp2040.c.o
                0x10006288                dcd_edpt0_status_complete
 .text.dcd_edpt_open
                0x100062a4      0x114 CMakeFiles/AccelerometerDisplay.dir/home/masonmenser/Embedded-Systems/pico-sdk/lib/tinyusb/src/portable/raspberrypi/rp2040/dcd_rp2040.c.o
                0x100062a4                dcd_edpt_open
 .text.dcd_edpt_close_all
                0x100063b8        0x8 CMakeFiles/AccelerometerDisplay.dir/home/masonmenser/Embedded-Systems/pico-sdk/lib/tinyusb/src/portable/raspberrypi/rp2040/dcd_rp2040.c.o
                0x100063b8                dcd_edpt_close_all
 .text.dcd_edpt_xfer
                0x100063c0       0x24 CMakeFiles/AccelerometerDisplay.dir/home/masonmenser/Embedded-Systems/pico-sdk/lib/tinyusb/src/portable/raspberrypi/rp2040/dcd_rp2040.c.o
                0x100063c0                dcd_edpt_xfer
 .text.dcd_edpt_stall
                0x100063e4       0x3c CMakeFiles/AccelerometerDisplay.dir/home/masonmenser/Embedded-Systems/pico-sdk/lib/tinyusb/src/portable/raspberrypi/rp2040/dcd_rp2040.c.o
                0x100063e4                dcd_edpt_stall
 .text.dcd_edpt_clear_stall
                0x10006420       0x30 CMakeFiles/AccelerometerDisplay.dir/home/masonmenser/Embedded-Systems/pico-sdk/lib/tinyusb/src/portable/raspberrypi/rp2040/dcd_rp2040.c.o
                0x10006420                dcd_edpt_clear_stall
 .text.rp2040_usb_init
                0x10006450       0x40 CMakeFiles/AccelerometerDisplay.dir/home/masonmenser/Embedded-Systems/pico-sdk/lib/tinyusb/src/portable/raspberrypi/rp2040/rp2040_usb.c.o
                0x10006450                rp2040_usb_init
 .text.hw_endpoint_xfer_start
                0x10006490       0x40 CMakeFiles/AccelerometerDisplay.dir/home/masonmenser/Embedded-Systems/pico-sdk/lib/tinyusb/src/portable/raspberrypi/rp2040/rp2040_usb.c.o
                0x10006490                hw_endpoint_xfer_start
 .text.tud_event_hook_cb
                0x100064d0        0x4 CMakeFiles/AccelerometerDisplay.dir/home/masonmenser/Embedded-Systems/pico-sdk/lib/tinyusb/src/device/usbd.c.o
                0x100064d0                tud_event_hook_cb
 .text.tud_sof_cb
                0x100064d4        0x4 CMakeFiles/AccelerometerDisplay.dir/home/masonmenser/Embedded-Systems/pico-sdk/lib/tinyusb/src/device/usbd.c.o
                0x100064d4                tud_sof_cb
 .text.tud_descriptor_device_qualifier_cb
                0x100064d8        0x4 CMakeFiles/AccelerometerDisplay.dir/home/masonmenser/Embedded-Systems/pico-sdk/lib/tinyusb/src/device/usbd.c.o
                0x100064d8                tud_descriptor_device_qualifier_cb
 .text.tud_descriptor_other_speed_configuration_cb
                0x100064dc        0x4 CMakeFiles/AccelerometerDisplay.dir/home/masonmenser/Embedded-Systems/pico-sdk/lib/tinyusb/src/device/usbd.c.o
                0x100064dc                tud_descriptor_other_speed_configuration_cb
 .text.tud_mount_cb
                0x100064e0        0x4 CMakeFiles/AccelerometerDisplay.dir/home/masonmenser/Embedded-Systems/pico-sdk/lib/tinyusb/src/device/usbd.c.o
                0x100064e0                tud_mount_cb
 .text.tud_umount_cb
                0x100064e4        0x4 CMakeFiles/AccelerometerDisplay.dir/home/masonmenser/Embedded-Systems/pico-sdk/lib/tinyusb/src/device/usbd.c.o
                0x100064e4                tud_umount_cb
 .text.tud_suspend_cb
                0x100064e8        0x4 CMakeFiles/AccelerometerDisplay.dir/home/masonmenser/Embedded-Systems/pico-sdk/lib/tinyusb/src/device/usbd.c.o
                0x100064e8                tud_suspend_cb
 .text.tud_resume_cb
                0x100064ec        0x4 CMakeFiles/AccelerometerDisplay.dir/home/masonmenser/Embedded-Systems/pico-sdk/lib/tinyusb/src/device/usbd.c.o
                0x100064ec                tud_resume_cb
 .text.tud_mounted
                0x100064f0       0x10 CMakeFiles/AccelerometerDisplay.dir/home/masonmenser/Embedded-Systems/pico-sdk/lib/tinyusb/src/device/usbd.c.o
                0x100064f0                tud_mounted
 .text.tud_suspended
                0x10006500       0x10 CMakeFiles/AccelerometerDisplay.dir/home/masonmenser/Embedded-Systems/pico-sdk/lib/tinyusb/src/device/usbd.c.o
                0x10006500                tud_suspended
 .text.tud_rhport_init
                0x10006510       0xf4 CMakeFiles/AccelerometerDisplay.dir/home/masonmenser/Embedded-Systems/pico-sdk/lib/tinyusb/src/device/usbd.c.o
                0x10006510                tud_rhport_init
 .text.tud_task_ext
                0x10006604      0x800 CMakeFiles/AccelerometerDisplay.dir/home/masonmenser/Embedded-Systems/pico-sdk/lib/tinyusb/src/device/usbd.c.o
                0x10006604                tud_task_ext
 .text.usbd_open_edpt_pair
                0x10006e04       0x9c CMakeFiles/AccelerometerDisplay.dir/home/masonmenser/Embedded-Systems/pico-sdk/lib/tinyusb/src/device/usbd.c.o
                0x10006e04                usbd_open_edpt_pair
 .text.usbd_edpt_open
                0x10006ea0       0x34 CMakeFiles/AccelerometerDisplay.dir/home/masonmenser/Embedded-Systems/pico-sdk/lib/tinyusb/src/device/usbd.c.o
                0x10006ea0                usbd_edpt_open
 .text.usbd_edpt_claim
                0x10006ed4       0x28 CMakeFiles/AccelerometerDisplay.dir/home/masonmenser/Embedded-Systems/pico-sdk/lib/tinyusb/src/device/usbd.c.o
                0x10006ed4                usbd_edpt_claim
 .text.usbd_edpt_release
                0x10006efc       0x28 CMakeFiles/AccelerometerDisplay.dir/home/masonmenser/Embedded-Systems/pico-sdk/lib/tinyusb/src/device/usbd.c.o
                0x10006efc                usbd_edpt_release
 .text.usbd_edpt_xfer
                0x10006f24       0x4c CMakeFiles/AccelerometerDisplay.dir/home/masonmenser/Embedded-Systems/pico-sdk/lib/tinyusb/src/device/usbd.c.o
                0x10006f24                usbd_edpt_xfer
 .text.tud_control_status
                0x10006f70       0x2c CMakeFiles/AccelerometerDisplay.dir/home/masonmenser/Embedded-Systems/pico-sdk/lib/tinyusb/src/device/usbd_control.c.o
                0x10006f70                tud_control_status
 .text.tud_control_xfer
                0x10006f9c       0xa8 CMakeFiles/AccelerometerDisplay.dir/home/masonmenser/Embedded-Systems/pico-sdk/lib/tinyusb/src/device/usbd_control.c.o
                0x10006f9c                tud_control_xfer
 .text.usbd_control_reset
                0x10007044       0x14 CMakeFiles/AccelerometerDisplay.dir/home/masonmenser/Embedded-Systems/pico-sdk/lib/tinyusb/src/device/usbd_control.c.o
                0x10007044                usbd_control_reset
 .text.usbd_control_set_complete_callback
                0x10007058        0xc CMakeFiles/AccelerometerDisplay.dir/home/masonmenser/Embedded-Systems/pico-sdk/lib/tinyusb/src/device/usbd_control.c.o
                0x10007058                usbd_control_set_complete_callback
 .text.usbd_control_set_request
                0x10007064       0x1c CMakeFiles/AccelerometerDisplay.dir/home/masonmenser/Embedded-Systems/pico-sdk/lib/tinyusb/src/device/usbd_control.c.o
                0x10007064                usbd_control_set_request
 .text.usbd_control_xfer_cb
                0x10007080       0xec CMakeFiles/AccelerometerDisplay.dir/home/masonmenser/Embedded-Systems/pico-sdk/lib/tinyusb/src/device/usbd_control.c.o
                0x10007080                usbd_control_xfer_cb
 .text._prep_out_transaction.isra.0
                0x1000716c       0x6c CMakeFiles/AccelerometerDisplay.dir/home/masonmenser/Embedded-Systems/pico-sdk/lib/tinyusb/src/class/cdc/cdc_device.c.o
 .text.tud_cdc_n_connected
                0x100071d8       0x2c CMakeFiles/AccelerometerDisplay.dir/home/masonmenser/Embedded-Systems/pico-sdk/lib/tinyusb/src/class/cdc/cdc_device.c.o
                0x100071d8                tud_cdc_n_connected
 .text.tud_cdc_n_available
                0x10007204       0x14 CMakeFiles/AccelerometerDisplay.dir/home/masonmenser/Embedded-Systems/pico-sdk/lib/tinyusb/src/class/cdc/cdc_device.c.o
                0x10007204                tud_cdc_n_available
 .text.tud_cdc_n_read
                0x10007218       0x88 CMakeFiles/AccelerometerDisplay.dir/home/masonmenser/Embedded-Systems/pico-sdk/lib/tinyusb/src/class/cdc/cdc_device.c.o
                0x10007218                tud_cdc_n_read
 .text.tud_cdc_n_write_flush
                0x100072a0       0x74 CMakeFiles/AccelerometerDisplay.dir/home/masonmenser/Embedded-Systems/pico-sdk/lib/tinyusb/src/class/cdc/cdc_device.c.o
                0x100072a0                tud_cdc_n_write_flush
 .text.tud_cdc_n_write
                0x10007314       0x40 CMakeFiles/AccelerometerDisplay.dir/home/masonmenser/Embedded-Systems/pico-sdk/lib/tinyusb/src/class/cdc/cdc_device.c.o
                0x10007314                tud_cdc_n_write
 .text.tud_cdc_n_write_available
                0x10007354       0x14 CMakeFiles/AccelerometerDisplay.dir/home/masonmenser/Embedded-Systems/pico-sdk/lib/tinyusb/src/class/cdc/cdc_device.c.o
                0x10007354                tud_cdc_n_write_available
 .text.cdcd_init
                0x10007368       0x70 CMakeFiles/AccelerometerDisplay.dir/home/masonmenser/Embedded-Systems/pico-sdk/lib/tinyusb/src/class/cdc/cdc_device.c.o
                0x10007368                cdcd_init
 .text.cdcd_deinit
                0x100073d8       0x30 CMakeFiles/AccelerometerDisplay.dir/home/masonmenser/Embedded-Systems/pico-sdk/lib/tinyusb/src/class/cdc/cdc_device.c.o
                0x100073d8                cdcd_deinit
 .text.cdcd_reset
                0x10007408       0x4c CMakeFiles/AccelerometerDisplay.dir/home/masonmenser/Embedded-Systems/pico-sdk/lib/tinyusb/src/class/cdc/cdc_device.c.o
                0x10007408                cdcd_reset
 .text.cdcd_open
                0x10007454       0xa4 CMakeFiles/AccelerometerDisplay.dir/home/masonmenser/Embedded-Systems/pico-sdk/lib/tinyusb/src/class/cdc/cdc_device.c.o
                0x10007454                cdcd_open
 .text.cdcd_control_xfer_cb
                0x100074f8       0xe8 CMakeFiles/AccelerometerDisplay.dir/home/masonmenser/Embedded-Systems/pico-sdk/lib/tinyusb/src/class/cdc/cdc_device.c.o
                0x100074f8                cdcd_control_xfer_cb
 .text.cdcd_xfer_cb
                0x100075e0      0x100 CMakeFiles/AccelerometerDisplay.dir/home/masonmenser/Embedded-Systems/pico-sdk/lib/tinyusb/src/class/cdc/cdc_device.c.o
                0x100075e0                cdcd_xfer_cb
 .text.vendord_init
                0x100076e0       0x5c CMakeFiles/AccelerometerDisplay.dir/home/masonmenser/Embedded-Systems/pico-sdk/lib/tinyusb/src/class/vendor/vendor_device.c.o
                0x100076e0                vendord_init
 .text.vendord_deinit
                0x1000773c       0x1c CMakeFiles/AccelerometerDisplay.dir/home/masonmenser/Embedded-Systems/pico-sdk/lib/tinyusb/src/class/vendor/vendor_device.c.o
                0x1000773c                vendord_deinit
 .text.vendord_reset
                0x10007758       0x28 CMakeFiles/AccelerometerDisplay.dir/home/masonmenser/Embedded-Systems/pico-sdk/lib/tinyusb/src/class/vendor/vendor_device.c.o
                0x10007758                vendord_reset
 .text.vendord_open
                0x10007780      0x120 CMakeFiles/AccelerometerDisplay.dir/home/masonmenser/Embedded-Systems/pico-sdk/lib/tinyusb/src/class/vendor/vendor_device.c.o
                0x10007780                vendord_open
 .text.vendord_xfer_cb
                0x100078a0       0x9c CMakeFiles/AccelerometerDisplay.dir/home/masonmenser/Embedded-Systems/pico-sdk/lib/tinyusb/src/class/vendor/vendor_device.c.o
                0x100078a0                vendord_xfer_cb
 .text.tusb_rhport_init
                0x1000793c       0x4c CMakeFiles/AccelerometerDisplay.dir/home/masonmenser/Embedded-Systems/pico-sdk/lib/tinyusb/src/tusb.c.o
                0x1000793c                tusb_rhport_init
 .text.tu_edpt_claim
                0x10007988       0x50 CMakeFiles/AccelerometerDisplay.dir/home/masonmenser/Embedded-Systems/pico-sdk/lib/tinyusb/src/tusb.c.o
                0x10007988                tu_edpt_claim
 .text.tu_edpt_release
                0x100079d8       0x38 CMakeFiles/AccelerometerDisplay.dir/home/masonmenser/Embedded-Systems/pico-sdk/lib/tinyusb/src/tusb.c.o
                0x100079d8                tu_edpt_release
 .text.tu_edpt_validate
                0x10007a10       0x7c CMakeFiles/AccelerometerDisplay.dir/home/masonmenser/Embedded-Systems/pico-sdk/lib/tinyusb/src/tusb.c.o
                0x10007a10                tu_edpt_validate
 .text.tu_edpt_bind_driver
                0x10007a8c       0x34 CMakeFiles/AccelerometerDisplay.dir/home/masonmenser/Embedded-Systems/pico-sdk/lib/tinyusb/src/tusb.c.o
                0x10007a8c                tu_edpt_bind_driver
 .text.tu_edpt_stream_init
                0x10007ac0       0x6c CMakeFiles/AccelerometerDisplay.dir/home/masonmenser/Embedded-Systems/pico-sdk/lib/tinyusb/src/tusb.c.o
                0x10007ac0                tu_edpt_stream_init
 .text.tu_edpt_stream_deinit
                0x10007b2c        0x4 CMakeFiles/AccelerometerDisplay.dir/home/masonmenser/Embedded-Systems/pico-sdk/lib/tinyusb/src/tusb.c.o
                0x10007b2c                tu_edpt_stream_deinit
 .text.tu_edpt_stream_write_zlp_if_needed
                0x10007b30       0x68 CMakeFiles/AccelerometerDisplay.dir/home/masonmenser/Embedded-Systems/pico-sdk/lib/tinyusb/src/tusb.c.o
                0x10007b30                tu_edpt_stream_write_zlp_if_needed
 .text.tu_edpt_stream_write_xfer
                0x10007b98       0x68 CMakeFiles/AccelerometerDisplay.dir/home/masonmenser/Embedded-Systems/pico-sdk/lib/tinyusb/src/tusb.c.o
                0x10007b98                tu_edpt_stream_write_xfer
 .text.tu_edpt_stream_read_xfer
                0x10007c00       0xd8 CMakeFiles/AccelerometerDisplay.dir/home/masonmenser/Embedded-Systems/pico-sdk/lib/tinyusb/src/tusb.c.o
                0x10007c00                tu_edpt_stream_read_xfer
 .text.tu_fifo_config
                0x10007cd8       0x6c CMakeFiles/AccelerometerDisplay.dir/home/masonmenser/Embedded-Systems/pico-sdk/lib/tinyusb/src/common/tusb_fifo.c.o
                0x10007cd8                tu_fifo_config
 .text.tu_fifo_count
                0x10007d44       0x2c CMakeFiles/AccelerometerDisplay.dir/home/masonmenser/Embedded-Systems/pico-sdk/lib/tinyusb/src/common/tusb_fifo.c.o
                0x10007d44                tu_fifo_count
 .text.tu_fifo_empty
                0x10007d70       0x10 CMakeFiles/AccelerometerDisplay.dir/home/masonmenser/Embedded-Systems/pico-sdk/lib/tinyusb/src/common/tusb_fifo.c.o
                0x10007d70                tu_fifo_empty
 .text.tu_fifo_remaining
                0x10007d80       0x2c CMakeFiles/AccelerometerDisplay.dir/home/masonmenser/Embedded-Systems/pico-sdk/lib/tinyusb/src/common/tusb_fifo.c.o
                0x10007d80                tu_fifo_remaining
 .text.tu_fifo_read
                0x10007dac       0x9c CMakeFiles/AccelerometerDisplay.dir/home/masonmenser/Embedded-Systems/pico-sdk/lib/tinyusb/src/common/tusb_fifo.c.o
                0x10007dac                tu_fifo_read
 .text.tu_fifo_read_n
                0x10007e48       0xe8 CMakeFiles/AccelerometerDisplay.dir/home/masonmenser/Embedded-Systems/pico-sdk/lib/tinyusb/src/common/tusb_fifo.c.o
                0x10007e48                tu_fifo_read_n
 .text.tu_fifo_write
                0x10007f30       0xa4 CMakeFiles/AccelerometerDisplay.dir/home/masonmenser/Embedded-Systems/pico-sdk/lib/tinyusb/src/common/tusb_fifo.c.o
                0x10007f30                tu_fifo_write
 .text.tu_fifo_write_n
                0x10007fd4      0x178 CMakeFiles/AccelerometerDisplay.dir/home/masonmenser/Embedded-Systems/pico-sdk/lib/tinyusb/src/common/tusb_fifo.c.o
                0x10007fd4                tu_fifo_write_n
 .text.tu_fifo_clear
                0x1000814c       0x40 CMakeFiles/AccelerometerDisplay.dir/home/masonmenser/Embedded-Systems/pico-sdk/lib/tinyusb/src/common/tusb_fifo.c.o
                0x1000814c                tu_fifo_clear
 .text.tu_fifo_set_overwritable
                0x1000818c       0x48 CMakeFiles/AccelerometerDisplay.dir/home/masonmenser/Embedded-Systems/pico-sdk/lib/tinyusb/src/common/tusb_fifo.c.o
                0x1000818c                tu_fifo_set_overwritable
 .text.spi_init
                0x100081d4      0x13c CMakeFiles/AccelerometerDisplay.dir/home/masonmenser/Embedded-Systems/pico-sdk/src/rp2_common/hardware_spi/spi.c.o
                0x100081d4                spi_init
 .text.i2c_read_blocking_internal.constprop.0
                0x10008310       0x98 CMakeFiles/AccelerometerDisplay.dir/home/masonmenser/Embedded-Systems/pico-sdk/src/rp2_common/hardware_i2c/i2c.c.o
 .text.i2c_write_blocking_internal.constprop.0
                0x100083a8       0xf8 CMakeFiles/AccelerometerDisplay.dir/home/masonmenser/Embedded-Systems/pico-sdk/src/rp2_common/hardware_i2c/i2c.c.o
 .text.i2c_set_baudrate
                0x100084a0       0xc0 CMakeFiles/AccelerometerDisplay.dir/home/masonmenser/Embedded-Systems/pico-sdk/src/rp2_common/hardware_i2c/i2c.c.o
                0x100084a0                i2c_set_baudrate
 .text.i2c_init
                0x10008560       0x50 CMakeFiles/AccelerometerDisplay.dir/home/masonmenser/Embedded-Systems/pico-sdk/src/rp2_common/hardware_i2c/i2c.c.o
                0x10008560                i2c_init
 .text.i2c_write_blocking
                0x100085b0       0x14 CMakeFiles/AccelerometerDisplay.dir/home/masonmenser/Embedded-Systems/pico-sdk/src/rp2_common/hardware_i2c/i2c.c.o
                0x100085b0                i2c_write_blocking
 .text.i2c_read_blocking
                0x100085c4       0x14 CMakeFiles/AccelerometerDisplay.dir/home/masonmenser/Embedded-Systems/pico-sdk/src/rp2_common/hardware_i2c/i2c.c.o
                0x100085c4                i2c_read_blocking
 .text.lf_time_add
                0x100085d8       0x90 core/libreactor-c.a(tag.c.o)
                0x100085d8                lf_time_add
 .text.lf_tag_compare
                0x10008668       0x3c core/libreactor-c.a(tag.c.o)
                0x10008668                lf_tag_compare
 .text.lf_delay_tag
                0x100086a4       0xa8 core/libreactor-c.a(tag.c.o)
                0x100086a4                lf_delay_tag
 .text.lf_time_logical
                0x1000874c        0x8 core/libreactor-c.a(tag.c.o)
                0x1000874c                lf_time_logical
 .text.lf_time_logical_elapsed
                0x10008754       0x14 core/libreactor-c.a(tag.c.o)
                0x10008754                lf_time_logical_elapsed
 .text.lf_time_physical
                0x10008768       0x14 core/libreactor-c.a(tag.c.o)
                0x10008768                lf_time_physical
 .text.lf_time_physical_elapsed
                0x1000877c       0x20 core/libreactor-c.a(tag.c.o)
                0x1000877c                lf_time_physical_elapsed
 .text.lf_comma_separated_time
                0x1000879c      0x288 core/libreactor-c.a(tag.c.o)
                0x1000879c                lf_comma_separated_time
 .text.lf_clock_gettime
                0x10008a24       0x80 core/libreactor-c.a(clock.c.o)
                0x10008a24                lf_clock_gettime
 .text.lf_clock_interruptable_sleep_until_locked
                0x10008aa4        0x8 core/libreactor-c.a(clock.c.o)
                0x10008aa4                lf_clock_interruptable_sleep_until_locked
 .text.lf_allocate
                0x10008aac       0x3c core/libreactor-c.a(reactor_common.c.o)
                0x10008aac                lf_allocate
 .text.lf_new_reactor
                0x10008ae8       0x40 core/libreactor-c.a(reactor_common.c.o)
                0x10008ae8                lf_new_reactor
 .text.lf_set_stop_tag
                0x10008b28       0x3c core/libreactor-c.a(reactor_common.c.o)
                0x10008b28                lf_set_stop_tag
 .text._lf_start_time_step
                0x10008b64       0x70 core/libreactor-c.a(reactor_common.c.o)
                0x10008b64                _lf_start_time_step
 .text.lf_is_tag_after_stop_tag
                0x10008bd4       0x30 core/libreactor-c.a(reactor_common.c.o)
                0x10008bd4                lf_is_tag_after_stop_tag
 .text._lf_pop_events
                0x10008c04      0x10c core/libreactor-c.a(reactor_common.c.o)
                0x10008c04                _lf_pop_events
 .text.lf_get_new_event
                0x10008d10       0x28 core/libreactor-c.a(reactor_common.c.o)
                0x10008d10                lf_get_new_event
 .text._lf_initialize_timer
                0x10008d38       0xc8 core/libreactor-c.a(reactor_common.c.o)
                0x10008d38                _lf_initialize_timer
 .text._lf_initialize_timers
                0x10008e00       0x80 core/libreactor-c.a(reactor_common.c.o)
                0x10008e00                _lf_initialize_timers
 .text._lf_trigger_startup_reactions
                0x10008e80       0x40 core/libreactor-c.a(reactor_common.c.o)
                0x10008e80                _lf_trigger_startup_reactions
 .text._lf_trigger_shutdown_reactions
                0x10008ec0       0x40 core/libreactor-c.a(reactor_common.c.o)
                0x10008ec0                _lf_trigger_shutdown_reactions
 .text.lf_recycle_event
                0x10008f00       0x1c core/libreactor-c.a(reactor_common.c.o)
                0x10008f00                lf_recycle_event
 .text.lf_replace_token
                0x10008f1c       0x14 core/libreactor-c.a(reactor_common.c.o)
                0x10008f1c                lf_replace_token
 .text._lf_advance_tag
                0x10008f30       0x70 core/libreactor-c.a(reactor_common.c.o)
                0x10008f30                _lf_advance_tag
 .text._lf_invoke_reaction
                0x10008fa0       0x14 core/libreactor-c.a(reactor_common.c.o)
                0x10008fa0                _lf_invoke_reaction
 .text.schedule_output_reactions
                0x10008fb4      0x148 core/libreactor-c.a(reactor_common.c.o)
                0x10008fb4                schedule_output_reactions
 .text.usage    0x100090fc       0xb0 core/libreactor-c.a(reactor_common.c.o)
                0x100090fc                usage
 .text.process_args
                0x100091ac      0x404 core/libreactor-c.a(reactor_common.c.o)
                0x100091ac                process_args
 .text.initialize_global
                0x100095b0        0x8 core/libreactor-c.a(reactor_common.c.o)
                0x100095b0                initialize_global
 .text.termination
                0x100095b8      0x290 core/libreactor-c.a(reactor_common.c.o)
                0x100095b8                termination
 .text.lf_combine_deadline_and_level
                0x10009848       0x28 core/libreactor-c.a(reactor_common.c.o)
                0x10009848                lf_combine_deadline_and_level
 .text._lf_free_token.part.0
                0x10009870       0x84 core/libreactor-c.a(lf_token.c.o)
 .text._lf_new_token
                0x100098f4       0x80 core/libreactor-c.a(lf_token.c.o)
                0x100098f4                _lf_new_token
 .text._lf_initialize_token_with_value
                0x10009974       0x58 core/libreactor-c.a(lf_token.c.o)
                0x10009974                _lf_initialize_token_with_value
 .text._lf_free_all_tokens
                0x100099cc       0xfc core/libreactor-c.a(lf_token.c.o)
                0x100099cc                _lf_free_all_tokens
 .text._lf_replace_template_token
                0x10009ac8       0x44 core/libreactor-c.a(lf_token.c.o)
                0x10009ac8                _lf_replace_template_token
 .text._lf_done_using
                0x10009b0c       0x30 core/libreactor-c.a(lf_token.c.o)
                0x10009b0c                _lf_done_using
 .text._lf_free_token_copies
                0x10009b3c       0x44 core/libreactor-c.a(lf_token.c.o)
                0x10009b3c                _lf_free_token_copies
 .text.event_matches
                0x10009b80        0xc core/libreactor-c.a(environment.c.o)
 .text.print_event
                0x10009b8c        0x4 core/libreactor-c.a(environment.c.o)
 .text.environment_free
                0x10009b90       0x64 core/libreactor-c.a(environment.c.o)
                0x10009b90                environment_free
 .text.environment_init_tags
                0x10009bf4       0x40 core/libreactor-c.a(environment.c.o)
                0x10009bf4                environment_init_tags
 .text.environment_init
                0x10009c34      0x150 core/libreactor-c.a(environment.c.o)
                0x10009c34                environment_init
 .text.lf_set_present
                0x10009d84       0x54 core/libreactor-c.a(reactor.c.o)
                0x10009d84                lf_set_present
 .text._lf_trigger_reaction
                0x10009dd8       0x28 core/libreactor-c.a(reactor.c.o)
                0x10009dd8                _lf_trigger_reaction
 .text._lf_do_step
                0x10009e00       0xac core/libreactor-c.a(reactor.c.o)
                0x10009e00                _lf_do_step
 .text.next     0x10009eac      0x120 core/libreactor-c.a(reactor.c.o)
                0x10009eac                next
 .text.lf_reactor_c_main
                0x10009fcc       0xe8 core/libreactor-c.a(reactor.c.o)
                0x10009fcc                lf_reactor_c_main
 .text.lf_critical_section_enter
                0x1000a0b4        0x8 core/libreactor-c.a(reactor.c.o)
                0x1000a0b4                lf_critical_section_enter
 .text.lf_critical_section_exit
                0x1000a0bc        0x8 core/libreactor-c.a(reactor.c.o)
                0x1000a0bc                lf_critical_section_exit
 .text.vector_at
                0x1000a0c4       0x4c core/libreactor-c.a(vector.c.o)
                0x1000a0c4                vector_at
 .text.vector_size
                0x1000a110        0x8 core/libreactor-c.a(vector.c.o)
                0x1000a110                vector_size
 .text.percolate_down
                0x1000a118       0xe0 core/libreactor-c.a(pqueue_base.c.o)
 .text.bubble_up.isra.0
                0x1000a1f8       0xa0 core/libreactor-c.a(pqueue_base.c.o)
 .text.find_equal_same_priority
                0x1000a298       0xc0 core/libreactor-c.a(pqueue_base.c.o)
                0x1000a298                find_equal_same_priority
 .text.pqueue_init
                0x1000a358       0x54 core/libreactor-c.a(pqueue_base.c.o)
                0x1000a358                pqueue_init
 .text.pqueue_free
                0x1000a3ac       0x14 core/libreactor-c.a(pqueue_base.c.o)
                0x1000a3ac                pqueue_free
 .text.pqueue_size
                0x1000a3c0       0x10 core/libreactor-c.a(pqueue_base.c.o)
                0x1000a3c0                pqueue_size
 .text.pqueue_find_equal_same_priority
                0x1000a3d0        0xc core/libreactor-c.a(pqueue_base.c.o)
                0x1000a3d0                pqueue_find_equal_same_priority
 .text.pqueue_insert
                0x1000a3dc       0x40 core/libreactor-c.a(pqueue_base.c.o)
                0x1000a3dc                pqueue_insert
 .text.pqueue_remove
                0x1000a41c       0x6c core/libreactor-c.a(pqueue_base.c.o)
                0x1000a41c                pqueue_remove
 .text.pqueue_pop
                0x1000a488       0x28 core/libreactor-c.a(pqueue_base.c.o)
                0x1000a488                pqueue_pop
 .text.pqueue_peek
                0x1000a4b0       0x14 core/libreactor-c.a(pqueue_base.c.o)
                0x1000a4b0                pqueue_peek
 .text.pqueue_tag_get_priority
                0x1000a4c4        0x4 core/libreactor-c.a(pqueue_tag.c.o)
 .text.pqueue_tag_get_position
                0x1000a4c8        0x4 core/libreactor-c.a(pqueue_tag.c.o)
 .text.pqueue_tag_set_position
                0x1000a4cc        0x4 core/libreactor-c.a(pqueue_tag.c.o)
 .text.pqueue_tag_compare
                0x1000a4d0       0x1c core/libreactor-c.a(pqueue_tag.c.o)
                0x1000a4d0                pqueue_tag_compare
 .text.pqueue_tag_init_customize
                0x1000a4ec       0x28 core/libreactor-c.a(pqueue_tag.c.o)
                0x1000a4ec                pqueue_tag_init_customize
 .text.pqueue_tag_free
                0x1000a514       0x38 core/libreactor-c.a(pqueue_tag.c.o)
                0x1000a514                pqueue_tag_free
 .text.pqueue_tag_size
                0x1000a54c        0x8 core/libreactor-c.a(pqueue_tag.c.o)
                0x1000a54c                pqueue_tag_size
 .text.pqueue_tag_insert
                0x1000a554        0x8 core/libreactor-c.a(pqueue_tag.c.o)
                0x1000a554                pqueue_tag_insert
 .text.pqueue_tag_find_equal_same_tag
                0x1000a55c        0x8 core/libreactor-c.a(pqueue_tag.c.o)
                0x1000a55c                pqueue_tag_find_equal_same_tag
 .text.pqueue_tag_peek
                0x1000a564        0x8 core/libreactor-c.a(pqueue_tag.c.o)
                0x1000a564                pqueue_tag_peek
 .text.pqueue_tag_pop
                0x1000a56c        0x8 core/libreactor-c.a(pqueue_tag.c.o)
                0x1000a56c                pqueue_tag_pop
 .text.pqueue_tag_remove
                0x1000a574        0x8 core/libreactor-c.a(pqueue_tag.c.o)
                0x1000a574                pqueue_tag_remove
 .text.in_reverse_order
                0x1000a57c       0x2c core/libreactor-c.a(pqueue.c.o)
                0x1000a57c                in_reverse_order
 .text.in_no_particular_order
                0x1000a5a8        0x4 core/libreactor-c.a(pqueue.c.o)
                0x1000a5a8                in_no_particular_order
 .text.reaction_matches
                0x1000a5ac        0x8 core/libreactor-c.a(pqueue.c.o)
                0x1000a5ac                reaction_matches
 .text.get_reaction_index
                0x1000a5b4        0x8 core/libreactor-c.a(pqueue.c.o)
                0x1000a5b4                get_reaction_index
 .text.get_reaction_position
                0x1000a5bc        0x4 core/libreactor-c.a(pqueue.c.o)
                0x1000a5bc                get_reaction_position
 .text.set_reaction_position
                0x1000a5c0        0x4 core/libreactor-c.a(pqueue.c.o)
                0x1000a5c0                set_reaction_position
 .text.print_reaction
                0x1000a5c4        0x4 core/libreactor-c.a(pqueue.c.o)
                0x1000a5c4                print_reaction
 .text._lf_message_print
                0x1000a5c8      0x104 core/libreactor-c.a(util.c.o)
                0x1000a5c8                _lf_message_print
 .text.lf_print_error
                0x1000a6cc       0xe8 core/libreactor-c.a(util.c.o)
                0x1000a6cc                lf_print_error
 .text.lf_print_warning
                0x1000a7b4       0xe8 core/libreactor-c.a(util.c.o)
                0x1000a7b4                lf_print_warning
 .text.lf_print_error_and_exit
                0x1000a89c       0x2c core/libreactor-c.a(util.c.o)
                0x1000a89c                lf_print_error_and_exit
 .text.hashset_num_items
                0x1000a8c8        0x4 core/libreactor-c.a(hashset.c.o)
                0x1000a8c8                hashset_num_items
 .text.hashset_destroy
                0x1000a8cc       0x18 core/libreactor-c.a(hashset.c.o)
                0x1000a8cc                hashset_destroy
 .text.hashset_create
                0x1000a8e4       0x40 core/libreactor-c.a(hashset.c.o)
                0x1000a8e4                hashset_create
 .text.hashset_add
                0x1000a924      0x180 core/libreactor-c.a(hashset.c.o)
                0x1000a924                hashset_add
 .text.hashset_remove
                0x1000aaa4       0x50 core/libreactor-c.a(hashset.c.o)
                0x1000aaa4                hashset_remove
 .text.hashset_iterator
                0x1000aaf4       0x1c core/libreactor-c.a(hashset_itr.c.o)
                0x1000aaf4                hashset_iterator
 .text.hashset_iterator_next
                0x1000ab10       0x38 core/libreactor-c.a(hashset_itr.c.o)
                0x1000ab10                hashset_iterator_next
 .text.hashset_iterator_value
                0x1000ab48        0xc core/libreactor-c.a(hashset_itr.c.o)
                0x1000ab48                hashset_iterator_value
 .text.color32_0
                0x1000ab54        0x8 robot/librobot.a(display.c.o)
                0x1000ab54                color32_0
 .text.color32_1
                0x1000ab5c        0x8 robot/librobot.a(display.c.o)
                0x1000ab5c                color32_1
 .text.color32_0_on_1
                0x1000ab64        0x8 robot/librobot.a(display.c.o)
                0x1000ab64                color32_0_on_1
 .text.color32_1_on_0
                0x1000ab6c        0x4 robot/librobot.a(display.c.o)
                0x1000ab6c                color32_1_on_0
 .text.color32_xor
                0x1000ab70        0x8 robot/librobot.a(display.c.o)
                0x1000ab70                color32_xor
 .text.color32_nop
                0x1000ab78        0x4 robot/librobot.a(display.c.o)
                0x1000ab78                color32_nop
 .text.color8_0
                0x1000ab7c        0x8 robot/librobot.a(display.c.o)
                0x1000ab7c                color8_0
 .text.color8_1
                0x1000ab84        0x8 robot/librobot.a(display.c.o)
                0x1000ab84                color8_1
 .text.color8_0_on_1
                0x1000ab8c        0x8 robot/librobot.a(display.c.o)
                0x1000ab8c                color8_0_on_1
 .text.color8_1_on_0
                0x1000ab94        0x4 robot/librobot.a(display.c.o)
                0x1000ab94                color8_1_on_0
 .text.color8_xor
                0x1000ab98        0x8 robot/librobot.a(display.c.o)
                0x1000ab98                color8_xor
 .text.color8_nop
                0x1000aba0        0x4 robot/librobot.a(display.c.o)
                0x1000aba0                color8_nop
 .text.display_set_font
                0x1000aba4        0xc robot/librobot.a(display.c.o)
                0x1000aba4                display_set_font
 .text.display_init
                0x1000abb0       0x18 robot/librobot.a(display.c.o)
                0x1000abb0                display_init
 .text.display_fill
                0x1000abc8       0x2c robot/librobot.a(display.c.o)
                0x1000abc8                display_fill
 .text.display_show_partial
                0x1000abf4       0xc0 robot/librobot.a(display.c.o)
                0x1000abf4                display_show_partial
 .text.display_text
                0x1000acb4      0x4ac robot/librobot.a(display.c.o)
                0x1000acb4                display_text
 .text.display_fill_rect
                0x1000b160      0x150 robot/librobot.a(display.c.o)
                0x1000b160                display_fill_rect
 .text.display_show
                0x1000b2b0       0x28 robot/librobot.a(display.c.o)
                0x1000b2b0                display_show
 .text._imu_reset
                0x1000b2d8       0xb4 robot/librobot.a(imu.c.o)
                0x1000b2d8                _imu_reset
 .text._imu_set
                0x1000b38c       0x7c robot/librobot.a(imu.c.o)
                0x1000b38c                _imu_set
 .text.imu_init
                0x1000b408       0x94 robot/librobot.a(imu.c.o)
                0x1000b408                imu_init
 .text.imu_read_acc
                0x1000b49c       0x94 robot/librobot.a(imu.c.o)
                0x1000b49c                imu_read_acc
 .text.sh1106_transfer_start
                0x1000b530       0x40 robot/librobot.a(sh1106.c.o)
                0x1000b530                sh1106_transfer_start
 .text.sh1106_transfer_end
                0x1000b570       0x1c robot/librobot.a(sh1106.c.o)
                0x1000b570                sh1106_transfer_end
 .text.sh1106_write_page
                0x1000b58c       0x54 robot/librobot.a(sh1106.c.o)
                0x1000b58c                sh1106_write_page
 .text.sh1106_clear
                0x1000b5e0       0x9c robot/librobot.a(sh1106.c.o)
                0x1000b5e0                sh1106_clear
 .text.sh1106_init
                0x1000b67c       0xd0 robot/librobot.a(sh1106.c.o)
                0x1000b67c                sh1106_init
 .text._lf_initialize_clock
                0x1000b74c       0x20 core/liblf-low-level-platform-impl.a(lf_rp2040_support.c.o)
                0x1000b74c                _lf_initialize_clock
 .text._lf_clock_gettime
                0x1000b76c       0x24 core/liblf-low-level-platform-impl.a(lf_rp2040_support.c.o)
                0x1000b76c                _lf_clock_gettime
 .text._lf_interruptable_sleep_until_locked
                0x1000b790       0x48 core/liblf-low-level-platform-impl.a(lf_rp2040_support.c.o)
                0x1000b790                _lf_interruptable_sleep_until_locked
 .text.lf_disable_interrupts_nested
                0x1000b7d8       0x3c core/liblf-low-level-platform-impl.a(lf_rp2040_support.c.o)
                0x1000b7d8                lf_disable_interrupts_nested
 .text.lf_enable_interrupts_nested
                0x1000b814       0x38 core/liblf-low-level-platform-impl.a(lf_rp2040_support.c.o)
                0x1000b814                lf_enable_interrupts_nested
 .text.lf_atomic_fetch_add
                0x1000b84c       0x18 core/liblf-low-level-platform-impl.a(lf_atomic_irq.c.o)
                0x1000b84c                lf_atomic_fetch_add
 .text.lf_atomic_fetch_add64
                0x1000b864       0x2c core/liblf-low-level-platform-impl.a(lf_atomic_irq.c.o)
                0x1000b864                lf_atomic_fetch_add64
 .text.lf_atomic_bool_compare_and_swap64
                0x1000b890       0x30 core/liblf-low-level-platform-impl.a(lf_atomic_irq.c.o)
                0x1000b890                lf_atomic_bool_compare_and_swap64
 .text.atexit   0x1000b8c0       0x10 /nix/store/c353gqsmf8mvg72vivm9fb2dv210wnkm-gcc-arm-embedded-14.2.rel1/bin/../lib/gcc/arm-none-eabi/14.2.1/../../../../arm-none-eabi/lib/thumb/v6-m/nofp/libg.a(libc_a-atexit.o)
                0x1000b8c0                atexit
 .text.atoi     0x1000b8d0        0xc /nix/store/c353gqsmf8mvg72vivm9fb2dv210wnkm-gcc-arm-embedded-14.2.rel1/bin/../lib/gcc/arm-none-eabi/14.2.1/../../../../arm-none-eabi/lib/thumb/v6-m/nofp/libg.a(libc_a-atoi.o)
                0x1000b8d0                atoi
 .text.calloc   0x1000b8dc       0x18 /nix/store/c353gqsmf8mvg72vivm9fb2dv210wnkm-gcc-arm-embedded-14.2.rel1/bin/../lib/gcc/arm-none-eabi/14.2.1/../../../../arm-none-eabi/lib/thumb/v6-m/nofp/libg.a(libc_a-calloc.o)
                0x1000b8dc                calloc
 .text._calloc_r
                0x1000b8f4       0xa8 /nix/store/c353gqsmf8mvg72vivm9fb2dv210wnkm-gcc-arm-embedded-14.2.rel1/bin/../lib/gcc/arm-none-eabi/14.2.1/../../../../arm-none-eabi/lib/thumb/v6-m/nofp/libg.a(libc_a-callocr.o)
                0x1000b8f4                _calloc_r
 .text.malloc   0x1000b99c       0x14 /nix/store/c353gqsmf8mvg72vivm9fb2dv210wnkm-gcc-arm-embedded-14.2.rel1/bin/../lib/gcc/arm-none-eabi/14.2.1/../../../../arm-none-eabi/lib/thumb/v6-m/nofp/libg.a(libc_a-malloc.o)
                0x1000b99c                malloc
 .text.free     0x1000b9b0       0x14 /nix/store/c353gqsmf8mvg72vivm9fb2dv210wnkm-gcc-arm-embedded-14.2.rel1/bin/../lib/gcc/arm-none-eabi/14.2.1/../../../../arm-none-eabi/lib/thumb/v6-m/nofp/libg.a(libc_a-malloc.o)
                0x1000b9b0                free
 .text._malloc_r
                0x1000b9c4      0x5cc /nix/store/c353gqsmf8mvg72vivm9fb2dv210wnkm-gcc-arm-embedded-14.2.rel1/bin/../lib/gcc/arm-none-eabi/14.2.1/../../../../arm-none-eabi/lib/thumb/v6-m/nofp/libg.a(libc_a-mallocr.o)
                0x1000b9c4                _malloc_r
 .text.__malloc_lock
                0x1000bf90       0x10 /nix/store/c353gqsmf8mvg72vivm9fb2dv210wnkm-gcc-arm-embedded-14.2.rel1/bin/../lib/gcc/arm-none-eabi/14.2.1/../../../../arm-none-eabi/lib/thumb/v6-m/nofp/libg.a(libc_a-mlock.o)
                0x1000bf90                __malloc_lock
 .text.__malloc_unlock
                0x1000bfa0       0x10 /nix/store/c353gqsmf8mvg72vivm9fb2dv210wnkm-gcc-arm-embedded-14.2.rel1/bin/../lib/gcc/arm-none-eabi/14.2.1/../../../../arm-none-eabi/lib/thumb/v6-m/nofp/libg.a(libc_a-mlock.o)
                0x1000bfa0                __malloc_unlock
 .text.realloc  0x1000bfb0       0x18 /nix/store/c353gqsmf8mvg72vivm9fb2dv210wnkm-gcc-arm-embedded-14.2.rel1/bin/../lib/gcc/arm-none-eabi/14.2.1/../../../../arm-none-eabi/lib/thumb/v6-m/nofp/libg.a(libc_a-realloc.o)
                0x1000bfb0                realloc
 .text._realloc_r
                0x1000bfc8      0x350 /nix/store/c353gqsmf8mvg72vivm9fb2dv210wnkm-gcc-arm-embedded-14.2.rel1/bin/../lib/gcc/arm-none-eabi/14.2.1/../../../../arm-none-eabi/lib/thumb/v6-m/nofp/libg.a(libc_a-reallocr.o)
                0x1000bfc8                _realloc_r
 .text._strtol_l.isra.0
                0x1000c318      0x158 /nix/store/c353gqsmf8mvg72vivm9fb2dv210wnkm-gcc-arm-embedded-14.2.rel1/bin/../lib/gcc/arm-none-eabi/14.2.1/../../../../arm-none-eabi/lib/thumb/v6-m/nofp/libg.a(libc_a-strtol.o)
 .text.strtol   0x1000c470       0x18 /nix/store/c353gqsmf8mvg72vivm9fb2dv210wnkm-gcc-arm-embedded-14.2.rel1/bin/../lib/gcc/arm-none-eabi/14.2.1/../../../../arm-none-eabi/lib/thumb/v6-m/nofp/libg.a(libc_a-strtol.o)
                0x1000c470                strtol
 .text.atoll    0x1000c488        0xc /nix/store/c353gqsmf8mvg72vivm9fb2dv210wnkm-gcc-arm-embedded-14.2.rel1/bin/../lib/gcc/arm-none-eabi/14.2.1/../../../../arm-none-eabi/lib/thumb/v6-m/nofp/libg.a(libc_a-atoll.o)
                0x1000c488                atoll
 .text._vfprintf_r
                0x1000c494     0x2554 /nix/store/c353gqsmf8mvg72vivm9fb2dv210wnkm-gcc-arm-embedded-14.2.rel1/bin/../lib/gcc/arm-none-eabi/14.2.1/../../../../arm-none-eabi/lib/thumb/v6-m/nofp/libg.a(libc_a-vfprintf.o)
                0x1000c494                _vfprintf_r
 .text.vfprintf
                0x1000e9e8       0x18 /nix/store/c353gqsmf8mvg72vivm9fb2dv210wnkm-gcc-arm-embedded-14.2.rel1/bin/../lib/gcc/arm-none-eabi/14.2.1/../../../../arm-none-eabi/lib/thumb/v6-m/nofp/libg.a(libc_a-vfprintf.o)
                0x1000e9e8                vfprintf
 .text.__sbprintf
                0x1000ea00       0x8c /nix/store/c353gqsmf8mvg72vivm9fb2dv210wnkm-gcc-arm-embedded-14.2.rel1/bin/../lib/gcc/arm-none-eabi/14.2.1/../../../../arm-none-eabi/lib/thumb/v6-m/nofp/libg.a(libc_a-vfprintf.o)